###############################################################################
#
# IAR ELF Linker V9.40.1.364/W64 for ARM                  21/Feb/2026  14:36:35
# Copyright 2007-2023 IAR Systems AB.
#
#    Output file  =
#        C:\Users\wangzuohao\Desktop\ASCº®¼Ù¼¯Ñµ\CYT4BB7_Library-master\Example\Coreboard_Demo\E01_gpio_demo-1\iar\project_config\Debug_m7_0\Exe\cyt4bb7_cm_7_0.out
#    Map file     =
#        C:\Users\wangzuohao\Desktop\ASCº®¼Ù¼¯Ñµ\CYT4BB7_Library-master\Example\Coreboard_Demo\E01_gpio_demo-1\iar\Debug_m7_0\List\cyt4bb7_cm_7_0.map
#    Command line =
#        -f
#        C:\Users\wangzuohao\Desktop\ASCº®¼Ù¼¯Ñµ\CYT4BB7_Library-master\Example\Coreboard_Demo\E01_gpio_demo-1\iar\project_config\Debug_m7_0\Exe\cyt4bb7_cm_7_0.out.rsp
#        (C:\Users\wangzuohao\Desktop\ASCº®¼Ù¼¯Ñµ\CYT4BB7_Library-master\Example\Coreboard_Demo\E01_gpio_demo-1\iar\Debug_m7_0\Obj\code_17896468042025673432.dir\AS5600.o
#        C:\Users\wangzuohao\Desktop\ASCº®¼Ù¼¯Ñµ\CYT4BB7_Library-master\Example\Coreboard_Demo\E01_gpio_demo-1\iar\Debug_m7_0\Obj\user_8514941877209965082.dir\cm7_0_isr.o
#        C:\Users\wangzuohao\Desktop\ASCº®¼Ù¼¯Ñµ\CYT4BB7_Library-master\Example\Coreboard_Demo\E01_gpio_demo-1\iar\Debug_m7_0\Obj\adc_11722776235721520015.dir\cy_adc.o
#        C:\Users\wangzuohao\Desktop\ASCº®¼Ù¼¯Ñµ\CYT4BB7_Library-master\Example\Coreboard_Demo\E01_gpio_demo-1\iar\Debug_m7_0\Obj\button_4990804375159372270.dir\cy_button.o
#        C:\Users\wangzuohao\Desktop\ASCº®¼Ù¼¯Ñµ\CYT4BB7_Library-master\Example\Coreboard_Demo\E01_gpio_demo-1\iar\Debug_m7_0\Obj\canfd_1800690984773873875.dir\cy_canfd.o
#        C:\Users\wangzuohao\Desktop\ASCº®¼Ù¼¯Ñµ\CYT4BB7_Library-master\Example\Coreboard_Demo\E01_gpio_demo-1\iar\Debug_m7_0\Obj\cpu_15938736945165268644.dir\cy_cpu.o
#        C:\Users\wangzuohao\Desktop\ASCº®¼Ù¼¯Ñµ\CYT4BB7_Library-master\Example\Coreboard_Demo\E01_gpio_demo-1\iar\Debug_m7_0\Obj\crypto_1190170608956581615.dir\cy_crypto_config.o
#        C:\Users\wangzuohao\Desktop\ASCº®¼Ù¼¯Ñµ\CYT4BB7_Library-master\Example\Coreboard_Demo\E01_gpio_demo-1\iar\Debug_m7_0\Obj\eth_phy_18133017486186456677.dir\cy_dp83867.o
#        C:\Users\wangzuohao\Desktop\ASCº®¼Ù¼¯Ñµ\CYT4BB7_Library-master\Example\Coreboard_Demo\E01_gpio_demo-1\iar\Debug_m7_0\Obj\ethernet_6029839089178797009.dir\cy_ethif.o
#        C:\Users\wangzuohao\Desktop\ASCº®¼Ù¼¯Ñµ\CYT4BB7_Library-master\Example\Coreboard_Demo\E01_gpio_demo-1\iar\Debug_m7_0\Obj\evtgen_3404189088603873129.dir\cy_evtgen.o
#        C:\Users\wangzuohao\Desktop\ASCº®¼Ù¼¯Ñµ\CYT4BB7_Library-master\Example\Coreboard_Demo\E01_gpio_demo-1\iar\Debug_m7_0\Obj\flash_8529866181315662935.dir\cy_flash.o
#        C:\Users\wangzuohao\Desktop\ASCº®¼Ù¼¯Ñµ\CYT4BB7_Library-master\Example\Coreboard_Demo\E01_gpio_demo-1\iar\Debug_m7_0\Obj\gpio_3999404635324069351.dir\cy_gpio.o
#        C:\Users\wangzuohao\Desktop\ASCº®¼Ù¼¯Ñµ\CYT4BB7_Library-master\Example\Coreboard_Demo\E01_gpio_demo-1\iar\Debug_m7_0\Obj\audioss_1346650047966882938.dir\cy_i2s.o
#        C:\Users\wangzuohao\Desktop\ASCº®¼Ù¼¯Ñµ\CYT4BB7_Library-master\Example\Coreboard_Demo\E01_gpio_demo-1\iar\Debug_m7_0\Obj\rev_b_6162237342861132223.dir\cy_interrupt_map.o
#        C:\Users\wangzuohao\Desktop\ASCº®¼Ù¼¯Ñµ\CYT4BB7_Library-master\Example\Coreboard_Demo\E01_gpio_demo-1\iar\Debug_m7_0\Obj\ipc_10145506163450686023.dir\cy_ipc_drv.o
#        C:\Users\wangzuohao\Desktop\ASCº®¼Ù¼¯Ñµ\CYT4BB7_Library-master\Example\Coreboard_Demo\E01_gpio_demo-1\iar\Debug_m7_0\Obj\ipc_10145506163450686023.dir\cy_ipc_pipe.o
#        C:\Users\wangzuohao\Desktop\ASCº®¼Ù¼¯Ñµ\CYT4BB7_Library-master\Example\Coreboard_Demo\E01_gpio_demo-1\iar\Debug_m7_0\Obj\ipc_10145506163450686023.dir\cy_ipc_sema.o
#        C:\Users\wangzuohao\Desktop\ASCº®¼Ù¼¯Ñµ\CYT4BB7_Library-master\Example\Coreboard_Demo\E01_gpio_demo-1\iar\Debug_m7_0\Obj\lin_18429031207028094880.dir\cy_lin.o
#        C:\Users\wangzuohao\Desktop\ASCº®¼Ù¼¯Ñµ\CYT4BB7_Library-master\Example\Coreboard_Demo\E01_gpio_demo-1\iar\Debug_m7_0\Obj\lvd_6353935867039560245.dir\cy_lvd.o
#        C:\Users\wangzuohao\Desktop\ASCº®¼Ù¼¯Ñµ\CYT4BB7_Library-master\Example\Coreboard_Demo\E01_gpio_demo-1\iar\Debug_m7_0\Obj\mcwdt_4052485907822033969.dir\cy_mcwdt.o
#        C:\Users\wangzuohao\Desktop\ASCº®¼Ù¼¯Ñµ\CYT4BB7_Library-master\Example\Coreboard_Demo\E01_gpio_demo-1\iar\Debug_m7_0\Obj\dma_12106025507578611576.dir\cy_mdma.o
#        C:\Users\wangzuohao\Desktop\ASCº®¼Ù¼¯Ñµ\CYT4BB7_Library-master\Example\Coreboard_Demo\E01_gpio_demo-1\iar\Debug_m7_0\Obj\mpu_5663187252346826382.dir\cy_mpu.o
#        C:\Users\wangzuohao\Desktop\ASCº®¼Ù¼¯Ñµ\CYT4BB7_Library-master\Example\Coreboard_Demo\E01_gpio_demo-1\iar\Debug_m7_0\Obj\flash_864493325053435817.dir\cy_mw_flash.o
#        C:\Users\wangzuohao\Desktop\ASCº®¼Ù¼¯Ñµ\CYT4BB7_Library-master\Example\Coreboard_Demo\E01_gpio_demo-1\iar\Debug_m7_0\Obj\dma_12106025507578611576.dir\cy_pdma.o
#        C:\Users\wangzuohao\Desktop\ASCº®¼Ù¼¯Ñµ\CYT4BB7_Library-master\Example\Coreboard_Demo\E01_gpio_demo-1\iar\Debug_m7_0\Obj\power_14453085144426420577.dir\cy_power.o
#        C:\Users\wangzuohao\Desktop\ASCº®¼Ù¼¯Ñµ\CYT4BB7_Library-master\Example\Coreboard_Demo\E01_gpio_demo-1\iar\Debug_m7_0\Obj\prot_10722960861768657883.dir\cy_prot.o
#        C:\Users\wangzuohao\Desktop\ASCº®¼Ù¼¯Ñµ\CYT4BB7_Library-master\Example\Coreboard_Demo\E01_gpio_demo-1\iar\Debug_m7_0\Obj\scb_15490842639181808494.dir\cy_scb_common.o
#        C:\Users\wangzuohao\Desktop\ASCº®¼Ù¼¯Ñµ\CYT4BB7_Library-master\Example\Coreboard_Demo\E01_gpio_demo-1\iar\Debug_m7_0\Obj\scb_15490842639181808494.dir\cy_scb_ezi2c.o
#        C:\Users\wangzuohao\Desktop\ASCº®¼Ù¼¯Ñµ\CYT4BB7_Library-master\Example\Coreboard_Demo\E01_gpio_demo-1\iar\Debug_m7_0\Obj\scb_15490842639181808494.dir\cy_scb_i2c.o
#        C:\Users\wangzuohao\Desktop\ASCº®¼Ù¼¯Ñµ\CYT4BB7_Library-master\Example\Coreboard_Demo\E01_gpio_demo-1\iar\Debug_m7_0\Obj\scb_15490842639181808494.dir\cy_scb_spi.o
#        C:\Users\wangzuohao\Desktop\ASCº®¼Ù¼¯Ñµ\CYT4BB7_Library-master\Example\Coreboard_Demo\E01_gpio_demo-1\iar\Debug_m7_0\Obj\scb_15490842639181808494.dir\cy_scb_uart.o
#        C:\Users\wangzuohao\Desktop\ASCº®¼Ù¼¯Ñµ\CYT4BB7_Library-master\Example\Coreboard_Demo\E01_gpio_demo-1\iar\Debug_m7_0\Obj\sd_host_2982766354293506895.dir\cy_sd_host.o
#        C:\Users\wangzuohao\Desktop\ASCº®¼Ù¼¯Ñµ\CYT4BB7_Library-master\Example\Coreboard_Demo\E01_gpio_demo-1\iar\Debug_m7_0\Obj\semihosting_143864889731838620.dir\cy_semihosting.o
#        C:\Users\wangzuohao\Desktop\ASCº®¼Ù¼¯Ñµ\CYT4BB7_Library-master\Example\Coreboard_Demo\E01_gpio_demo-1\iar\Debug_m7_0\Obj\smartio_5451710003740070188.dir\cy_smartio.o
#        C:\Users\wangzuohao\Desktop\ASCº®¼Ù¼¯Ñµ\CYT4BB7_Library-master\Example\Coreboard_Demo\E01_gpio_demo-1\iar\Debug_m7_0\Obj\smif_427648126384146252.dir\cy_smif.o
#        C:\Users\wangzuohao\Desktop\ASCº®¼Ù¼¯Ñµ\CYT4BB7_Library-master\Example\Coreboard_Demo\E01_gpio_demo-1\iar\Debug_m7_0\Obj\smif_mem_6470536964353725183.dir\cy_smif_device_common.o
#        C:\Users\wangzuohao\Desktop\ASCº®¼Ù¼¯Ñµ\CYT4BB7_Library-master\Example\Coreboard_Demo\E01_gpio_demo-1\iar\Debug_m7_0\Obj\smif_mem_6470536964353725183.dir\cy_smif_hb_flash.o
#        C:\Users\wangzuohao\Desktop\ASCº®¼Ù¼¯Ñµ\CYT4BB7_Library-master\Example\Coreboard_Demo\E01_gpio_demo-1\iar\Debug_m7_0\Obj\smif_427648126384146252.dir\cy_smif_memslot.o
#        C:\Users\wangzuohao\Desktop\ASCº®¼Ù¼¯Ñµ\CYT4BB7_Library-master\Example\Coreboard_Demo\E01_gpio_demo-1\iar\Debug_m7_0\Obj\smif_mem_6470536964353725183.dir\cy_smif_s25fl.o
#        C:\Users\wangzuohao\Desktop\ASCº®¼Ù¼¯Ñµ\CYT4BB7_Library-master\Example\Coreboard_Demo\E01_gpio_demo-1\iar\Debug_m7_0\Obj\smif_mem_6470536964353725183.dir\cy_smif_s25fs.o
#        C:\Users\wangzuohao\Desktop\ASCº®¼Ù¼¯Ñµ\CYT4BB7_Library-master\Example\Coreboard_Demo\E01_gpio_demo-1\iar\Debug_m7_0\Obj\smif_mem_6470536964353725183.dir\cy_smif_semp.o
#        C:\Users\wangzuohao\Desktop\ASCº®¼Ù¼¯Ñµ\CYT4BB7_Library-master\Example\Coreboard_Demo\E01_gpio_demo-1\iar\Debug_m7_0\Obj\smif_427648126384146252.dir\cy_smif_ver_specific.o
#        C:\Users\wangzuohao\Desktop\ASCº®¼Ù¼¯Ñµ\CYT4BB7_Library-master\Example\Coreboard_Demo\E01_gpio_demo-1\iar\Debug_m7_0\Obj\srom_13018798572330080582.dir\cy_srom.o
#        C:\Users\wangzuohao\Desktop\ASCº®¼Ù¼¯Ñµ\CYT4BB7_Library-master\Example\Coreboard_Demo\E01_gpio_demo-1\iar\Debug_m7_0\Obj\sw_timer_4215635015939382130.dir\cy_sw_tmr.o
#        C:\Users\wangzuohao\Desktop\ASCº®¼Ù¼¯Ñµ\CYT4BB7_Library-master\Example\Coreboard_Demo\E01_gpio_demo-1\iar\Debug_m7_0\Obj\sysclk_16149231235676103872.dir\cy_sysclk.o
#        C:\Users\wangzuohao\Desktop\ASCº®¼Ù¼¯Ñµ\CYT4BB7_Library-master\Example\Coreboard_Demo\E01_gpio_demo-1\iar\Debug_m7_0\Obj\sysflt_12293435975120599261.dir\cy_sysflt.o
#        C:\Users\wangzuohao\Desktop\ASCº®¼Ù¼¯Ñµ\CYT4BB7_Library-master\Example\Coreboard_Demo\E01_gpio_demo-1\iar\Debug_m7_0\Obj\sysint_7435970359207984181.dir\cy_sysint.o
#        C:\Users\wangzuohao\Desktop\ASCº®¼Ù¼¯Ñµ\CYT4BB7_Library-master\Example\Coreboard_Demo\E01_gpio_demo-1\iar\Debug_m7_0\Obj\syslib_16330585751512546975.dir\cy_syslib.o
#        C:\Users\wangzuohao\Desktop\ASCº®¼Ù¼¯Ñµ\CYT4BB7_Library-master\Example\Coreboard_Demo\E01_gpio_demo-1\iar\Debug_m7_0\Obj\syslib_16330585751512546975.dir\cy_syslib_iar.o
#        C:\Users\wangzuohao\Desktop\ASCº®¼Ù¼¯Ñµ\CYT4BB7_Library-master\Example\Coreboard_Demo\E01_gpio_demo-1\iar\Debug_m7_0\Obj\syspm_10887939769544754770.dir\cy_syspm.o
#        C:\Users\wangzuohao\Desktop\ASCº®¼Ù¼¯Ñµ\CYT4BB7_Library-master\Example\Coreboard_Demo\E01_gpio_demo-1\iar\Debug_m7_0\Obj\sysreghc_17676636058511625587.dir\cy_sysreghc.o
#        C:\Users\wangzuohao\Desktop\ASCº®¼Ù¼¯Ñµ\CYT4BB7_Library-master\Example\Coreboard_Demo\E01_gpio_demo-1\iar\Debug_m7_0\Obj\sysreset_14586141425677365288.dir\cy_sysreset.o
#        C:\Users\wangzuohao\Desktop\ASCº®¼Ù¼¯Ñµ\CYT4BB7_Library-master\Example\Coreboard_Demo\E01_gpio_demo-1\iar\Debug_m7_0\Obj\sysrtc_10747768817563771611.dir\cy_sysrtc.o
#        C:\Users\wangzuohao\Desktop\ASCº®¼Ù¼¯Ñµ\CYT4BB7_Library-master\Example\Coreboard_Demo\E01_gpio_demo-1\iar\Debug_m7_0\Obj\systick_16016591671695740695.dir\cy_systick.o
#        C:\Users\wangzuohao\Desktop\ASCº®¼Ù¼¯Ñµ\CYT4BB7_Library-master\Example\Coreboard_Demo\E01_gpio_demo-1\iar\Debug_m7_0\Obj\syswdt_9118657615806274156.dir\cy_syswdt.o
#        C:\Users\wangzuohao\Desktop\ASCº®¼Ù¼¯Ñµ\CYT4BB7_Library-master\Example\Coreboard_Demo\E01_gpio_demo-1\iar\Debug_m7_0\Obj\tcpwm_422923530147891246.dir\cy_tcpwm.o
#        C:\Users\wangzuohao\Desktop\ASCº®¼Ù¼¯Ñµ\CYT4BB7_Library-master\Example\Coreboard_Demo\E01_gpio_demo-1\iar\Debug_m7_0\Obj\tcpwm_422923530147891246.dir\cy_tcpwm_counter.o
#        C:\Users\wangzuohao\Desktop\ASCº®¼Ù¼¯Ñµ\CYT4BB7_Library-master\Example\Coreboard_Demo\E01_gpio_demo-1\iar\Debug_m7_0\Obj\tcpwm_422923530147891246.dir\cy_tcpwm_pwm.o
#        C:\Users\wangzuohao\Desktop\ASCº®¼Ù¼¯Ñµ\CYT4BB7_Library-master\Example\Coreboard_Demo\E01_gpio_demo-1\iar\Debug_m7_0\Obj\tcpwm_422923530147891246.dir\cy_tcpwm_quaddec.o
#        C:\Users\wangzuohao\Desktop\ASCº®¼Ù¼¯Ñµ\CYT4BB7_Library-master\Example\Coreboard_Demo\E01_gpio_demo-1\iar\Debug_m7_0\Obj\tcpwm_422923530147891246.dir\cy_tcpwm_sr.o
#        C:\Users\wangzuohao\Desktop\ASCº®¼Ù¼¯Ñµ\CYT4BB7_Library-master\Example\Coreboard_Demo\E01_gpio_demo-1\iar\Debug_m7_0\Obj\trigmux_9729677290734583340.dir\cy_trigmux.o
#        C:\Users\wangzuohao\Desktop\ASCº®¼Ù¼¯Ñµ\CYT4BB7_Library-master\Example\Coreboard_Demo\E01_gpio_demo-1\iar\Debug_m7_0\Obj\ethernet_6029839089178797009.dir\edd.o
#        C:\Users\wangzuohao\Desktop\ASCº®¼Ù¼¯Ñµ\CYT4BB7_Library-master\Example\Coreboard_Demo\E01_gpio_demo-1\iar\Debug_m7_0\Obj\ethernet_6029839089178797009.dir\edd_rx.o
#        C:\Users\wangzuohao\Desktop\ASCº®¼Ù¼¯Ñµ\CYT4BB7_Library-master\Example\Coreboard_Demo\E01_gpio_demo-1\iar\Debug_m7_0\Obj\ethernet_6029839089178797009.dir\edd_tx.o
#        C:\Users\wangzuohao\Desktop\ASCº®¼Ù¼¯Ñµ\CYT4BB7_Library-master\Example\Coreboard_Demo\E01_gpio_demo-1\iar\Debug_m7_0\Obj\code_17896468042025673432.dir\FOC.o
#        C:\Users\wangzuohao\Desktop\ASCº®¼Ù¼¯Ñµ\CYT4BB7_Library-master\Example\Coreboard_Demo\E01_gpio_demo-1\iar\Debug_m7_0\Obj\code_17896468042025673432.dir\KF.o
#        C:\Users\wangzuohao\Desktop\ASCº®¼Ù¼¯Ñµ\CYT4BB7_Library-master\Example\Coreboard_Demo\E01_gpio_demo-1\iar\Debug_m7_0\Obj\code_17896468042025673432.dir\Madgwick.o
#        C:\Users\wangzuohao\Desktop\ASCº®¼Ù¼¯Ñµ\CYT4BB7_Library-master\Example\Coreboard_Demo\E01_gpio_demo-1\iar\Debug_m7_0\Obj\user_8514941877209965082.dir\main_cm7_0.o
#        C:\Users\wangzuohao\Desktop\ASCº®¼Ù¼¯Ñµ\CYT4BB7_Library-master\Example\Coreboard_Demo\E01_gpio_demo-1\iar\Debug_m7_0\Obj\code_17896468042025673432.dir\Menu.o
#        C:\Users\wangzuohao\Desktop\ASCº®¼Ù¼¯Ñµ\CYT4BB7_Library-master\Example\Coreboard_Demo\E01_gpio_demo-1\iar\Debug_m7_0\Obj\code_17896468042025673432.dir\Motor.o
#        C:\Users\wangzuohao\Desktop\ASCº®¼Ù¼¯Ñµ\CYT4BB7_Library-master\Example\Coreboard_Demo\E01_gpio_demo-1\iar\Debug_m7_0\Obj\code_17896468042025673432.dir\PID.o
#        C:\Users\wangzuohao\Desktop\ASCº®¼Ù¼¯Ñµ\CYT4BB7_Library-master\Example\Coreboard_Demo\E01_gpio_demo-1\iar\Debug_m7_0\Obj\code_17896468042025673432.dir\Position.o
#        C:\Users\wangzuohao\Desktop\ASCº®¼Ù¼¯Ñµ\CYT4BB7_Library-master\Example\Coreboard_Demo\E01_gpio_demo-1\iar\Debug_m7_0\Obj\zf_components_14936052685886095442.dir\seekfree_assistant.o
#        C:\Users\wangzuohao\Desktop\ASCº®¼Ù¼¯Ñµ\CYT4BB7_Library-master\Example\Coreboard_Demo\E01_gpio_demo-1\iar\Debug_m7_0\Obj\zf_components_14936052685886095442.dir\seekfree_assistant_interface.o
#        C:\Users\wangzuohao\Desktop\ASCº®¼Ù¼¯Ñµ\CYT4BB7_Library-master\Example\Coreboard_Demo\E01_gpio_demo-1\iar\Debug_m7_0\Obj\startup_479057977785470282.dir\startup.o
#        C:\Users\wangzuohao\Desktop\ASCº®¼Ù¼¯Ñµ\CYT4BB7_Library-master\Example\Coreboard_Demo\E01_gpio_demo-1\iar\Debug_m7_0\Obj\startup_479057977785470282.dir\startup_cm7.o
#        C:\Users\wangzuohao\Desktop\ASCº®¼Ù¼¯Ñµ\CYT4BB7_Library-master\Example\Coreboard_Demo\E01_gpio_demo-1\iar\Debug_m7_0\Obj\rev_b_4986922561640112550.dir\system_tviibh4m_cm7.o
#        C:\Users\wangzuohao\Desktop\ASCº®¼Ù¼¯Ñµ\CYT4BB7_Library-master\Example\Coreboard_Demo\E01_gpio_demo-1\iar\Debug_m7_0\Obj\zf_common_1201165462030747823.dir\zf_common_clock.o
#        C:\Users\wangzuohao\Desktop\ASCº®¼Ù¼¯Ñµ\CYT4BB7_Library-master\Example\Coreboard_Demo\E01_gpio_demo-1\iar\Debug_m7_0\Obj\zf_common_1201165462030747823.dir\zf_common_debug.o
#        C:\Users\wangzuohao\Desktop\ASCº®¼Ù¼¯Ñµ\CYT4BB7_Library-master\Example\Coreboard_Demo\E01_gpio_demo-1\iar\Debug_m7_0\Obj\zf_common_1201165462030747823.dir\zf_common_fifo.o
#        C:\Users\wangzuohao\Desktop\ASCº®¼Ù¼¯Ñµ\CYT4BB7_Library-master\Example\Coreboard_Demo\E01_gpio_demo-1\iar\Debug_m7_0\Obj\zf_common_1201165462030747823.dir\zf_common_font.o
#        C:\Users\wangzuohao\Desktop\ASCº®¼Ù¼¯Ñµ\CYT4BB7_Library-master\Example\Coreboard_Demo\E01_gpio_demo-1\iar\Debug_m7_0\Obj\zf_common_1201165462030747823.dir\zf_common_function.o
#        C:\Users\wangzuohao\Desktop\ASCº®¼Ù¼¯Ñµ\CYT4BB7_Library-master\Example\Coreboard_Demo\E01_gpio_demo-1\iar\Debug_m7_0\Obj\zf_common_1201165462030747823.dir\zf_common_interrupt.o
#        C:\Users\wangzuohao\Desktop\ASCº®¼Ù¼¯Ñµ\CYT4BB7_Library-master\Example\Coreboard_Demo\E01_gpio_demo-1\iar\Debug_m7_0\Obj\zf_device_6570275422786408770.dir\zf_device_ble6a20.o
#        C:\Users\wangzuohao\Desktop\ASCº®¼Ù¼¯Ñµ\CYT4BB7_Library-master\Example\Coreboard_Demo\E01_gpio_demo-1\iar\Debug_m7_0\Obj\zf_device_6570275422786408770.dir\zf_device_dl1a.o
#        C:\Users\wangzuohao\Desktop\ASCº®¼Ù¼¯Ñµ\CYT4BB7_Library-master\Example\Coreboard_Demo\E01_gpio_demo-1\iar\Debug_m7_0\Obj\zf_device_6570275422786408770.dir\zf_device_dl1b.o
#        C:\Users\wangzuohao\Desktop\ASCº®¼Ù¼¯Ñµ\CYT4BB7_Library-master\Example\Coreboard_Demo\E01_gpio_demo-1\iar\Debug_m7_0\Obj\zf_device_6570275422786408770.dir\zf_device_gnss.o
#        C:\Users\wangzuohao\Desktop\ASCº®¼Ù¼¯Ñµ\CYT4BB7_Library-master\Example\Coreboard_Demo\E01_gpio_demo-1\iar\Debug_m7_0\Obj\zf_device_6570275422786408770.dir\zf_device_icm20602.o
#        C:\Users\wangzuohao\Desktop\ASCº®¼Ù¼¯Ñµ\CYT4BB7_Library-master\Example\Coreboard_Demo\E01_gpio_demo-1\iar\Debug_m7_0\Obj\zf_device_6570275422786408770.dir\zf_device_imu660ra.o
#        C:\Users\wangzuohao\Desktop\ASCº®¼Ù¼¯Ñµ\CYT4BB7_Library-master\Example\Coreboard_Demo\E01_gpio_demo-1\iar\Debug_m7_0\Obj\zf_device_6570275422786408770.dir\zf_device_imu660rb.o
#        C:\Users\wangzuohao\Desktop\ASCº®¼Ù¼¯Ñµ\CYT4BB7_Library-master\Example\Coreboard_Demo\E01_gpio_demo-1\iar\Debug_m7_0\Obj\zf_device_6570275422786408770.dir\zf_device_imu963ra.o
#        C:\Users\wangzuohao\Desktop\ASCº®¼Ù¼¯Ñµ\CYT4BB7_Library-master\Example\Coreboard_Demo\E01_gpio_demo-1\iar\Debug_m7_0\Obj\zf_device_6570275422786408770.dir\zf_device_ips114.o
#        C:\Users\wangzuohao\Desktop\ASCº®¼Ù¼¯Ñµ\CYT4BB7_Library-master\Example\Coreboard_Demo\E01_gpio_demo-1\iar\Debug_m7_0\Obj\zf_device_6570275422786408770.dir\zf_device_ips200.o
#        C:\Users\wangzuohao\Desktop\ASCº®¼Ù¼¯Ñµ\CYT4BB7_Library-master\Example\Coreboard_Demo\E01_gpio_demo-1\iar\Debug_m7_0\Obj\zf_device_6570275422786408770.dir\zf_device_ips200pro.o
#        C:\Users\wangzuohao\Desktop\ASCº®¼Ù¼¯Ñµ\CYT4BB7_Library-master\Example\Coreboard_Demo\E01_gpio_demo-1\iar\Debug_m7_0\Obj\zf_device_6570275422786408770.dir\zf_device_key.o
#        C:\Users\wangzuohao\Desktop\ASCº®¼Ù¼¯Ñµ\CYT4BB7_Library-master\Example\Coreboard_Demo\E01_gpio_demo-1\iar\Debug_m7_0\Obj\zf_device_6570275422786408770.dir\zf_device_menc15a.o
#        C:\Users\wangzuohao\Desktop\ASCº®¼Ù¼¯Ñµ\CYT4BB7_Library-master\Example\Coreboard_Demo\E01_gpio_demo-1\iar\Debug_m7_0\Obj\zf_device_6570275422786408770.dir\zf_device_mt9v03x.o
#        C:\Users\wangzuohao\Desktop\ASCº®¼Ù¼¯Ñµ\CYT4BB7_Library-master\Example\Coreboard_Demo\E01_gpio_demo-1\iar\Debug_m7_0\Obj\zf_device_6570275422786408770.dir\zf_device_oled.o
#        C:\Users\wangzuohao\Desktop\ASCº®¼Ù¼¯Ñµ\CYT4BB7_Library-master\Example\Coreboard_Demo\E01_gpio_demo-1\iar\Debug_m7_0\Obj\zf_device_6570275422786408770.dir\zf_device_tft180.o
#        C:\Users\wangzuohao\Desktop\ASCº®¼Ù¼¯Ñµ\CYT4BB7_Library-master\Example\Coreboard_Demo\E01_gpio_demo-1\iar\Debug_m7_0\Obj\zf_device_6570275422786408770.dir\zf_device_tsl1401.o
#        C:\Users\wangzuohao\Desktop\ASCº®¼Ù¼¯Ñµ\CYT4BB7_Library-master\Example\Coreboard_Demo\E01_gpio_demo-1\iar\Debug_m7_0\Obj\zf_device_6570275422786408770.dir\zf_device_type.o
#        C:\Users\wangzuohao\Desktop\ASCº®¼Ù¼¯Ñµ\CYT4BB7_Library-master\Example\Coreboard_Demo\E01_gpio_demo-1\iar\Debug_m7_0\Obj\zf_device_6570275422786408770.dir\zf_device_uart_receiver.o
#        C:\Users\wangzuohao\Desktop\ASCº®¼Ù¼¯Ñµ\CYT4BB7_Library-master\Example\Coreboard_Demo\E01_gpio_demo-1\iar\Debug_m7_0\Obj\zf_device_6570275422786408770.dir\zf_device_wifi_spi.o
#        C:\Users\wangzuohao\Desktop\ASCº®¼Ù¼¯Ñµ\CYT4BB7_Library-master\Example\Coreboard_Demo\E01_gpio_demo-1\iar\Debug_m7_0\Obj\zf_device_6570275422786408770.dir\zf_device_wifi_uart.o
#        C:\Users\wangzuohao\Desktop\ASCº®¼Ù¼¯Ñµ\CYT4BB7_Library-master\Example\Coreboard_Demo\E01_gpio_demo-1\iar\Debug_m7_0\Obj\zf_device_6570275422786408770.dir\zf_device_wireless_uart.o
#        C:\Users\wangzuohao\Desktop\ASCº®¼Ù¼¯Ñµ\CYT4BB7_Library-master\Example\Coreboard_Demo\E01_gpio_demo-1\iar\Debug_m7_0\Obj\zf_driver_11922370083829174090.dir\zf_driver_adc.o
#        C:\Users\wangzuohao\Desktop\ASCº®¼Ù¼¯Ñµ\CYT4BB7_Library-master\Example\Coreboard_Demo\E01_gpio_demo-1\iar\Debug_m7_0\Obj\zf_driver_11922370083829174090.dir\zf_driver_delay.o
#        C:\Users\wangzuohao\Desktop\ASCº®¼Ù¼¯Ñµ\CYT4BB7_Library-master\Example\Coreboard_Demo\E01_gpio_demo-1\iar\Debug_m7_0\Obj\zf_driver_11922370083829174090.dir\zf_driver_dma.o
#        C:\Users\wangzuohao\Desktop\ASCº®¼Ù¼¯Ñµ\CYT4BB7_Library-master\Example\Coreboard_Demo\E01_gpio_demo-1\iar\Debug_m7_0\Obj\zf_driver_11922370083829174090.dir\zf_driver_encoder.o
#        C:\Users\wangzuohao\Desktop\ASCº®¼Ù¼¯Ñµ\CYT4BB7_Library-master\Example\Coreboard_Demo\E01_gpio_demo-1\iar\Debug_m7_0\Obj\zf_driver_11922370083829174090.dir\zf_driver_exti.o
#        C:\Users\wangzuohao\Desktop\ASCº®¼Ù¼¯Ñµ\CYT4BB7_Library-master\Example\Coreboard_Demo\E01_gpio_demo-1\iar\Debug_m7_0\Obj\zf_driver_11922370083829174090.dir\zf_driver_flash.o
#        C:\Users\wangzuohao\Desktop\ASCº®¼Ù¼¯Ñµ\CYT4BB7_Library-master\Example\Coreboard_Demo\E01_gpio_demo-1\iar\Debug_m7_0\Obj\zf_driver_11922370083829174090.dir\zf_driver_gpio.o
#        C:\Users\wangzuohao\Desktop\ASCº®¼Ù¼¯Ñµ\CYT4BB7_Library-master\Example\Coreboard_Demo\E01_gpio_demo-1\iar\Debug_m7_0\Obj\zf_driver_11922370083829174090.dir\zf_driver_ipc.o
#        C:\Users\wangzuohao\Desktop\ASCº®¼Ù¼¯Ñµ\CYT4BB7_Library-master\Example\Coreboard_Demo\E01_gpio_demo-1\iar\Debug_m7_0\Obj\zf_driver_11922370083829174090.dir\zf_driver_pit.o
#        C:\Users\wangzuohao\Desktop\ASCº®¼Ù¼¯Ñµ\CYT4BB7_Library-master\Example\Coreboard_Demo\E01_gpio_demo-1\iar\Debug_m7_0\Obj\zf_driver_11922370083829174090.dir\zf_driver_pwm.o
#        C:\Users\wangzuohao\Desktop\ASCº®¼Ù¼¯Ñµ\CYT4BB7_Library-master\Example\Coreboard_Demo\E01_gpio_demo-1\iar\Debug_m7_0\Obj\zf_driver_11922370083829174090.dir\zf_driver_soft_iic.o
#        C:\Users\wangzuohao\Desktop\ASCº®¼Ù¼¯Ñµ\CYT4BB7_Library-master\Example\Coreboard_Demo\E01_gpio_demo-1\iar\Debug_m7_0\Obj\zf_driver_11922370083829174090.dir\zf_driver_soft_spi.o
#        C:\Users\wangzuohao\Desktop\ASCº®¼Ù¼¯Ñµ\CYT4BB7_Library-master\Example\Coreboard_Demo\E01_gpio_demo-1\iar\Debug_m7_0\Obj\zf_driver_11922370083829174090.dir\zf_driver_spi.o
#        C:\Users\wangzuohao\Desktop\ASCº®¼Ù¼¯Ñµ\CYT4BB7_Library-master\Example\Coreboard_Demo\E01_gpio_demo-1\iar\Debug_m7_0\Obj\zf_driver_11922370083829174090.dir\zf_driver_timer.o
#        C:\Users\wangzuohao\Desktop\ASCº®¼Ù¼¯Ñµ\CYT4BB7_Library-master\Example\Coreboard_Demo\E01_gpio_demo-1\iar\Debug_m7_0\Obj\zf_driver_11922370083829174090.dir\zf_driver_uart.o
#        --no_out_extension -o
#        C:\Users\wangzuohao\Desktop\ASCº®¼Ù¼¯Ñµ\CYT4BB7_Library-master\Example\Coreboard_Demo\E01_gpio_demo-1\iar\project_config\Debug_m7_0\Exe\cyt4bb7_cm_7_0.out
#        --config_def _CORE_cm7_0_=0 --config_def _LINK_flash_=0 --map
#        C:\Users\wangzuohao\Desktop\ASCº®¼Ù¼¯Ñµ\CYT4BB7_Library-master\Example\Coreboard_Demo\E01_gpio_demo-1\iar\Debug_m7_0\List\cyt4bb7_cm_7_0.map
#        --config
#        C:\Users\wangzuohao\Desktop\ASCº®¼Ù¼¯Ñµ\CYT4BB7_Library-master\Example\Coreboard_Demo\E01_gpio_demo-1\iar\project_config\..\icf\linker_directives_tviibh.icf
#        --semihosting
#        C:\Users\wangzuohao\Desktop\ASCº®¼Ù¼¯Ñµ\CYT4BB7_Library-master\Example\Coreboard_Demo\E01_gpio_demo-1\iar\project_config\..\..\..\libraries\sdk\tviibh4m\src\drivers\crypto\libs\libcrypto_server_cm0plus_iar.a
#        C:\Users\wangzuohao\Desktop\ASCº®¼Ù¼¯Ñµ\CYT4BB7_Library-master\Example\Coreboard_Demo\E01_gpio_demo-1\iar\project_config\..\..\..\libraries\zf_device\zf_device_config.a
#        C:\Users\wangzuohao\Desktop\ASCº®¼Ù¼¯Ñµ\CYT4BB7_Library-master\Example\Coreboard_Demo\E01_gpio_demo-1\iar\project_config\..\..\..\libraries\sdk\common\hdr\cmsis\dsp\iar_cortexM7lf_math.a
#        --entry __iar_program_start --vfe --text_out locale --cpu=Cortex-M7
#        --fpu=VFPv5_d16) --dependencies=n
#        C:\Users\wangzuohao\Desktop\ASCº®¼Ù¼¯Ñµ\CYT4BB7_Library-master\Example\Coreboard_Demo\E01_gpio_demo-1\iar\project_config\Debug_m7_0\Exe\cyt4bb7_cm_7_0.out.iar_deps
#
###############################################################################

*******************************************************************************
*** RUNTIME MODEL ATTRIBUTES
***

CppFlavor       = *
__CPP_Runtime   = 1
__Heap_Handler  = Basic
__SystemLibrary = DLib
__dlib_version  = 6


*******************************************************************************
*** HEAP SELECTION
***

The basic heap was selected because --advanced_heap
was not specified and the application did not appear to
be primarily optimized for speed.


*******************************************************************************
*** PLACEMENT SUMMARY
***

"A0":  place at start of [from 0x1008'0000 to 0x1027'ffff] { section .intvec };
"P1":  place in [from 0x1008'0000 to 0x1027'ffff] { ro };
"P2":  place in [from 0x2802'0000 to 0x2807'ffff] { rw };
define block HEAP with size = 1K, alignment = 8 { };
define block CSTACK with size = 8K, alignment = 8 { };
define block HEAP_STACK { block HEAP, last block CSTACK };
"A1":  place at end of [from 0x2802'0000 to 0x2807'ffff] { block HEAP_STACK };
do not initialize { section .intvec_ram };
initialize by copy { rw };

No sections matched the following patterns:

  ro section .sflash_app_prot  in "P6"
  ro section .sflash_nar       in "P4"
  ro section .sflash_pkey      in "P5"
  ro section .sflash_toc2      in "P7"
  ro section .sflash_uf_rows   in "P3"
  ro section .work_flash       in "P8"
  section .global_ram_data     in "P9"


  Section            Kind         Address    Size  Object
  -------            ----         -------    ----  ------
"A0":                                        0x80
  .intvec            ro code  0x1008'0000    0x80  startup_cm7.o [31]
                            - 0x1008'0080    0x80

"P1":                                      0xa6ba
  .text              ro code  0x1008'0080   0xeae  xprintffull_nomb.o [50]
  .text              ro code  0x1008'0f2e    0x7e  lz77_init_single.o [52]
  .text              ro code  0x1008'0fac    0x16  strchr.o [52]
  .text              ro code  0x1008'0fc2     0xa  xsprout.o [50]
  .text              ro code  0x1008'0fcc    0x40  xfail_s.o [50]
  .text              ro code  0x1008'100c    0x36  strlen.o [52]
  .text              ro code  0x1008'1044    0x58  memchr.o [52]
  .text              ro code  0x1008'109c    0xa6  ABImemcpy.o [52]
  .text              ro code  0x1008'1144    0x70  frexp.o [51]
  .text              ro code  0x1008'11b4    0x34  DblCmpLe.o [51]
  .text              ro code  0x1008'11e8    0x34  DblCmpGe.o [51]
  .text              ro code  0x1008'121c   0x104  ldexp.o [51]
  .text              ro code  0x1008'1320     0xe  DblToS32.o [51]
  .text              ro code  0x1008'132e     0xe  S32ToDbl.o [51]
  .text              ro code  0x1008'133c    0x12  DblSub.o [51]
  .text              ro code  0x1008'134e    0x12  DblDiv.o [51]
  .text              ro code  0x1008'1360     0xe  DblToU32.o [51]
  .text              ro code  0x1008'136e     0xe  U32ToDbl.o [51]
  .text              ro code  0x1008'137c    0x12  DblMul.o [51]
  .text              ro code  0x1008'1390   0x230  I64DivMod.o [52]
  .text              ro code  0x1008'15c0     0x6  abort.o [50]
  .text              ro code  0x1008'15c8     0x2  I64DivZer.o [52]
  .text              ro code  0x1008'15cc    0x14  exit.o [53]
  .text              ro code  0x1008'15e0   0xe18  zf_driver_pwm.o [49]
  .text              ro code  0x1008'23f8   0x430  zf_common_debug.o [46]
  .text              ro code  0x1008'2828    0x66  ABImemset.o [52]
  .text              ro code  0x1008'2890   0x194  cy_gpio.o [14]
  .text              ro code  0x1008'2a24   0x20a  cy_tcpwm_pwm.o [43]
  .text              ro code  0x1008'2c2e     0xc  cy_tcpwm.o [43]
  .text              ro code  0x1008'2c3c   0x828  zf_driver_uart.o [49]
  .text              ro code  0x1008'3464    0x40  sprintf.o [50]
  .text              ro code  0x1008'34a4   0x448  zf_common_fifo.o [46]
  .text              ro code  0x1008'38ec    0xe2  zf_common_interrupt.o [46]
  .text              ro code  0x1008'39d0     0x6  ABImemclr4.o [52]
  .text              ro code  0x1008'39d8   0x314  cy_scb_uart.o [24]
  .text              ro code  0x1008'3cec    0xac  cy_sysint.o [35]
  .text              ro code  0x1008'3d98    0x32  ABImemset48.o [52]
  .text              ro code  0x1008'3dcc   0x8e8  cy_sysclk.o [33]
  .text              ro code  0x1008'46b4    0x70  strncpy.o [52]
  .text              ro code  0x1008'4724    0xa8  cy_syslib.o [36]
  .text              ro code  0x1008'47cc     0x2  cy_syslib.o [36]
  .text              ro code  0x1008'47d0   0x844  Menu.o [5]
  .text              ro code  0x1008'5014   0x538  zf_device_oled.o [48]
  .text              ro code  0x1008'554c    0x18  strcpy.o [52]
  .text              ro code  0x1008'5564   0x104  zf_device_key.o [48]
  .text              ro code  0x1008'5668   0x824  zf_driver_spi.o [49]
  .text              ro code  0x1008'5e8c   0x198  zf_common_function.o [46]
  .text              ro code  0x1008'6024   0x17c  zf_driver_gpio.o [49]
  .text              ro code  0x1008'61a0   0x2d8  zf_driver_delay.o [49]
  .text              ro code  0x1008'6478   0x1f0  cy_scb_spi.o [24]
  .text              ro code  0x1008'6668   0x1ae  cy_tcpwm_counter.o [43]
  .rodata            const    0x1008'6818   0x5f0  zf_common_font.o [46]
  .text              ro code  0x1008'6e08   0x5e0  zf_driver_soft_iic.o [49]
  .text              ro code  0x1008'73e8   0x5b4  main_cm7_0.o [45]
  .text              ro code  0x1008'799c    0x3a  KF.o [5]
  .text              ro code  0x1008'79d8    0x1c  zf_common_clock.o [46]
  .text              ro code  0x1008'79f4    0xa0  zf_device_wireless_uart.o [48]
  .text              ro code  0x1008'7a94    0xb4  zf_driver_ipc.o [49]
  .text              ro code  0x1008'7b48   0x404  zf_driver_pit.o [49]
  .text              ro code  0x1008'7f4c   0x1cc  AS5600.o [5]
  .text              ro code  0x1008'8118   0x2a8  FOC.o [5]
  .text              ro code  0x1008'83c0   0x17c  PID.o [5]
  .text              ro code  0x1008'853c    0x28  printf.o [50]
  .text              ro code  0x1008'8564   0x168  Motor.o [5]
  .text              ro code  0x1008'86cc   0x156  iar_Stoulx.o [50]
  .text              ro code  0x1008'8824    0x98  Position.o [5]
  .text              ro code  0x1008'88bc   0x150  system_tviibh4m_cm7.o [22]
  .text              ro code  0x1008'8a0c    0x44  zf_device_type.o [48]
  .text              ro code  0x1008'8a50   0x24c  cy_ipc_pipe.o [15]
  .text              ro code  0x1008'8c9c   0x1d4  cos_sin32.o [51]
  .text              ro code  0x1008'8e70    0x1e  sqrtf.o [51]
  .text              ro code  0x1008'8e90    0x28  fminf.o [51]
  .text              ro code  0x1008'8eb8    0xcc  fmodf.o [51]
  .text              ro code  0x1008'8f84     0x8  startup_cm7.o [31]
  .text              ro code  0x1008'8f8c     0x6  startup_cm7.o [31]
  .text              ro code  0x1008'8f94    0x60  cy_ipc_drv.o [15]
  .text              ro code  0x1008'8ff4   0x240  cm7_0_isr.o [45]
  .text              ro code  0x1008'9234    0x7c  zf_device_tsl1401.o [48]
  .text              ro code  0x1008'92b0   0x114  zf_device_gnss.o [48]
  .text              ro code  0x1008'93c4    0x74  zf_driver_adc.o [49]
  .text              ro code  0x1008'9438    0x2a  strncmp.o [50]
  .rodata            const    0x1008'9464   0x228  zf_common_font.o [46]
  .text              ro code  0x1008'968c   0x204  startup.o [31]
  .text              ro code  0x1008'9890   0x198  cy_interrupt_map.o [23]
  .text              ro code  0x1008'9a28    0xb0  startup_cm7.o [31]
  .rodata            const    0x1008'9ad8    0x94  system_tviibh4m_cm7.o [22]
  .rodata            const    0x1008'9b6c    0x90  cy_sysclk.o [33]
  .rodata            const    0x1008'9bfc    0x90  cy_sysclk.o [33]
  .rodata            const    0x1008'9c8c    0x8c  cy_ipc_pipe.o [15]
  .rodata            const    0x1008'9d18    0x88  zf_device_wireless_uart.o [48]
  .rodata            const    0x1008'9da0    0x84  zf_common_function.o [46]
  .rodata            const    0x1008'9e24    0x84  zf_driver_soft_iic.o [49]
  .rodata            const    0x1008'9ea8    0x80  zf_common_fifo.o [46]
  .rodata            const    0x1008'9f28    0x80  zf_device_key.o [48]
  .rodata            const    0x1008'9fa8    0x80  zf_device_oled.o [48]
  .rodata            const    0x1008'a028    0x80  zf_driver_pwm.o [49]
  .rodata            const    0x1008'a0a8    0x80  zf_driver_spi.o [49]
  .rodata            const    0x1008'a128    0x80  zf_driver_uart.o [49]
  .rodata            const    0x1008'a1a8    0x50  iar_Stoulx.o [50]
  .text              ro code  0x1008'a1f8    0x38  zero_init3.o [52]
  .text              ro code  0x1008'a230    0x28  data_init.o [52]
  .text              ro code  0x1008'a258    0x22  fpinit_M.o [51]
  .iar.init_table    const    0x1008'a27c    0x20  - Linker created -
  .text              ro code  0x1008'a29c    0x20  startup_cm7.o [31]
  .text              ro code  0x1008'a2bc    0x20  putchar.o [50]
  .text              ro code  0x1008'a2e0    0x1e  cy_syslib_iar.o [36]
  .text              ro code  0x1008'a300    0x1e  cmain.o [52]
  .text              ro code  0x1008'a320     0x4  startup_cm7.o [31]
  .text              ro code  0x1008'a324     0x4  exit.o [50]
  .text              ro code  0x1008'a328     0xa  cexit.o [52]
  .rodata            const    0x1008'a334    0x1c  zf_common_debug.o [46]
  .text              ro code  0x1008'a350    0x1c  startup_cm7.o [31]
  .text              ro code  0x1008'a36c    0x1c  cstartup_M.o [52]
  .rodata            const    0x1008'a388    0x18  startup.o [31]
  .rodata            const    0x1008'a3a0    0x18  system_tviibh4m_cm7.o [22]
  .rodata            const    0x1008'a3b8    0x18  zf_common_debug.o [46]
  .text              ro code  0x1008'a3d0    0x16  xprout.o [50]
  .rodata            const    0x1008'a3e8    0x14  main_cm7_0.o [45]
  .rodata            const    0x1008'a3fc    0x10  zf_common_debug.o [46]
  .rodata            const    0x1008'a40c    0x10  zf_common_debug.o [46]
  .rodata            const    0x1008'a41c     0xc  Menu.o [5]
  .rodata            const    0x1008'a428     0xc  zf_common_debug.o [46]
  .rodata            const    0x1008'a434     0xc  zf_common_debug.o [46]
  .rodata            const    0x1008'a440     0xc  zf_driver_ipc.o [49]
  .text              ro code  0x1008'a44c     0xc  cy_syslib.o [36]
  .rodata            const    0x1008'a458     0x8  cy_sysclk.o [33]
  .rodata            const    0x1008'a460     0x8  Menu.o [5]
  .rodata            const    0x1008'a468     0x8  Menu.o [5]
  .rodata            const    0x1008'a470     0x8  Menu.o [5]
  .rodata            const    0x1008'a478     0x4  cy_interrupt_map.o [23]
  .rodata            const    0x1008'a47c     0x4  cy_interrupt_map.o [23]
  .rodata            const    0x1008'a480     0x4  cy_interrupt_map.o [23]
  .rodata            const    0x1008'a484     0x4  cy_interrupt_map.o [23]
  .rodata            const    0x1008'a488     0x4  cy_interrupt_map.o [23]
  .rodata            const    0x1008'a48c     0x4  cy_interrupt_map.o [23]
  .rodata            const    0x1008'a490     0x4  cy_interrupt_map.o [23]
  .rodata            const    0x1008'a494     0x4  cy_interrupt_map.o [23]
  .rodata            const    0x1008'a498     0x4  cy_ipc_drv.o [15]
  .rodata            const    0x1008'a49c     0x4  cy_ipc_pipe.o [15]
  .rodata            const    0x1008'a4a0     0x4  cy_scb_spi.o [24]
  .rodata            const    0x1008'a4a4     0x4  cy_scb_spi.o [24]
  .rodata            const    0x1008'a4a8     0x4  cy_scb_spi.o [24]
  .rodata            const    0x1008'a4ac     0x4  cy_scb_spi.o [24]
  .rodata            const    0x1008'a4b0     0x4  cy_scb_uart.o [24]
  .rodata            const    0x1008'a4b4     0x4  cy_scb_uart.o [24]
  .rodata            const    0x1008'a4b8     0x4  cy_scb_uart.o [24]
  .rodata            const    0x1008'a4bc     0x4  cy_scb_uart.o [24]
  .rodata            const    0x1008'a4c0     0x4  cy_scb_uart.o [24]
  .rodata            const    0x1008'a4c4     0x4  cy_scb_uart.o [24]
  .rodata            const    0x1008'a4c8     0x4  cy_scb_uart.o [24]
  .rodata            const    0x1008'a4cc     0x4  cy_scb_uart.o [24]
  .rodata            const    0x1008'a4d0     0x4  cy_scb_uart.o [24]
  .rodata            const    0x1008'a4d4     0x4  cy_scb_uart.o [24]
  .rodata            const    0x1008'a4d8     0x4  cy_sysint.o [35]
  .rodata            const    0x1008'a4dc     0x4  cy_sysint.o [35]
  .rodata            const    0x1008'a4e0     0x4  cy_tcpwm_counter.o [43]
  .rodata            const    0x1008'a4e4     0x4  cy_tcpwm_counter.o [43]
  .rodata            const    0x1008'a4e8     0x4  cy_tcpwm_counter.o [43]
  .rodata            const    0x1008'a4ec     0x4  cy_tcpwm_counter.o [43]
  .rodata            const    0x1008'a4f0     0x4  cy_tcpwm_counter.o [43]
  .rodata            const    0x1008'a4f4     0x4  cy_tcpwm_pwm.o [43]
  .rodata            const    0x1008'a4f8     0x4  cy_tcpwm_pwm.o [43]
  .rodata            const    0x1008'a4fc     0x4  cy_tcpwm_pwm.o [43]
  .rodata            const    0x1008'a500     0x4  cy_tcpwm_pwm.o [43]
  .rodata            const    0x1008'a504     0x4  cy_tcpwm_pwm.o [43]
  .rodata            const    0x1008'a508     0x4  cy_tcpwm_pwm.o [43]
  .rodata            const    0x1008'a50c     0x4  cy_tcpwm_pwm.o [43]
  .rodata            const    0x1008'a510     0x4  zf_device_key.o [48]
  .text              ro code  0x1008'a514     0x4  startup_cm7.o [31]
  .text              ro code  0x1008'a518     0x4  startup_cm7.o [31]
  .text              ro code  0x1008'a51c     0x4  startup_cm7.o [31]
  .text              ro code  0x1008'a520     0x4  startup_cm7.o [31]
  .text              ro code  0x1008'a524     0x4  startup_cm7.o [31]
  .text              ro code  0x1008'a528     0x4  startup_cm7.o [31]
  .text              ro code  0x1008'a52c     0x4  startup_cm7.o [31]
  .text              ro code  0x1008'a530     0x4  startup_cm7.o [31]
  .text              ro code  0x1008'a534     0x4  startup_cm7.o [31]
  .text              ro code  0x1008'a538     0x4  startup_cm7.o [31]
  .text              ro code  0x1008'a53c     0x4  startup_cm7.o [31]
  .text              ro code  0x1008'a540     0x4  startup_cm7.o [31]
  .text              ro code  0x1008'a544     0x4  startup_cm7.o [31]
  .text              ro code  0x1008'a548     0x4  startup_cm7.o [31]
  .text              ro code  0x1008'a54c     0x4  startup_cm7.o [31]
  .rodata            const    0x1008'a550     0x0  zero_init3.o [52]
  .rodata            const    0x1008'a550     0x0  lz77_init_single.o [52]
  Initializer bytes  const    0x1008'a550   0x11f  <for P2-1>
                            - 0x1008'a66f  0xa5ef

"P2", part 1 of 3:                          0x928
  P2-1                        0x2802'0000   0x928  <Init block>
    .data            inited   0x2802'0000     0x4  AS5600.o [5]
    .data            inited   0x2802'0004   0x6ec  cy_interrupt_map.o [23]
    .data            inited   0x2802'06f0     0x4  cy_interrupt_map.o [23]
    .data            inited   0x2802'06f4    0x10  main_cm7_0.o [45]
    .data            inited   0x2802'0704    0x10  main_cm7_0.o [45]
    .data            inited   0x2802'0714    0x10  main_cm7_0.o [45]
    .data            inited   0x2802'0724    0x30  main_cm7_0.o [45]
    .data            inited   0x2802'0754    0x30  main_cm7_0.o [45]
    .data            inited   0x2802'0784    0x30  main_cm7_0.o [45]
    .data            inited   0x2802'07b4     0x4  main_cm7_0.o [45]
    .data            inited   0x2802'07b8    0x30  main_cm7_0.o [45]
    .data            inited   0x2802'07e8    0x30  main_cm7_0.o [45]
    .data            inited   0x2802'0818    0x30  main_cm7_0.o [45]
    .data            inited   0x2802'0848    0x30  main_cm7_0.o [45]
    .data            inited   0x2802'0878    0x10  Motor.o [5]
    .data            inited   0x2802'0888    0x10  Motor.o [5]
    .data            inited   0x2802'0898     0x4  zf_device_type.o [48]
    .data            inited   0x2802'089c     0x4  zf_device_type.o [48]
    .data            inited   0x2802'08a0     0xc  zf_driver_adc.o [49]
    .data            inited   0x2802'08ac     0x4  zf_driver_ipc.o [49]
    .data            inited   0x2802'08b0    0x3c  zf_driver_pit.o [49]
    .data            inited   0x2802'08ec    0x10  zf_driver_spi.o [49]
    .data            inited   0x2802'08fc    0x14  zf_driver_uart.o [49]
    .data            inited   0x2802'0910    0x14  zf_driver_uart.o [49]
    .data            inited   0x2802'0924     0x2  zf_driver_delay.o [49]
    .data            inited   0x2802'0926     0x1  zf_common_debug.o [46]
    .data            inited   0x2802'0927     0x1  zf_driver_delay.o [49]
                            - 0x2802'0928   0x928

"P2", part 2 of 3:                         0x1040
  .bss               zero     0x2802'0928   0x750  Menu.o [5]
  .bss               zero     0x2802'1078   0x200  zf_device_tsl1401.o [48]
  .bss               zero     0x2802'1278   0x118  zf_driver_uart.o [49]
  .bss               zero     0x2802'1390    0xf0  AS5600.o [5]
  .bss               zero     0x2802'1480    0x80  zf_device_gnss.o [48]
  .bss               zero     0x2802'1500    0x80  zf_device_gnss.o [48]
  .bss               zero     0x2802'1580    0x80  zf_device_gnss.o [48]
  .bss               zero     0x2802'1600    0x70  cy_syslib.o [36]
  .bss               zero     0x2802'1670    0x48  cy_ipc_pipe.o [15]
  .bss               zero     0x2802'16b8    0x48  zf_driver_adc.o [49]
  .bss               zero     0x2802'1700    0x40  zf_common_debug.o [46]
  .bss               zero     0x2802'1740    0x40  zf_device_wireless_uart.o [48]
  .bss               zero     0x2802'1780    0x20  cy_ipc_pipe.o [15]
  .bss               zero     0x2802'17a0    0x20  main_cm7_0.o [45]
  .bss               zero     0x2802'17c0    0x18  cy_sysclk.o [33]
  .bss               zero     0x2802'17d8    0x18  cy_syslib.o [36]
  .bss               zero     0x2802'17f0    0x18  zf_common_debug.o [46]
  .bss               zero     0x2802'1808    0x18  zf_device_gnss.o [48]
  .bss               zero     0x2802'1820    0x18  zf_device_wireless_uart.o [48]
  .bss               zero     0x2802'1838    0x14  zf_common_debug.o [46]
  .bss               zero     0x2802'184c    0x10  main_cm7_0.o [45]
  .bss               zero     0x2802'185c    0x10  main_cm7_0.o [45]
  .bss               zero     0x2802'186c    0x10  zf_device_key.o [48]
  .bss               zero     0x2802'187c     0xc  main_cm7_0.o [45]
  .bss               zero     0x2802'1888     0xc  Motor.o [5]
  .bss               zero     0x2802'1894     0xc  Motor.o [5]
  .bss               zero     0x2802'18a0     0xc  Motor.o [5]
  .bss               zero     0x2802'18ac     0xc  Motor.o [5]
  .bss               zero     0x2802'18b8     0xc  Motor.o [5]
  .bss               zero     0x2802'18c4     0xc  Motor.o [5]
  .bss               zero     0x2802'18d0     0xc  Motor.o [5]
  .bss               zero     0x2802'18dc     0x4  AS5600.o [5]
  .bss               zero     0x2802'18e0     0x4  AS5600.o [5]
  .bss               zero     0x2802'18e4     0x4  cy_syslib.o [36]
  .bss               zero     0x2802'18e8     0x4  main_cm7_0.o [45]
  .bss               zero     0x2802'18ec     0x4  main_cm7_0.o [45]
  .bss               zero     0x2802'18f0     0x4  main_cm7_0.o [45]
  .bss               zero     0x2802'18f4     0x4  main_cm7_0.o [45]
  .bss               zero     0x2802'18f8     0x4  main_cm7_0.o [45]
  .bss               zero     0x2802'18fc     0x4  main_cm7_0.o [45]
  .bss               zero     0x2802'1900     0x4  main_cm7_0.o [45]
  .bss               zero     0x2802'1904     0x4  main_cm7_0.o [45]
  .bss               zero     0x2802'1908     0x4  main_cm7_0.o [45]
  .bss               zero     0x2802'190c     0x4  main_cm7_0.o [45]
  .bss               zero     0x2802'1910     0x4  Position.o [5]
  .bss               zero     0x2802'1914     0x4  system_tviibh4m_cm7.o [22]
  .bss               zero     0x2802'1918     0x4  system_tviibh4m_cm7.o [22]
  .bss               zero     0x2802'191c     0x4  system_tviibh4m_cm7.o [22]
  .bss               zero     0x2802'1920     0x4  system_tviibh4m_cm7.o [22]
  .bss               zero     0x2802'1924     0x4  system_tviibh4m_cm7.o [22]
  .bss               zero     0x2802'1928     0x4  zf_common_clock.o [46]
  .bss               zero     0x2802'192c     0x4  zf_common_interrupt.o [46]
  .bss               zero     0x2802'1930     0x4  zf_device_key.o [48]
  .bss               zero     0x2802'1934     0x4  zf_device_key.o [48]
  .bss               zero     0x2802'1938     0x4  zf_driver_spi.o [49]
  .bss               zero     0x2802'193c     0x4  xfail_s.o [50]
  .bss               zero     0x2802'1940     0x2  AS5600.o [5]
  .bss               zero     0x2802'1942     0x2  AS5600.o [5]
  .bss               zero     0x2802'1944     0x2  cm7_0_isr.o [45]
  .bss               zero     0x2802'1946     0x2  cm7_0_isr.o [45]
  .bss               zero     0x2802'1948     0x2  cm7_0_isr.o [45]
  .bss               zero     0x2802'194a     0x2  main_cm7_0.o [45]
  .bss               zero     0x2802'194c     0x1  cm7_0_isr.o [45]
  .bss               zero     0x2802'194d     0x1  cm7_0_isr.o [45]
  .bss               zero     0x2802'194e     0x1  cy_ipc_pipe.o [15]
  .bss               zero     0x2802'194f     0x1  cy_ipc_pipe.o [15]
  .bss               zero     0x2802'1950     0x1  cy_sysclk.o [33]
  .bss               zero     0x2802'1951     0x1  main_cm7_0.o [45]
  .bss               zero     0x2802'1952     0x1  main_cm7_0.o [45]
  .bss               zero     0x2802'1953     0x1  main_cm7_0.o [45]
  .bss               zero     0x2802'1954     0x1  Menu.o [5]
  .bss               zero     0x2802'1955     0x1  Menu.o [5]
  .bss               zero     0x2802'1956     0x1  Menu.o [5]
  .bss               zero     0x2802'1957     0x1  Menu.o [5]
  .bss               zero     0x2802'1958     0x1  zf_common_debug.o [46]
  .bss               zero     0x2802'1959     0x1  zf_common_debug.o [46]
  .bss               zero     0x2802'195a     0x1  zf_common_debug.o [46]
  .bss               zero     0x2802'195b     0x1  zf_device_gnss.o [48]
  .bss               zero     0x2802'195c     0x1  zf_device_gnss.o [48]
  .bss               zero     0x2802'195d     0x1  zf_device_gnss.o [48]
  .bss               zero     0x2802'195e     0x1  zf_device_gnss.o [48]
  .bss               zero     0x2802'195f     0x1  zf_device_gnss.o [48]
  .bss               zero     0x2802'1960     0x1  zf_device_oled.o [48]
  .bss               zero     0x2802'1961     0x1  zf_device_oled.o [48]
  .bss               zero     0x2802'1962     0x1  zf_device_tsl1401.o [48]
  .bss               zero     0x2802'1963     0x1  zf_device_tsl1401.o [48]
  .bss               zero     0x2802'1964     0x1  zf_device_type.o [48]
  .bss               zero     0x2802'1965     0x1  zf_device_wireless_uart.o [48]
  .bss               zero     0x2802'1966     0x1  zf_driver_ipc.o [49]
                            - 0x2802'1967  0x103f

"P2", part 3 of 3:                           0x80
  .intvec_ram        uninit   0x2802'1980    0x80  startup_cm7.o [31]
                            - 0x2802'1a00    0x80

"A1":                                      0x2000
  HEAP_STACK                  0x2807'e000  0x2000  <Block>
    CSTACK                    0x2807'e000  0x2000  <Block>
      CSTACK         uninit   0x2807'e000  0x2000  <Block tail>
                            - 0x2808'0000  0x2000

Unused ranges:

         From           To       Size
         ----           --       ----
  0x1008'a73a  0x1027'ffff  0x1f'58c6
  0x2802'1968  0x2802'197f       0x18
  0x2802'1a00  0x2807'dfff   0x5'c600


*******************************************************************************
*** INIT TABLE
***

          Address      Size
          -------      ----
Zero (__iar_zero_init3)
    1 destination range, total size 0x103f:
          0x2802'0928  0x103f

Copy/lz77 (__iar_lz77_init_single3)
    1 source range, total size 0x11f (12% of destination):
          0x1008'a550   0x11f
    1 destination range, total size 0x928:
          0x2802'0000   0x928



*******************************************************************************
*** MODULE SUMMARY
***

    Module                     ro code  ro data  rw data
    ------                     -------  -------  -------
command line/config:
    ----------------------------------------------------
    Total:

C:\Users\wangzuohao\Desktop\ASCº®¼Ù¼¯Ñµ\CYT4BB7_Library-master\Example\Coreboard_Demo\E01_gpio_demo-1\iar\Debug_m7_0\Obj\adc_11722776235721520015.dir: [1]
    ----------------------------------------------------
    Total:

C:\Users\wangzuohao\Desktop\ASCº®¼Ù¼¯Ñµ\CYT4BB7_Library-master\Example\Coreboard_Demo\E01_gpio_demo-1\iar\Debug_m7_0\Obj\audioss_1346650047966882938.dir: [2]
    ----------------------------------------------------
    Total:

C:\Users\wangzuohao\Desktop\ASCº®¼Ù¼¯Ñµ\CYT4BB7_Library-master\Example\Coreboard_Demo\E01_gpio_demo-1\iar\Debug_m7_0\Obj\button_4990804375159372270.dir: [3]
    ----------------------------------------------------
    Total:

C:\Users\wangzuohao\Desktop\ASCº®¼Ù¼¯Ñµ\CYT4BB7_Library-master\Example\Coreboard_Demo\E01_gpio_demo-1\iar\Debug_m7_0\Obj\canfd_1800690984773873875.dir: [4]
    ----------------------------------------------------
    Total:

C:\Users\wangzuohao\Desktop\ASCº®¼Ù¼¯Ñµ\CYT4BB7_Library-master\Example\Coreboard_Demo\E01_gpio_demo-1\iar\Debug_m7_0\Obj\code_17896468042025673432.dir: [5]
    AS5600.o                       460               256
    FOC.o                          680
    KF.o                            58
    Menu.o                       2'116       36    1'876
    Motor.o                        360        4      116
    PID.o                          380
    Position.o                     152                 4
    ----------------------------------------------------
    Total:                       4'206       40    2'252

C:\Users\wangzuohao\Desktop\ASCº®¼Ù¼¯Ñµ\CYT4BB7_Library-master\Example\Coreboard_Demo\E01_gpio_demo-1\iar\Debug_m7_0\Obj\cpu_15938736945165268644.dir: [6]
    ----------------------------------------------------
    Total:

C:\Users\wangzuohao\Desktop\ASCº®¼Ù¼¯Ñµ\CYT4BB7_Library-master\Example\Coreboard_Demo\E01_gpio_demo-1\iar\Debug_m7_0\Obj\crypto_1190170608956581615.dir: [7]
    ----------------------------------------------------
    Total:

C:\Users\wangzuohao\Desktop\ASCº®¼Ù¼¯Ñµ\CYT4BB7_Library-master\Example\Coreboard_Demo\E01_gpio_demo-1\iar\Debug_m7_0\Obj\dma_12106025507578611576.dir: [8]
    ----------------------------------------------------
    Total:

C:\Users\wangzuohao\Desktop\ASCº®¼Ù¼¯Ñµ\CYT4BB7_Library-master\Example\Coreboard_Demo\E01_gpio_demo-1\iar\Debug_m7_0\Obj\eth_phy_18133017486186456677.dir: [9]
    ----------------------------------------------------
    Total:

C:\Users\wangzuohao\Desktop\ASCº®¼Ù¼¯Ñµ\CYT4BB7_Library-master\Example\Coreboard_Demo\E01_gpio_demo-1\iar\Debug_m7_0\Obj\ethernet_6029839089178797009.dir: [10]
    ----------------------------------------------------
    Total:

C:\Users\wangzuohao\Desktop\ASCº®¼Ù¼¯Ñµ\CYT4BB7_Library-master\Example\Coreboard_Demo\E01_gpio_demo-1\iar\Debug_m7_0\Obj\evtgen_3404189088603873129.dir: [11]
    ----------------------------------------------------
    Total:

C:\Users\wangzuohao\Desktop\ASCº®¼Ù¼¯Ñµ\CYT4BB7_Library-master\Example\Coreboard_Demo\E01_gpio_demo-1\iar\Debug_m7_0\Obj\flash_8529866181315662935.dir: [12]
    ----------------------------------------------------
    Total:

C:\Users\wangzuohao\Desktop\ASCº®¼Ù¼¯Ñµ\CYT4BB7_Library-master\Example\Coreboard_Demo\E01_gpio_demo-1\iar\Debug_m7_0\Obj\flash_864493325053435817.dir: [13]
    ----------------------------------------------------
    Total:

C:\Users\wangzuohao\Desktop\ASCº®¼Ù¼¯Ñµ\CYT4BB7_Library-master\Example\Coreboard_Demo\E01_gpio_demo-1\iar\Debug_m7_0\Obj\gpio_3999404635324069351.dir: [14]
    cy_gpio.o                      404
    ----------------------------------------------------
    Total:                         404

C:\Users\wangzuohao\Desktop\ASCº®¼Ù¼¯Ñµ\CYT4BB7_Library-master\Example\Coreboard_Demo\E01_gpio_demo-1\iar\Debug_m7_0\Obj\ipc_10145506163450686023.dir: [15]
    cy_ipc_drv.o                    96        4
    cy_ipc_pipe.o                  588      144      106
    ----------------------------------------------------
    Total:                         684      148      106

C:\Users\wangzuohao\Desktop\ASCº®¼Ù¼¯Ñµ\CYT4BB7_Library-master\Example\Coreboard_Demo\E01_gpio_demo-1\iar\Debug_m7_0\Obj\lin_18429031207028094880.dir: [16]
    ----------------------------------------------------
    Total:

C:\Users\wangzuohao\Desktop\ASCº®¼Ù¼¯Ñµ\CYT4BB7_Library-master\Example\Coreboard_Demo\E01_gpio_demo-1\iar\Debug_m7_0\Obj\lvd_6353935867039560245.dir: [17]
    ----------------------------------------------------
    Total:

C:\Users\wangzuohao\Desktop\ASCº®¼Ù¼¯Ñµ\CYT4BB7_Library-master\Example\Coreboard_Demo\E01_gpio_demo-1\iar\Debug_m7_0\Obj\mcwdt_4052485907822033969.dir: [18]
    ----------------------------------------------------
    Total:

C:\Users\wangzuohao\Desktop\ASCº®¼Ù¼¯Ñµ\CYT4BB7_Library-master\Example\Coreboard_Demo\E01_gpio_demo-1\iar\Debug_m7_0\Obj\mpu_5663187252346826382.dir: [19]
    ----------------------------------------------------
    Total:

C:\Users\wangzuohao\Desktop\ASCº®¼Ù¼¯Ñµ\CYT4BB7_Library-master\Example\Coreboard_Demo\E01_gpio_demo-1\iar\Debug_m7_0\Obj\power_14453085144426420577.dir: [20]
    ----------------------------------------------------
    Total:

C:\Users\wangzuohao\Desktop\ASCº®¼Ù¼¯Ñµ\CYT4BB7_Library-master\Example\Coreboard_Demo\E01_gpio_demo-1\iar\Debug_m7_0\Obj\prot_10722960861768657883.dir: [21]
    ----------------------------------------------------
    Total:

C:\Users\wangzuohao\Desktop\ASCº®¼Ù¼¯Ñµ\CYT4BB7_Library-master\Example\Coreboard_Demo\E01_gpio_demo-1\iar\Debug_m7_0\Obj\rev_b_4986922561640112550.dir: [22]
    system_tviibh4m_cm7.o          336      172       20
    ----------------------------------------------------
    Total:                         336      172       20

C:\Users\wangzuohao\Desktop\ASCº®¼Ù¼¯Ñµ\CYT4BB7_Library-master\Example\Coreboard_Demo\E01_gpio_demo-1\iar\Debug_m7_0\Obj\rev_b_6162237342861132223.dir: [23]
    cy_interrupt_map.o             408      249    1'776
    ----------------------------------------------------
    Total:                         408      249    1'776

C:\Users\wangzuohao\Desktop\ASCº®¼Ù¼¯Ñµ\CYT4BB7_Library-master\Example\Coreboard_Demo\E01_gpio_demo-1\iar\Debug_m7_0\Obj\scb_15490842639181808494.dir: [24]
    cy_scb_spi.o                   496       16
    cy_scb_uart.o                  788       40
    ----------------------------------------------------
    Total:                       1'284       56

C:\Users\wangzuohao\Desktop\ASCº®¼Ù¼¯Ñµ\CYT4BB7_Library-master\Example\Coreboard_Demo\E01_gpio_demo-1\iar\Debug_m7_0\Obj\sd_host_2982766354293506895.dir: [25]
    ----------------------------------------------------
    Total:

C:\Users\wangzuohao\Desktop\ASCº®¼Ù¼¯Ñµ\CYT4BB7_Library-master\Example\Coreboard_Demo\E01_gpio_demo-1\iar\Debug_m7_0\Obj\semihosting_143864889731838620.dir: [26]
    ----------------------------------------------------
    Total:

C:\Users\wangzuohao\Desktop\ASCº®¼Ù¼¯Ñµ\CYT4BB7_Library-master\Example\Coreboard_Demo\E01_gpio_demo-1\iar\Debug_m7_0\Obj\smartio_5451710003740070188.dir: [27]
    ----------------------------------------------------
    Total:

C:\Users\wangzuohao\Desktop\ASCº®¼Ù¼¯Ñµ\CYT4BB7_Library-master\Example\Coreboard_Demo\E01_gpio_demo-1\iar\Debug_m7_0\Obj\smif_427648126384146252.dir: [28]
    ----------------------------------------------------
    Total:

C:\Users\wangzuohao\Desktop\ASCº®¼Ù¼¯Ñµ\CYT4BB7_Library-master\Example\Coreboard_Demo\E01_gpio_demo-1\iar\Debug_m7_0\Obj\smif_mem_6470536964353725183.dir: [29]
    ----------------------------------------------------
    Total:

C:\Users\wangzuohao\Desktop\ASCº®¼Ù¼¯Ñµ\CYT4BB7_Library-master\Example\Coreboard_Demo\E01_gpio_demo-1\iar\Debug_m7_0\Obj\srom_13018798572330080582.dir: [30]
    ----------------------------------------------------
    Total:

C:\Users\wangzuohao\Desktop\ASCº®¼Ù¼¯Ñµ\CYT4BB7_Library-master\Example\Coreboard_Demo\E01_gpio_demo-1\iar\Debug_m7_0\Obj\startup_479057977785470282.dir: [31]
    startup.o                      516       24
    startup_cm7.o                  442               128
    ----------------------------------------------------
    Total:                         958       24      128

C:\Users\wangzuohao\Desktop\ASCº®¼Ù¼¯Ñµ\CYT4BB7_Library-master\Example\Coreboard_Demo\E01_gpio_demo-1\iar\Debug_m7_0\Obj\sw_timer_4215635015939382130.dir: [32]
    ----------------------------------------------------
    Total:

C:\Users\wangzuohao\Desktop\ASCº®¼Ù¼¯Ñµ\CYT4BB7_Library-master\Example\Coreboard_Demo\E01_gpio_demo-1\iar\Debug_m7_0\Obj\sysclk_16149231235676103872.dir: [33]
    cy_sysclk.o                  2'280      296       25
    ----------------------------------------------------
    Total:                       2'280      296       25

C:\Users\wangzuohao\Desktop\ASCº®¼Ù¼¯Ñµ\CYT4BB7_Library-master\Example\Coreboard_Demo\E01_gpio_demo-1\iar\Debug_m7_0\Obj\sysflt_12293435975120599261.dir: [34]
    ----------------------------------------------------
    Total:

C:\Users\wangzuohao\Desktop\ASCº®¼Ù¼¯Ñµ\CYT4BB7_Library-master\Example\Coreboard_Demo\E01_gpio_demo-1\iar\Debug_m7_0\Obj\sysint_7435970359207984181.dir: [35]
    cy_sysint.o                    172        8
    ----------------------------------------------------
    Total:                         172        8

C:\Users\wangzuohao\Desktop\ASCº®¼Ù¼¯Ñµ\CYT4BB7_Library-master\Example\Coreboard_Demo\E01_gpio_demo-1\iar\Debug_m7_0\Obj\syslib_16330585751512546975.dir: [36]
    cy_syslib.o                    182               140
    cy_syslib_iar.o                 30
    ----------------------------------------------------
    Total:                         212               140

C:\Users\wangzuohao\Desktop\ASCº®¼Ù¼¯Ñµ\CYT4BB7_Library-master\Example\Coreboard_Demo\E01_gpio_demo-1\iar\Debug_m7_0\Obj\syspm_10887939769544754770.dir: [37]
    ----------------------------------------------------
    Total:

C:\Users\wangzuohao\Desktop\ASCº®¼Ù¼¯Ñµ\CYT4BB7_Library-master\Example\Coreboard_Demo\E01_gpio_demo-1\iar\Debug_m7_0\Obj\sysreghc_17676636058511625587.dir: [38]
    ----------------------------------------------------
    Total:

C:\Users\wangzuohao\Desktop\ASCº®¼Ù¼¯Ñµ\CYT4BB7_Library-master\Example\Coreboard_Demo\E01_gpio_demo-1\iar\Debug_m7_0\Obj\sysreset_14586141425677365288.dir: [39]
    ----------------------------------------------------
    Total:

C:\Users\wangzuohao\Desktop\ASCº®¼Ù¼¯Ñµ\CYT4BB7_Library-master\Example\Coreboard_Demo\E01_gpio_demo-1\iar\Debug_m7_0\Obj\sysrtc_10747768817563771611.dir: [40]
    ----------------------------------------------------
    Total:

C:\Users\wangzuohao\Desktop\ASCº®¼Ù¼¯Ñµ\CYT4BB7_Library-master\Example\Coreboard_Demo\E01_gpio_demo-1\iar\Debug_m7_0\Obj\systick_16016591671695740695.dir: [41]
    ----------------------------------------------------
    Total:

C:\Users\wangzuohao\Desktop\ASCº®¼Ù¼¯Ñµ\CYT4BB7_Library-master\Example\Coreboard_Demo\E01_gpio_demo-1\iar\Debug_m7_0\Obj\syswdt_9118657615806274156.dir: [42]
    ----------------------------------------------------
    Total:

C:\Users\wangzuohao\Desktop\ASCº®¼Ù¼¯Ñµ\CYT4BB7_Library-master\Example\Coreboard_Demo\E01_gpio_demo-1\iar\Debug_m7_0\Obj\tcpwm_422923530147891246.dir: [43]
    cy_tcpwm.o                      12
    cy_tcpwm_counter.o             430       20
    cy_tcpwm_pwm.o                 522       28
    ----------------------------------------------------
    Total:                         964       48

C:\Users\wangzuohao\Desktop\ASCº®¼Ù¼¯Ñµ\CYT4BB7_Library-master\Example\Coreboard_Demo\E01_gpio_demo-1\iar\Debug_m7_0\Obj\trigmux_9729677290734583340.dir: [44]
    ----------------------------------------------------
    Total:

C:\Users\wangzuohao\Desktop\ASCº®¼Ù¼¯Ñµ\CYT4BB7_Library-master\Example\Coreboard_Demo\E01_gpio_demo-1\iar\Debug_m7_0\Obj\user_8514941877209965082.dir: [45]
    cm7_0_isr.o                    576                 8
    main_cm7_0.o                 1'460       68      509
    ----------------------------------------------------
    Total:                       2'036       68      517

C:\Users\wangzuohao\Desktop\ASCº®¼Ù¼¯Ñµ\CYT4BB7_Library-master\Example\Coreboard_Demo\E01_gpio_demo-1\iar\Debug_m7_0\Obj\zf_common_1201165462030747823.dir: [46]
    zf_common_clock.o               28                 4
    zf_common_debug.o            1'072      108      112
    zf_common_fifo.o             1'096      128
    zf_common_font.o                      2'072
    zf_common_function.o           408      132
    zf_common_interrupt.o          226                 4
    ----------------------------------------------------
    Total:                       2'830    2'440      120

C:\Users\wangzuohao\Desktop\ASCº®¼Ù¼¯Ñµ\CYT4BB7_Library-master\Example\Coreboard_Demo\E01_gpio_demo-1\iar\Debug_m7_0\Obj\zf_components_14936052685886095442.dir: [47]
    ----------------------------------------------------
    Total:

C:\Users\wangzuohao\Desktop\ASCº®¼Ù¼¯Ñµ\CYT4BB7_Library-master\Example\Coreboard_Demo\E01_gpio_demo-1\iar\Debug_m7_0\Obj\zf_device_6570275422786408770.dir: [48]
    zf_device_gnss.o               276               413
    zf_device_key.o                260      132       24
    zf_device_oled.o             1'336      128        2
    zf_device_tsl1401.o            124               514
    zf_device_type.o                68        1        9
    zf_device_wireless_uart.o      160      136       89
    ----------------------------------------------------
    Total:                       2'224      397    1'051

C:\Users\wangzuohao\Desktop\ASCº®¼Ù¼¯Ñµ\CYT4BB7_Library-master\Example\Coreboard_Demo\E01_gpio_demo-1\iar\Debug_m7_0\Obj\zf_driver_11922370083829174090.dir: [49]
    zf_driver_adc.o                116        1       84
    zf_driver_delay.o              728        1        3
    zf_driver_gpio.o               380
    zf_driver_ipc.o                180       13        5
    zf_driver_pit.o              1'028        7       60
    zf_driver_pwm.o              3'608      128
    zf_driver_soft_iic.o         1'504      132
    zf_driver_spi.o              2'084      130       20
    zf_driver_uart.o             2'088      133      320
    ----------------------------------------------------
    Total:                      11'716      545      492

dl7M_tln.a: [50]
    abort.o                          6
    exit.o                           4
    iar_Stoulx.o                   342       80
    printf.o                        40
    putchar.o                       32
    sprintf.o                       64
    strncmp.o                       42
    xfail_s.o                       64                 4
    xprintffull_nomb.o           3'758
    xprout.o                        22
    xsprout.o                       10
    ----------------------------------------------------
    Total:                       4'384       80        4

m7M_tlv.a: [51]
    DblCmpGe.o                      52
    DblCmpLe.o                      52
    DblDiv.o                        18
    DblMul.o                        18
    DblSub.o                        18
    DblToS32.o                      14
    DblToU32.o                      14
    S32ToDbl.o                      14
    U32ToDbl.o                      14
    cos_sin32.o                    468
    fminf.o                         40
    fmodf.o                        204
    fpinit_M.o                      34
    frexp.o                        112
    ldexp.o                        260
    sqrtf.o                         30
    ----------------------------------------------------
    Total:                       1'362

rt7M_tl.a: [52]
    ABImemclr4.o                     6
    ABImemcpy.o                    166
    ABImemset.o                    102
    ABImemset48.o                   50
    I64DivMod.o                    560
    I64DivZer.o                      2
    cexit.o                         10
    cmain.o                         30
    cstartup_M.o                    28
    data_init.o                     40
    lz77_init_single.o             126
    memchr.o                        88
    strchr.o                        22
    strcpy.o                        24
    strlen.o                        54
    strncpy.o                      112
    zero_init3.o                    56
    ----------------------------------------------------
    Total:                       1'476

shb_l.a: [53]
    exit.o                          20
    ----------------------------------------------------
    Total:                          20

    Gaps                            38       10
    Linker created                           32    8'192
--------------------------------------------------------
    Grand Total:                37'994    4'613   14'823


*******************************************************************************
*** ENTRY LIST
***

Entry                       Address   Size  Type      Object
-----                       -------   ----  ----      ------
.iar.init_table$$Base   0x1008'a27c          --   Gb  - Linker created -
.iar.init_table$$Limit  0x1008'a29c          --   Gb  - Linker created -
?main                   0x1008'a301         Code  Gb  cmain.o [52]
A                       0x1008'47d1   0x16  Code  Gb  Menu.o [5]
AS5600_Init             0x1008'7f4d   0x30  Code  Gb  AS5600.o [5]
AS5600_Read             0x1008'7f7d   0x48  Code  Gb  AS5600.o [5]
AS561                   0x2802'184c   0x10  Data  Gb  main_cm7_0.o [45]
AS562                   0x2802'185c   0x10  Data  Gb  main_cm7_0.o [45]
Ac                      0x2802'18dc    0x4  Data  Gb  AS5600.o [5]
Angle                   0x2802'1942    0x2  Data  Gb  AS5600.o [5]
B                       0x1008'47e7   0x16  Code  Gb  Menu.o [5]
BaseAngle               0x2802'07b4    0x4  Data  Gb  main_cm7_0.o [45]
BlueTooth               0x2802'1944    0x2  Data  Gb  cm7_0_isr.o [45]
BusFault_Handler        0x1008'a51d         Code  Wk  startup_cm7.o [31]
C                       0x1008'47fd   0x16  Code  Gb  Menu.o [5]
CSTACK$$Base            0x2807'e000          --   Gb  - Linker created -
CSTACK$$Limit           0x2808'0000          --   Gb  - Linker created -
CopyVectorTable         0x1008'982d   0x34  Code  Lc  startup.o [31]
CpuUserInt0_Handler     0x1008'98af   0x26  Code  Gb  cy_interrupt_map.o [23]
CpuUserInt10_Handler    0x1008'a539         Code  Wk  startup_cm7.o [31]
CpuUserInt11_Handler    0x1008'a53d         Code  Wk  startup_cm7.o [31]
CpuUserInt12_Handler    0x1008'a541         Code  Wk  startup_cm7.o [31]
CpuUserInt13_Handler    0x1008'a545         Code  Wk  startup_cm7.o [31]
CpuUserInt14_Handler    0x1008'a549         Code  Wk  startup_cm7.o [31]
CpuUserInt15_Handler    0x1008'a54d         Code  Wk  startup_cm7.o [31]
CpuUserInt1_Handler     0x1008'98d5   0x26  Code  Gb  cy_interrupt_map.o [23]
CpuUserInt2_Handler     0x1008'98fb   0x26  Code  Gb  cy_interrupt_map.o [23]
CpuUserInt3_Handler     0x1008'9921   0x26  Code  Gb  cy_interrupt_map.o [23]
CpuUserInt4_Handler     0x1008'9947   0x26  Code  Gb  cy_interrupt_map.o [23]
CpuUserInt5_Handler     0x1008'996d   0x26  Code  Gb  cy_interrupt_map.o [23]
CpuUserInt6_Handler     0x1008'9993   0x26  Code  Gb  cy_interrupt_map.o [23]
CpuUserInt7_Handler     0x1008'99b9   0x26  Code  Gb  cy_interrupt_map.o [23]
CpuUserInt8_Handler     0x1008'a531         Code  Wk  startup_cm7.o [31]
CpuUserInt9_Handler     0x1008'a535         Code  Wk  startup_cm7.o [31]
Cy_DefaultUserHandler   0x1008'98ad    0x2  Code  Gb  cy_interrupt_map.o [23]
Cy_GPIO_ClearInterrupt  0x1008'2963    0xe  Code  Lc  cy_gpio.o [14]
Cy_GPIO_Clr             0x1008'6039    0xa  Code  Lc  zf_driver_gpio.o [49]
Cy_GPIO_Pin_Init        0x1008'29a7   0x72  Code  Gb  cy_gpio.o [14]
Cy_GPIO_Read            0x1008'6025    0xa  Code  Lc  zf_driver_gpio.o [49]
Cy_GPIO_Set             0x1008'602f    0xa  Code  Lc  zf_driver_gpio.o [49]
Cy_GPIO_SetDriveSel     0x1008'2945   0x1e  Code  Lc  cy_gpio.o [14]
Cy_GPIO_SetDrivemode    0x1008'28f5   0x1c  Code  Lc  cy_gpio.o [14]
Cy_GPIO_SetDrivemode    0x1008'6043   0x1c  Code  Lc  zf_driver_gpio.o [49]
Cy_GPIO_SetHSIOM        0x1008'2891   0x4c  Code  Lc  cy_gpio.o [14]
Cy_GPIO_SetInterruptEdge
                        0x1008'298b   0x1c  Code  Lc  cy_gpio.o [14]
Cy_GPIO_SetInterruptMask
                        0x1008'2971   0x1a  Code  Lc  cy_gpio.o [14]
Cy_GPIO_SetSlewRate     0x1008'292b   0x1a  Code  Lc  cy_gpio.o [14]
Cy_GPIO_SetVtrip        0x1008'2911   0x1a  Code  Lc  cy_gpio.o [14]
Cy_GPIO_Write           0x1008'28dd   0x18  Code  Lc  cy_gpio.o [14]
Cy_IPC_Drv_GetInterruptStatus
                        0x1008'8ac1    0x4  Code  Lc  cy_ipc_pipe.o [15]
Cy_IPC_Drv_GetInterruptStatusMasked
                        0x1008'8abd    0x4  Code  Lc  cy_ipc_pipe.o [15]
Cy_IPC_Drv_GetIntrBaseAddr
                        0x1008'8a81   0x2c  Code  Lc  cy_ipc_pipe.o [15]
Cy_IPC_Drv_GetIpcBaseAddress
                        0x1008'8a51   0x30  Code  Lc  cy_ipc_pipe.o [15]
Cy_IPC_Drv_IsLockAcquired
                        0x1008'8fa5    0x8  Code  Lc  cy_ipc_drv.o [15]
Cy_IPC_Drv_IsLockAcquired
                        0x1008'8ac5    0x8  Code  Lc  cy_ipc_pipe.o [15]
Cy_IPC_Drv_LockRelease  0x1008'8fad   0x20  Code  Gb  cy_ipc_drv.o [15]
Cy_IPC_Drv_ReadDataValue
                        0x1008'8fa1    0x4  Code  Lc  cy_ipc_drv.o [15]
Cy_IPC_Drv_ReadMsgPtr   0x1008'8acd    0x8  Code  Lc  cy_ipc_pipe.o [15]
Cy_IPC_Drv_ReadMsgWord  0x1008'8fcd   0x20  Code  Gb  cy_ipc_drv.o [15]
Cy_IPC_Drv_ReleaseNotify
                        0x1008'8f95    0xc  Code  Lc  cy_ipc_drv.o [15]
Cy_IPC_Drv_SetInterruptMask
                        0x1008'8aad   0x10  Code  Lc  cy_ipc_pipe.o [15]
Cy_IPC_Pipe_Init        0x1008'8ad5   0x9a  Code  Gb  cy_ipc_pipe.o [15]
Cy_IPC_Pipe_Isr         0x1008'8bb9   0x1e  Code  Gb  cy_ipc_pipe.o [15]
Cy_IPC_Pipe_RegisterCallback
                        0x1008'8ba7   0x12  Code  Gb  cy_ipc_pipe.o [15]
Cy_RestoreIRQ           0x1008'8f8d         Code  Gb  startup_cm7.o [31]
Cy_SCB_ClearRxInterrupt
                        0x1008'8ffb    0xa  Code  Lc  cm7_0_isr.o [45]
Cy_SCB_ClearTxInterrupt
                        0x1008'900b    0xa  Code  Lc  cm7_0_isr.o [45]
Cy_SCB_GetFifoSize      0x1008'56a5   0x12  Code  Lc  zf_driver_spi.o [49]
Cy_SCB_GetNumInRxFifo   0x1008'2de7    0xa  Code  Lc  zf_driver_uart.o [49]
Cy_SCB_GetNumInTxFifo   0x1008'566f    0xa  Code  Lc  zf_driver_spi.o [49]
Cy_SCB_GetNumInTxFifo   0x1008'2df7    0xa  Code  Lc  zf_driver_uart.o [49]
Cy_SCB_GetRxInterruptMask
                        0x1008'8ff5    0x6  Code  Lc  cm7_0_isr.o [45]
Cy_SCB_GetRxInterruptMask
                        0x1008'2e33    0x6  Code  Lc  zf_driver_uart.o [49]
Cy_SCB_GetTxInterruptMask
                        0x1008'9005    0x6  Code  Lc  cm7_0_isr.o [45]
Cy_SCB_GetTxInterruptMask
                        0x1008'2e3f    0x6  Code  Lc  zf_driver_uart.o [49]
Cy_SCB_GetTxSrValid     0x1008'5679    0xa  Code  Lc  zf_driver_spi.o [49]
Cy_SCB_GetTxSrValid     0x1008'2e01    0xa  Code  Lc  zf_driver_uart.o [49]
Cy_SCB_IsTxComplete     0x1008'5683   0x22  Code  Lc  zf_driver_spi.o [49]
Cy_SCB_IsTxComplete     0x1008'2e0b   0x22  Code  Lc  zf_driver_uart.o [49]
Cy_SCB_ReadRxFifo       0x1008'2de1    0x6  Code  Lc  zf_driver_uart.o [49]
Cy_SCB_SPI_Enable       0x1008'56b7    0xa  Code  Lc  zf_driver_spi.o [49]
Cy_SCB_SPI_Init         0x1008'6479  0x1d8  Code  Gb  cy_scb_spi.o [24]
Cy_SCB_SPI_SetActiveSlaveSelect
                        0x1008'56c1    0xc  Code  Lc  zf_driver_spi.o [49]
Cy_SCB_SetRxInterruptMask
                        0x1008'2e2d    0x6  Code  Lc  zf_driver_uart.o [49]
Cy_SCB_SetTxInterruptMask
                        0x1008'2e39    0x6  Code  Lc  zf_driver_uart.o [49]
Cy_SCB_UART_DeInit      0x1008'3c5d   0x5c  Code  Gb  cy_scb_uart.o [24]
Cy_SCB_UART_Enable      0x1008'2e45    0xa  Code  Lc  zf_driver_uart.o [49]
Cy_SCB_UART_Init        0x1008'39d9  0x284  Code  Gb  cy_scb_uart.o [24]
Cy_SCB_WriteTxFifo      0x1008'5669    0x6  Code  Lc  zf_driver_spi.o [49]
Cy_SCB_WriteTxFifo      0x1008'2df1    0x6  Code  Lc  zf_driver_uart.o [49]
Cy_SaveIRQ              0x1008'8f85         Code  Gb  startup_cm7.o [31]
Cy_SysClk_CheckDividerExisting
                        0x1008'61a1   0x2a  Code  Lc  zf_driver_delay.o [49]
Cy_SysClk_CheckDividerExisting
                        0x1008'7b49   0x2c  Code  Lc  zf_driver_pit.o [49]
Cy_SysClk_CheckDividerExisting
                        0x1008'15e1   0x2c  Code  Lc  zf_driver_pwm.o [49]
Cy_SysClk_CheckDividerExisting
                        0x1008'56cd   0x2c  Code  Lc  zf_driver_spi.o [49]
Cy_SysClk_CheckDividerExisting
                        0x1008'2c3d   0x2c  Code  Lc  zf_driver_uart.o [49]
Cy_SysClk_ClkPathGetSource
                        0x1008'3f41   0x54  Code  Gb  cy_sysclk.o [33]
Cy_SysClk_EcoGetStatus  0x1008'3dcd   0x1a  Code  Lc  cy_sysclk.o [33]
Cy_SysClk_Fast0ClkGetDivider
                        0x1008'3f15   0x16  Code  Lc  cy_sysclk.o [33]
Cy_SysClk_Fast1ClkGetDivider
                        0x1008'3f2b   0x16  Code  Lc  cy_sysclk.o [33]
Cy_SysClk_FllGetConfiguration
                        0x1008'3f9d   0x7e  Code  Gb  cy_sysclk.o [33]
Cy_SysClk_FllGetLockStatus
                        0x1008'3de7    0xc  Code  Lc  cy_sysclk.o [33]
Cy_SysClk_GetClockGroup
                        0x1008'6249    0x8  Code  Lc  zf_driver_delay.o [49]
Cy_SysClk_GetClockGroup
                        0x1008'7bf7    0x8  Code  Lc  zf_driver_pit.o [49]
Cy_SysClk_GetClockGroup
                        0x1008'168f    0x8  Code  Lc  zf_driver_pwm.o [49]
Cy_SysClk_GetClockGroup
                        0x1008'57b1    0x8  Code  Lc  zf_driver_spi.o [49]
Cy_SysClk_GetClockGroup
                        0x1008'2d21    0x8  Code  Lc  zf_driver_uart.o [49]
Cy_SysClk_GetCoreFrequency
                        0x1008'4661   0x2a  Code  Gb  cy_sysclk.o [33]
Cy_SysClk_GetEcoFrequency
                        0x1008'4169   0x32  Code  Gb  cy_sysclk.o [33]
Cy_SysClk_GetExtFrequency
                        0x1008'419d   0x1e  Code  Gb  cy_sysclk.o [33]
Cy_SysClk_GetFast0Frequency
                        0x1008'45b5   0x56  Code  Gb  cy_sysclk.o [33]
Cy_SysClk_GetFast1Frequency
                        0x1008'460b   0x56  Code  Gb  cy_sysclk.o [33]
Cy_SysClk_GetFllInputFrequency
                        0x1008'42bd    0xc  Code  Gb  cy_sysclk.o [33]
Cy_SysClk_GetFllOutputFrequency
                        0x1008'42e5   0x78  Code  Gb  cy_sysclk.o [33]
Cy_SysClk_GetHfClkFrequency
                        0x1008'4537   0x7a  Code  Gb  cy_sysclk.o [33]
Cy_SysClk_GetIlo0Frequency
                        0x1008'41bb   0x32  Code  Gb  cy_sysclk.o [33]
Cy_SysClk_GetIlo1Frequency
                        0x1008'41ed   0x32  Code  Gb  cy_sysclk.o [33]
Cy_SysClk_GetImoFrequency
                        0x1008'4137   0x32  Code  Gb  cy_sysclk.o [33]
Cy_SysClk_GetPathFrequency
                        0x1008'4505   0x32  Code  Gb  cy_sysclk.o [33]
Cy_SysClk_GetPathSourceFrequency
                        0x1008'4259   0x64  Code  Gb  cy_sysclk.o [33]
Cy_SysClk_GetPll400MNo  0x1008'3e31   0x14  Code  Lc  cy_sysclk.o [33]
Cy_SysClk_GetPllInputFrequency
                        0x1008'42c9   0x1c  Code  Gb  cy_sysclk.o [33]
Cy_SysClk_GetPllNo      0x1008'3df5   0x12  Code  Lc  cy_sysclk.o [33]
Cy_SysClk_GetPllOutputFrequency
                        0x1008'4361  0x1a0  Code  Gb  cy_sysclk.o [33]
Cy_SysClk_GetWcoFrequency
                        0x1008'421f   0x32  Code  Gb  cy_sysclk.o [33]
Cy_SysClk_HfClockGetDivider
                        0x1008'3ed3   0x42  Code  Lc  cy_sysclk.o [33]
Cy_SysClk_HfClockGetSource
                        0x1008'3e7f   0x54  Code  Lc  cy_sysclk.o [33]
Cy_SysClk_InitGetFreqParams
                        0x1008'411d   0x1a  Code  Gb  cy_sysclk.o [33]
Cy_SysClk_PeriphAssignDivider
                        0x1008'6251   0x68  Code  Lc  zf_driver_delay.o [49]
Cy_SysClk_PeriphAssignDivider
                        0x1008'7bff   0x68  Code  Lc  zf_driver_pit.o [49]
Cy_SysClk_PeriphAssignDivider
                        0x1008'1697   0x6a  Code  Lc  zf_driver_pwm.o [49]
Cy_SysClk_PeriphAssignDivider
                        0x1008'57b9   0x6a  Code  Lc  zf_driver_spi.o [49]
Cy_SysClk_PeriphAssignDivider
                        0x1008'2d29   0x6a  Code  Lc  zf_driver_uart.o [49]
Cy_SysClk_PeriphEnableDivider
                        0x1008'62b9   0x4c  Code  Lc  zf_driver_delay.o [49]
Cy_SysClk_PeriphEnableDivider
                        0x1008'7c67   0x4c  Code  Lc  zf_driver_pit.o [49]
Cy_SysClk_PeriphEnableDivider
                        0x1008'1701   0x4e  Code  Lc  zf_driver_pwm.o [49]
Cy_SysClk_PeriphEnableDivider
                        0x1008'5823   0x4e  Code  Lc  zf_driver_spi.o [49]
Cy_SysClk_PeriphEnableDivider
                        0x1008'2d93   0x4e  Code  Lc  zf_driver_uart.o [49]
Cy_SysClk_PeriphSetDivider
                        0x1008'61cb   0x7e  Code  Lc  zf_driver_delay.o [49]
Cy_SysClk_PeriphSetDivider
                        0x1008'7b75   0x82  Code  Lc  zf_driver_pit.o [49]
Cy_SysClk_PeriphSetDivider
                        0x1008'160d   0x82  Code  Lc  zf_driver_pwm.o [49]
Cy_SysClk_PeriphSetFracDivider
                        0x1008'56f9   0xb8  Code  Lc  zf_driver_spi.o [49]
Cy_SysClk_PeriphSetFracDivider
                        0x1008'2c69   0xb8  Code  Lc  zf_driver_uart.o [49]
Cy_SysClk_Pll400MGetConfiguration
                        0x1008'4089   0x84  Code  Gb  cy_sysclk.o [33]
Cy_SysClk_Pll400MGetLockStatus
                        0x1008'3e45   0x2a  Code  Lc  cy_sysclk.o [33]
Cy_SysClk_PllGetConfiguration
                        0x1008'4035   0x48  Code  Gb  cy_sysclk.o [33]
Cy_SysClk_PllGetLockStatus
                        0x1008'3e07   0x28  Code  Lc  cy_sysclk.o [33]
Cy_SysClk_WcoOkay       0x1008'3e71    0xe  Code  Lc  cy_sysclk.o [33]
Cy_SysInt_InitIRQ       0x1008'3ced   0x7e  Code  Gb  cy_sysint.o [35]
Cy_SysInt_SetSystemIrqVector
                        0x1008'3d6b   0x12  Code  Gb  cy_sysint.o [35]
Cy_SysInt_SystemIrqUserTableRamPointer
                        0x2802'06f0    0x4  Data  Gb  cy_interrupt_map.o [23]
Cy_SysLib_DelayCycles   0x1008'a2e1         Code  Gb  cy_syslib_iar.o [36]
Cy_SysLib_EnterCriticalSection
                        0x1008'a2f1         Code  Gb  cy_syslib_iar.o [36]
Cy_SysLib_ExitCriticalSection
                        0x1008'a2f9         Code  Gb  cy_syslib_iar.o [36]
Cy_SysLib_FaultHandler  0x1008'4729   0x90  Code  Gb  cy_syslib.o [36]
Cy_SysLib_Halt          0x1008'4725    0x4  Code  Gb  cy_syslib.o [36]
Cy_SysLib_ProcessingFault
                        0x1008'47cd    0x2  Code  Wk  cy_syslib.o [36]
Cy_SysLib_SvcHandler    0x1008'a44d    0xc  Code  Wk  cy_syslib.o [36]
Cy_SystemInitFpuEnable  0x1008'89ad   0x1e  Code  Gb  system_tviibh4m_cm7.o [22]
Cy_SystemIrqUserTable   0x2802'0004  0x6ec  Data  Gb  cy_interrupt_map.o [23]
Cy_Tcpwm_Counter_ClearTC_Intr
                        0x1008'6807   0x10  Code  Gb  cy_tcpwm_counter.o [43]
Cy_Tcpwm_Counter_Enable
                        0x1008'67e9    0xa  Code  Gb  cy_tcpwm_counter.o [43]
Cy_Tcpwm_Counter_GetCounter
                        0x1008'67f7    0x4  Code  Gb  cy_tcpwm_counter.o [43]
Cy_Tcpwm_Counter_Init   0x1008'6669  0x16c  Code  Gb  cy_tcpwm_counter.o [43]
Cy_Tcpwm_Counter_SetCounter
                        0x1008'67f3    0x4  Code  Gb  cy_tcpwm_counter.o [43]
Cy_Tcpwm_Counter_SetTC_IntrMask
                        0x1008'67fb    0xc  Code  Gb  cy_tcpwm_counter.o [43]
Cy_Tcpwm_Pwm_Enable     0x1008'2c25    0xa  Code  Gb  cy_tcpwm_pwm.o [43]
Cy_Tcpwm_Pwm_Init       0x1008'2a25  0x1e4  Code  Gb  cy_tcpwm_pwm.o [43]
Cy_Tcpwm_TriggerStart   0x1008'2c2f    0xc  Code  Gb  cy_tcpwm.o [43]
Cy_u32StartupStackEndAddress
                        0x1008'9ad4         Data  Gb  startup_cm7.o [31]
Cy_u32StartupStackStartAddress
[...]
get_uart_config         0x1008'2e4f  0x14c  Code  Lc  zf_driver_uart.o [49]
gnss_flag               0x2802'195b    0x1  Data  Gb  zf_device_gnss.o [48]
gnss_gga_state          0x2802'195d    0x1  Data  Lc  zf_device_gnss.o [48]
gnss_receiver_fifo      0x2802'1808   0x18  Data  Lc  zf_device_gnss.o [48]
gnss_rmc_state          0x2802'195e    0x1  Data  Lc  zf_device_gnss.o [48]
gnss_state              0x2802'195c    0x1  Data  Lc  zf_device_gnss.o [48]
gnss_ths_state          0x2802'195f    0x1  Data  Lc  zf_device_gnss.o [48]
gnss_uart_callback      0x1008'92b1   0xe2  Code  Gb  zf_device_gnss.o [48]
gpio_get_level          0x1008'60a3   0x22  Code  Gb  zf_driver_gpio.o [49]
gpio_init               0x1008'6113   0x88  Code  Gb  zf_driver_gpio.o [49]
gpio_set_dir            0x1008'60c5   0x4e  Code  Gb  zf_driver_gpio.o [49]
gpio_set_level          0x1008'605f   0x44  Code  Gb  zf_driver_gpio.o [49]
gps_gga_buffer          0x2802'1480   0x80  Data  Lc  zf_device_gnss.o [48]
gps_rmc_buffer          0x2802'1500   0x80  Data  Lc  zf_device_gnss.o [48]
gps_ths_buffer          0x2802'1580   0x80  Data  Lc  zf_device_gnss.o [48]
idx                     0x2802'18e0    0x4  Data  Gb  AS5600.o [5]
intFreqInitialized      0x2802'1950    0x1  Data  Gb  cy_sysclk.o [33]
internalBaseFreqInfo    0x2802'17c0   0x18  Data  Gb  cy_sysclk.o [33]
interrupt_global_disable
                        0x1008'3959   0x14  Code  Gb  zf_common_interrupt.o [46]
interrupt_global_enable
                        0x1008'3949   0x10  Code  Gb  zf_common_interrupt.o [46]
interrupt_global_flag   0x2802'192c    0x4  Data  Lc  zf_common_interrupt.o [46]
interrupt_init          0x1008'3999   0x36  Code  Gb  zf_common_interrupt.o [46]
interrupt_set_priority  0x1008'398d    0xc  Code  Gb  zf_common_interrupt.o [46]
ipc_communicate_init    0x1008'7adb   0x52  Code  Gb  zf_driver_ipc.o [49]
ipc_default_callback    0x1008'7acd    0x2  Code  Lc  zf_driver_ipc.o [49]
ipc_port_save           0x2802'1966    0x1  Data  Gb  zf_driver_ipc.o [49]
ipc_received_callback   0x1008'7acf    0xc  Code  Gb  zf_driver_ipc.o [49]
itemIndex               0x2802'1956    0x1  Data  Gb  Menu.o [5]
key_get_state           0x1008'55ff    0x8  Code  Gb  zf_device_key.o [48]
key_index               0x1008'a510    0x4  Data  Lc  zf_device_key.o [48]
key_init                0x1008'5607   0x4a  Code  Gb  zf_device_key.o [48]
key_press_time          0x2802'186c   0x10  Data  Lc  zf_device_key.o [48]
key_scanner             0x1008'5565   0x9a  Code  Gb  zf_device_key.o [48]
key_state               0x2802'1934    0x4  Data  Lc  zf_device_key.o [48]
last_speed              0x2802'1910    0x4  Data  Gb  Position.o [5]
ldexp                   0x1008'1231         Code  Gb  ldexp.o [51]
ldexpl                  0x1008'1231         Code  Gb  ldexp.o [51]
led_state               0x2802'1951    0x1  Data  Gb  main_cm7_0.o [45]
main                    0x1008'74f5  0x3f0  Code  Gb  main_cm7_0.o [45]
memchr                  0x1008'1045         Code  Gb  memchr.o [52]
menu                    0x2802'0928  0x750  Data  Gb  Menu.o [5]
menuIndex               0x2802'1955    0x1  Data  Gb  Menu.o [5]
mode                    0x2802'1957    0x1  Data  Gb  Menu.o [5]
my_ipc_callback         0x1008'73e9   0xf6  Code  Gb  main_cm7_0.o [45]
my_ipc_callback::i      0x2802'1953    0x1  Data  Lc  main_cm7_0.o [45]
ndigs                   0x1008'a1a8   0x28  Data  Lc  iar_Stoulx.o [50]
oled_clear              0x1008'5101   0x50  Code  Gb  zf_device_oled.o [48]
oled_debug_init         0x1008'50a1   0x60  Code  Lc  zf_device_oled.o [48]
oled_display_dir        0x2802'1960    0x1  Data  Lc  zf_device_oled.o [48]
oled_display_font       0x2802'1961    0x1  Data  Lc  zf_device_oled.o [48]
oled_init               0x1008'53f5  0x132  Code  Gb  zf_device_oled.o [48]
oled_set_coordinate     0x1008'5041   0x60  Code  Lc  zf_device_oled.o [48]
oled_set_dir            0x1008'5151    0x8  Code  Gb  zf_device_oled.o [48]
oled_show_float         0x1008'52ad  0x134  Code  Gb  zf_device_oled.o [48]
oled_show_string        0x1008'5159  0x154  Code  Gb  zf_device_oled.o [48]
oled_write_command      0x1008'502b   0x16  Code  Lc  zf_device_oled.o [48]
oled_write_data         0x1008'5015   0x16  Code  Lc  zf_device_oled.o [48]
pit0_ch0_isr            0x1008'9015   0x32  Code  Gb  cm7_0_isr.o [45]
pit0_ch10_isr           0x1008'905b    0xa  Code  Gb  cm7_0_isr.o [45]
pit0_ch11_isr           0x1008'9065    0xa  Code  Gb  cm7_0_isr.o [45]
pit0_ch12_isr           0x1008'906f    0xa  Code  Gb  cm7_0_isr.o [45]
pit0_ch13_isr           0x1008'9079    0xa  Code  Gb  cm7_0_isr.o [45]
pit0_ch14_isr           0x1008'9083    0xa  Code  Gb  cm7_0_isr.o [45]
pit0_ch15_isr           0x1008'908d    0xa  Code  Gb  cm7_0_isr.o [45]
pit0_ch16_isr           0x1008'9097    0xa  Code  Gb  cm7_0_isr.o [45]
pit0_ch17_isr           0x1008'90a1    0xa  Code  Gb  cm7_0_isr.o [45]
pit0_ch18_isr           0x1008'90ab    0xa  Code  Gb  cm7_0_isr.o [45]
pit0_ch19_isr           0x1008'90b5    0xa  Code  Gb  cm7_0_isr.o [45]
pit0_ch1_isr            0x1008'9047    0xa  Code  Gb  cm7_0_isr.o [45]
pit0_ch20_isr           0x1008'90bf    0xa  Code  Gb  cm7_0_isr.o [45]
pit0_ch21_isr           0x1008'90c9    0xe  Code  Gb  cm7_0_isr.o [45]
pit0_ch2_isr            0x1008'9051    0xa  Code  Gb  cm7_0_isr.o [45]
pit_enable              0x1008'7cdd   0x6c  Code  Gb  zf_driver_pit.o [49]
pit_init                0x1008'7d49  0x1ee  Code  Gb  zf_driver_pit.o [49]
pit_isr_flag_clear      0x1008'7cb3   0x2a  Code  Gb  zf_driver_pit.o [49]
pit_isr_func            0x2802'08b0   0x3c  Data  Gb  zf_driver_pit.o [49]
printf                  0x1008'853d   0x28  Code  Gb  printf.o [50]
putchar                 0x1008'a2bd   0x20  Code  Gb  putchar.o [50]
pwm_all_channel_close   0x1008'2191   0x1a  Code  Gb  zf_driver_pwm.o [49]
pwm_init                0x1008'2205  0x1e4  Code  Gb  zf_driver_pwm.o [49]
pwm_set_duty            0x1008'21ab   0x5a  Code  Gb  zf_driver_pwm.o [49]
sar_adc                 0x2802'08a0    0xc  Data  Lc  zf_driver_adc.o [49]
scalbln                 0x1008'1231         Code  Gb  ldexp.o [51]
scalblnl                0x1008'1231         Code  Gb  ldexp.o [51]
scalbn                  0x1008'1231         Code  Gb  ldexp.o [51]
scalbnl                 0x1008'1231         Code  Gb  ldexp.o [51]
scale                   0x1008'0e61   0x46  Code  Lc  xprintffull_nomb.o [50]
scanner_period          0x2802'1930    0x4  Data  Lc  zf_device_key.o [48]
scb_module              0x2802'0910   0x14  Data  Gb  zf_driver_uart.o [49]
sec_hand                0x2802'193c    0x4  Data  Lc  xfail_s.o [50]
set_wireless_type       0x1008'8a0f   0x32  Code  Gb  zf_device_type.o [48]
sinf                    0x1008'8e6d    0x4  Code  Gb  cos_sin32.o [51]
soft_iic_init           0x1008'736d   0x78  Code  Gb  zf_driver_soft_iic.o [49]
soft_iic_read_8bit_registers
                        0x1008'72c1   0x9a  Code  Gb  zf_driver_soft_iic.o [49]
soft_iic_read_data      0x1008'71b3  0x10e  Code  Lc  zf_driver_soft_iic.o [49]
soft_iic_send_ack       0x1008'6f45   0xc6  Code  Lc  zf_driver_soft_iic.o [49]
soft_iic_send_data      0x1008'70db   0xd8  Code  Lc  zf_driver_soft_iic.o [49]
soft_iic_start          0x1008'6e09   0x9e  Code  Lc  zf_driver_soft_iic.o [49]
soft_iic_stop           0x1008'6ea7   0x9e  Code  Lc  zf_driver_soft_iic.o [49]
soft_iic_wait_ack       0x1008'700b   0xd0  Code  Lc  zf_driver_soft_iic.o [49]
spi_get_clk_hsiom       0x1008'592d   0x28  Code  Lc  zf_driver_spi.o [49]
spi_get_clk_pin         0x1008'5871   0x28  Code  Lc  zf_driver_spi.o [49]
spi_get_cs_hsiom        0x1008'59a5   0x44  Code  Lc  zf_driver_spi.o [49]
spi_get_cs_pin          0x1008'58e9   0x44  Code  Lc  zf_driver_spi.o [49]
spi_get_miso_hsiom      0x1008'597d   0x28  Code  Lc  zf_driver_spi.o [49]
spi_get_miso_pin        0x1008'58c1   0x28  Code  Lc  zf_driver_spi.o [49]
spi_get_mosi_hsiom      0x1008'5955   0x28  Code  Lc  zf_driver_spi.o [49]
spi_get_mosi_pin        0x1008'5899   0x28  Code  Lc  zf_driver_spi.o [49]
spi_init                0x1008'5be9  0x28e  Code  Gb  zf_driver_spi.o [49]
spi_module              0x2802'08ec   0x10  Data  Gb  zf_driver_spi.o [49]
spi_write_8bit          0x1008'5b25   0xaa  Code  Gb  zf_driver_spi.o [49]
sprintf                 0x1008'3465   0x40  Code  Gb  sprintf.o [50]
sqrtf                   0x1008'8e71         Code  Gb  sqrtf.o [51]
strchr                  0x1008'0fad         Code  Gb  strchr.o [52]
strcpy                  0x1008'554d         Code  Gb  strcpy.o [52]
strlen                  0x1008'100d         Code  Gb  strlen.o [52]
strncmp                 0x1008'9439   0x2a  Code  Gb  strncmp.o [50]
strncpy                 0x1008'46b5         Code  Gb  strncpy.o [52]
switch_transition_length
                        0x1008'59e9  0x13c  Code  Lc  zf_driver_spi.o [49]
system_clock            0x2802'1928    0x4  Data  Gb  zf_common_clock.o [46]
system_delay_init       0x1008'63b9   0xa6  Code  Gb  zf_driver_delay.o [49]
system_delay_ms         0x1008'635b   0x5e  Code  Gb  zf_driver_delay.o [49]
system_delay_us         0x1008'6305   0x56  Code  Gb  zf_driver_delay.o [49]
timer_ch                0x2802'0927    0x1  Data  Lc  zf_driver_delay.o [49]
tsl1401_collect_pit_handler
                        0x1008'9235   0x68  Code  Gb  zf_device_tsl1401.o [48]
tsl1401_data            0x2802'1078  0x200  Data  Gb  zf_device_tsl1401.o [48]
tsl1401_finish_flag     0x2802'1963    0x1  Data  Gb  zf_device_tsl1401.o [48]
tsl1401_init_state      0x2802'1962    0x1  Data  Lc  zf_device_tsl1401.o [48]
turn_speed              0x2802'190c    0x4  Data  Gb  main_cm7_0.o [45]
type_default_callback   0x1008'8a0d    0x2  Code  Lc  zf_device_type.o [48]
uart0_isr               0x1008'90d7   0x40  Code  Gb  cm7_0_isr.o [45]
uart1_isr               0x1008'9117   0x42  Code  Gb  cm7_0_isr.o [45]
uart2_isr               0x1008'9159   0x40  Code  Gb  cm7_0_isr.o [45]
uart3_isr               0x1008'9199   0x3c  Code  Gb  cm7_0_isr.o [45]
uart4_isr               0x1008'91d5   0x42  Code  Gb  cm7_0_isr.o [45]
uart_context            0x2802'1278  0x118  Data  Gb  zf_driver_uart.o [49]
uart_init               0x1008'328d  0x190  Code  Gb  zf_driver_uart.o [49]
uart_isr_func           0x2802'08fc   0x14  Data  Gb  zf_driver_uart.o [49]
uart_query_byte         0x1008'3041   0x32  Code  Gb  zf_driver_uart.o [49]
uart_receiver_handler   0x2802'089c    0x4  Data  Gb  zf_device_type.o [48]
uart_rx_interrupt       0x1008'318f   0xfe  Code  Gb  zf_driver_uart.o [49]
uart_tx_interrupt       0x1008'3073  0x11c  Code  Gb  zf_driver_uart.o [49]
uart_write_buffer       0x1008'3007   0x1e  Code  Gb  zf_driver_uart.o [49]
uart_write_byte         0x1008'2fdf   0x28  Code  Gb  zf_driver_uart.o [49]
uart_write_string       0x1008'3025   0x1c  Code  Gb  zf_driver_uart.o [49]
up                      0x1008'4ce9   0x8a  Code  Gb  Menu.o [5]
uq                      0x2802'18d0    0xc  Data  Gb  Motor.o [5]
user_callback           0x2802'08ac    0x4  Data  Gb  zf_driver_ipc.o [49]
wireless_module_uart_handler
                        0x2802'0898    0x4  Data  Gb  zf_device_type.o [48]
wireless_type           0x2802'1964    0x1  Data  Gb  zf_device_type.o [48]
wireless_uart_buffer    0x2802'1740   0x40  Data  Lc  zf_device_wireless_uart.o [48]
wireless_uart_callback  0x1008'7a21   0x1c  Code  Gb  zf_device_wireless_uart.o [48]
wireless_uart_data      0x2802'1965    0x1  Data  Lc  zf_device_wireless_uart.o [48]
wireless_uart_fifo      0x2802'1820   0x18  Data  Lc  zf_device_wireless_uart.o [48]
wireless_uart_init      0x1008'7a3d   0x40  Code  Gb  zf_device_wireless_uart.o [48]
wireless_uart_read_buffer
                        0x1008'79f5   0x2c  Code  Gb  zf_device_wireless_uart.o [48]
zf_debug_assert_enable  0x2802'0926    0x1  Data  Lc  zf_common_debug.o [46]
zf_debug_init_flag      0x2802'1958    0x1  Data  Lc  zf_common_debug.o [46]


[1] = C:\Users\wangzuohao\Desktop\ASCº®¼Ù¼¯Ñµ\CYT4BB7_Library-master\Example\Coreboard_Demo\E01_gpio_demo-1\iar\Debug_m7_0\Obj\adc_11722776235721520015.dir
[2] = C:\Users\wangzuohao\Desktop\ASCº®¼Ù¼¯Ñµ\CYT4BB7_Library-master\Example\Coreboard_Demo\E01_gpio_demo-1\iar\Debug_m7_0\Obj\audioss_1346650047966882938.dir
[3] = C:\Users\wangzuohao\Desktop\ASCº®¼Ù¼¯Ñµ\CYT4BB7_Library-master\Example\Coreboard_Demo\E01_gpio_demo-1\iar\Debug_m7_0\Obj\button_4990804375159372270.dir
[4] = C:\Users\wangzuohao\Desktop\ASCº®¼Ù¼¯Ñµ\CYT4BB7_Library-master\Example\Coreboard_Demo\E01_gpio_demo-1\iar\Debug_m7_0\Obj\canfd_1800690984773873875.dir
[5] = C:\Users\wangzuohao\Desktop\ASCº®¼Ù¼¯Ñµ\CYT4BB7_Library-master\Example\Coreboard_Demo\E01_gpio_demo-1\iar\Debug_m7_0\Obj\code_17896468042025673432.dir
[6] = C:\Users\wangzuohao\Desktop\ASCº®¼Ù¼¯Ñµ\CYT4BB7_Library-master\Example\Coreboard_Demo\E01_gpio_demo-1\iar\Debug_m7_0\Obj\cpu_15938736945165268644.dir
[7] = C:\Users\wangzuohao\Desktop\ASCº®¼Ù¼¯Ñµ\CYT4BB7_Library-master\Example\Coreboard_Demo\E01_gpio_demo-1\iar\Debug_m7_0\Obj\crypto_1190170608956581615.dir
[8] = C:\Users\wangzuohao\Desktop\ASCº®¼Ù¼¯Ñµ\CYT4BB7_Library-master\Example\Coreboard_Demo\E01_gpio_demo-1\iar\Debug_m7_0\Obj\dma_12106025507578611576.dir
[9] = C:\Users\wangzuohao\Desktop\ASCº®¼Ù¼¯Ñµ\CYT4BB7_Library-master\Example\Coreboard_Demo\E01_gpio_demo-1\iar\Debug_m7_0\Obj\eth_phy_18133017486186456677.dir
[10] = C:\Users\wangzuohao\Desktop\ASCº®¼Ù¼¯Ñµ\CYT4BB7_Library-master\Example\Coreboard_Demo\E01_gpio_demo-1\iar\Debug_m7_0\Obj\ethernet_6029839089178797009.dir
[11] = C:\Users\wangzuohao\Desktop\ASCº®¼Ù¼¯Ñµ\CYT4BB7_Library-master\Example\Coreboard_Demo\E01_gpio_demo-1\iar\Debug_m7_0\Obj\evtgen_3404189088603873129.dir
[12] = C:\Users\wangzuohao\Desktop\ASCº®¼Ù¼¯Ñµ\CYT4BB7_Library-master\Example\Coreboard_Demo\E01_gpio_demo-1\iar\Debug_m7_0\Obj\flash_8529866181315662935.dir
[13] = C:\Users\wangzuohao\Desktop\ASCº®¼Ù¼¯Ñµ\CYT4BB7_Library-master\Example\Coreboard_Demo\E01_gpio_demo-1\iar\Debug_m7_0\Obj\flash_864493325053435817.dir
[14] = C:\Users\wangzuohao\Desktop\ASCº®¼Ù¼¯Ñµ\CYT4BB7_Library-master\Example\Coreboard_Demo\E01_gpio_demo-1\iar\Debug_m7_0\Obj\gpio_3999404635324069351.dir
[15] = C:\Users\wangzuohao\Desktop\ASCº®¼Ù¼¯Ñµ\CYT4BB7_Library-master\Example\Coreboard_Demo\E01_gpio_demo-1\iar\Debug_m7_0\Obj\ipc_10145506163450686023.dir
[16] = C:\Users\wangzuohao\Desktop\ASCº®¼Ù¼¯Ñµ\CYT4BB7_Library-master\Example\Coreboard_Demo\E01_gpio_demo-1\iar\Debug_m7_0\Obj\lin_18429031207028094880.dir
[17] = C:\Users\wangzuohao\Desktop\ASCº®¼Ù¼¯Ñµ\CYT4BB7_Library-master\Example\Coreboard_Demo\E01_gpio_demo-1\iar\Debug_m7_0\Obj\lvd_6353935867039560245.dir
[18] = C:\Users\wangzuohao\Desktop\ASCº®¼Ù¼¯Ñµ\CYT4BB7_Library-master\Example\Coreboard_Demo\E01_gpio_demo-1\iar\Debug_m7_0\Obj\mcwdt_4052485907822033969.dir
[19] = C:\Users\wangzuohao\Desktop\ASCº®¼Ù¼¯Ñµ\CYT4BB7_Library-master\Example\Coreboard_Demo\E01_gpio_demo-1\iar\Debug_m7_0\Obj\mpu_5663187252346826382.dir
[20] = C:\Users\wangzuohao\Desktop\ASCº®¼Ù¼¯Ñµ\CYT4BB7_Library-master\Example\Coreboard_Demo\E01_gpio_demo-1\iar\Debug_m7_0\Obj\power_14453085144426420577.dir
[21] = C:\Users\wangzuohao\Desktop\ASCº®¼Ù¼¯Ñµ\CYT4BB7_Library-master\Example\Coreboard_Demo\E01_gpio_demo-1\iar\Debug_m7_0\Obj\prot_10722960861768657883.dir
[22] = C:\Users\wangzuohao\Desktop\ASCº®¼Ù¼¯Ñµ\CYT4BB7_Library-master\Example\Coreboard_Demo\E01_gpio_demo-1\iar\Debug_m7_0\Obj\rev_b_4986922561640112550.dir
[23] = C:\Users\wangzuohao\Desktop\ASCº®¼Ù¼¯Ñµ\CYT4BB7_Library-master\Example\Coreboard_Demo\E01_gpio_demo-1\iar\Debug_m7_0\Obj\rev_b_6162237342861132223.dir
[24] = C:\Users\wangzuohao\Desktop\ASCº®¼Ù¼¯Ñµ\CYT4BB7_Library-master\Example\Coreboard_Demo\E01_gpio_demo-1\iar\Debug_m7_0\Obj\scb_15490842639181808494.dir
[25] = C:\Users\wangzuohao\Desktop\ASCº®¼Ù¼¯Ñµ\CYT4BB7_Library-master\Example\Coreboard_Demo\E01_gpio_demo-1\iar\Debug_m7_0\Obj\sd_host_2982766354293506895.dir
[26] = C:\Users\wangzuohao\Desktop\ASCº®¼Ù¼¯Ñµ\CYT4BB7_Library-master\Example\Coreboard_Demo\E01_gpio_demo-1\iar\Debug_m7_0\Obj\semihosting_143864889731838620.dir
[27] = C:\Users\wangzuohao\Desktop\ASCº®¼Ù¼¯Ñµ\CYT4BB7_Library-master\Example\Coreboard_Demo\E01_gpio_demo-1\iar\Debug_m7_0\Obj\smartio_5451710003740070188.dir
[28] = C:\Users\wangzuohao\Desktop\ASCº®¼Ù¼¯Ñµ\CYT4BB7_Library-master\Example\Coreboard_Demo\E01_gpio_demo-1\iar\Debug_m7_0\Obj\smif_427648126384146252.dir
[29] = C:\Users\wangzuohao\Desktop\ASCº®¼Ù¼¯Ñµ\CYT4BB7_Library-master\Example\Coreboard_Demo\E01_gpio_demo-1\iar\Debug_m7_0\Obj\smif_mem_6470536964353725183.dir
[30] = C:\Users\wangzuohao\Desktop\ASCº®¼Ù¼¯Ñµ\CYT4BB7_Library-master\Example\Coreboard_Demo\E01_gpio_demo-1\iar\Debug_m7_0\Obj\srom_13018798572330080582.dir
[31] = C:\Users\wangzuohao\Desktop\ASCº®¼Ù¼¯Ñµ\CYT4BB7_Library-master\Example\Coreboard_Demo\E01_gpio_demo-1\iar\Debug_m7_0\Obj\startup_479057977785470282.dir
[32] = C:\Users\wangzuohao\Desktop\ASCº®¼Ù¼¯Ñµ\CYT4BB7_Library-master\Example\Coreboard_Demo\E01_gpio_demo-1\iar\Debug_m7_0\Obj\sw_timer_4215635015939382130.dir
[33] = C:\Users\wangzuohao\Desktop\ASCº®¼Ù¼¯Ñµ\CYT4BB7_Library-master\Example\Coreboard_Demo\E01_gpio_demo-1\iar\Debug_m7_0\Obj\sysclk_16149231235676103872.dir
[34] = C:\Users\wangzuohao\Desktop\ASCº®¼Ù¼¯Ñµ\CYT4BB7_Library-master\Example\Coreboard_Demo\E01_gpio_demo-1\iar\Debug_m7_0\Obj\sysflt_12293435975120599261.dir
[35] = C:\Users\wangzuohao\Desktop\ASCº®¼Ù¼¯Ñµ\CYT4BB7_Library-master\Example\Coreboard_Demo\E01_gpio_demo-1\iar\Debug_m7_0\Obj\sysint_7435970359207984181.dir
[36] = C:\Users\wangzuohao\Desktop\ASCº®¼Ù¼¯Ñµ\CYT4BB7_Library-master\Example\Coreboard_Demo\E01_gpio_demo-1\iar\Debug_m7_0\Obj\syslib_16330585751512546975.dir
[37] = C:\Users\wangzuohao\Desktop\ASCº®¼Ù¼¯Ñµ\CYT4BB7_Library-master\Example\Coreboard_Demo\E01_gpio_demo-1\iar\Debug_m7_0\Obj\syspm_10887939769544754770.dir
[38] = C:\Users\wangzuohao\Desktop\ASCº®¼Ù¼¯Ñµ\CYT4BB7_Library-master\Example\Coreboard_Demo\E01_gpio_demo-1\iar\Debug_m7_0\Obj\sysreghc_17676636058511625587.dir
[39] = C:\Users\wangzuohao\Desktop\ASCº®¼Ù¼¯Ñµ\CYT4BB7_Library-master\Example\Coreboard_Demo\E01_gpio_demo-1\iar\Debug_m7_0\Obj\sysreset_14586141425677365288.dir
[40] = C:\Users\wangzuohao\Desktop\ASCº®¼Ù¼¯Ñµ\CYT4BB7_Library-master\Example\Coreboard_Demo\E01_gpio_demo-1\iar\Debug_m7_0\Obj\sysrtc_10747768817563771611.dir
[41] = C:\Users\wangzuohao\Desktop\ASCº®¼Ù¼¯Ñµ\CYT4BB7_Library-master\Example\Coreboard_Demo\E01_gpio_demo-1\iar\Debug_m7_0\Obj\systick_16016591671695740695.dir
[42] = C:\Users\wangzuohao\Desktop\ASCº®¼Ù¼¯Ñµ\CYT4BB7_Library-master\Example\Coreboard_Demo\E01_gpio_demo-1\iar\Debug_m7_0\Obj\syswdt_9118657615806274156.dir
[43] = C:\Users\wangzuohao\Desktop\ASCº®¼Ù¼¯Ñµ\CYT4BB7_Library-master\Example\Coreboard_Demo\E01_gpio_demo-1\iar\Debug_m7_0\Obj\tcpwm_422923530147891246.dir
[44] = C:\Users\wangzuohao\Desktop\ASCº®¼Ù¼¯Ñµ\CYT4BB7_Library-master\Example\Coreboard_Demo\E01_gpio_demo-1\iar\Debug_m7_0\Obj\trigmux_9729677290734583340.dir
[45] = C:\Users\wangzuohao\Desktop\ASCº®¼Ù¼¯Ñµ\CYT4BB7_Library-master\Example\Coreboard_Demo\E01_gpio_demo-1\iar\Debug_m7_0\Obj\user_8514941877209965082.dir
[46] = C:\Users\wangzuohao\Desktop\ASCº®¼Ù¼¯Ñµ\CYT4BB7_Library-master\Example\Coreboard_Demo\E01_gpio_demo-1\iar\Debug_m7_0\Obj\zf_common_1201165462030747823.dir
[47] = C:\Users\wangzuohao\Desktop\ASCº®¼Ù¼¯Ñµ\CYT4BB7_Library-master\Example\Coreboard_Demo\E01_gpio_demo-1\iar\Debug_m7_0\Obj\zf_components_14936052685886095442.dir
[48] = C:\Users\wangzuohao\Desktop\ASCº®¼Ù¼¯Ñµ\CYT4BB7_Library-master\Example\Coreboard_Demo\E01_gpio_demo-1\iar\Debug_m7_0\Obj\zf_device_6570275422786408770.dir
[49] = C:\Users\wangzuohao\Desktop\ASCº®¼Ù¼¯Ñµ\CYT4BB7_Library-master\Example\Coreboard_Demo\E01_gpio_demo-1\iar\Debug_m7_0\Obj\zf_driver_11922370083829174090.dir
[50] = dl7M_tln.a
[51] = m7M_tlv.a
[52] = rt7M_tl.a
[53] = shb_l.a
[54] = zf_device_config.a

  37'994 bytes of readonly  code memory
   4'613 bytes of readonly  data memory
  14'823 bytes of readwrite data memory

Errors: none
Warnings: none
