###############################################################################
#
# IAR ELF Linker V9.40.1.364/W64 for ARM                  31/Jan/2026  01:23:03
# Copyright 2007-2023 IAR Systems AB.
#
#    Output file  =
#        C:\Users\wangzuohao\Desktop\ASCº®¼Ù¼¯Ñµ\CYT4BB7_Library-master\Example\Coreboard_Demo\E01_gpio_demo
#        - 1\iar\project_config\Debug_m7_0\Exe\cyt4bb7_cm_7_0.out
#    Map file     =
#        C:\Users\wangzuohao\Desktop\ASCº®¼Ù¼¯Ñµ\CYT4BB7_Library-master\Example\Coreboard_Demo\E01_gpio_demo
#        - 1\iar\Debug_m7_0\List\cyt4bb7_cm_7_0.map
#    Command line =
#        -f
#        "C:\Users\wangzuohao\Desktop\ASCº®¼Ù¼¯Ñµ\CYT4BB7_Library-master\Example\Coreboard_Demo\E01_gpio_demo
#        - 1\iar\project_config\Debug_m7_0\Exe\cyt4bb7_cm_7_0.out.rsp"
#        ("C:\Users\wangzuohao\Desktop\ASCº®¼Ù¼¯Ñµ\CYT4BB7_Library-master\Example\Coreboard_Demo\E01_gpio_demo
#        - 1\iar\Debug_m7_0\Obj\code_17896468042025673432.dir\AS5600.o"
#        "C:\Users\wangzuohao\Desktop\ASCº®¼Ù¼¯Ñµ\CYT4BB7_Library-master\Example\Coreboard_Demo\E01_gpio_demo
#        - 1\iar\Debug_m7_0\Obj\user_8514941877209965082.dir\cm7_0_isr.o"
#        "C:\Users\wangzuohao\Desktop\ASCº®¼Ù¼¯Ñµ\CYT4BB7_Library-master\Example\Coreboard_Demo\E01_gpio_demo
#        - 1\iar\Debug_m7_0\Obj\adc_11722776235721520015.dir\cy_adc.o"
#        "C:\Users\wangzuohao\Desktop\ASCº®¼Ù¼¯Ñµ\CYT4BB7_Library-master\Example\Coreboard_Demo\E01_gpio_demo
#        - 1\iar\Debug_m7_0\Obj\button_4990804375159372270.dir\cy_button.o"
#        "C:\Users\wangzuohao\Desktop\ASCº®¼Ù¼¯Ñµ\CYT4BB7_Library-master\Example\Coreboard_Demo\E01_gpio_demo
#        - 1\iar\Debug_m7_0\Obj\canfd_1800690984773873875.dir\cy_canfd.o"
#        "C:\Users\wangzuohao\Desktop\ASCº®¼Ù¼¯Ñµ\CYT4BB7_Library-master\Example\Coreboard_Demo\E01_gpio_demo
#        - 1\iar\Debug_m7_0\Obj\cpu_15938736945165268644.dir\cy_cpu.o"
#        "C:\Users\wangzuohao\Desktop\ASCº®¼Ù¼¯Ñµ\CYT4BB7_Library-master\Example\Coreboard_Demo\E01_gpio_demo
#        -
#        1\iar\Debug_m7_0\Obj\crypto_1190170608956581615.dir\cy_crypto_config.o"
#        "C:\Users\wangzuohao\Desktop\ASCº®¼Ù¼¯Ñµ\CYT4BB7_Library-master\Example\Coreboard_Demo\E01_gpio_demo
#        - 1\iar\Debug_m7_0\Obj\eth_phy_18133017486186456677.dir\cy_dp83867.o"
#        "C:\Users\wangzuohao\Desktop\ASCº®¼Ù¼¯Ñµ\CYT4BB7_Library-master\Example\Coreboard_Demo\E01_gpio_demo
#        - 1\iar\Debug_m7_0\Obj\ethernet_6029839089178797009.dir\cy_ethif.o"
#        "C:\Users\wangzuohao\Desktop\ASCº®¼Ù¼¯Ñµ\CYT4BB7_Library-master\Example\Coreboard_Demo\E01_gpio_demo
#        - 1\iar\Debug_m7_0\Obj\evtgen_3404189088603873129.dir\cy_evtgen.o"
#        "C:\Users\wangzuohao\Desktop\ASCº®¼Ù¼¯Ñµ\CYT4BB7_Library-master\Example\Coreboard_Demo\E01_gpio_demo
#        - 1\iar\Debug_m7_0\Obj\flash_8529866181315662935.dir\cy_flash.o"
#        "C:\Users\wangzuohao\Desktop\ASCº®¼Ù¼¯Ñµ\CYT4BB7_Library-master\Example\Coreboard_Demo\E01_gpio_demo
#        - 1\iar\Debug_m7_0\Obj\gpio_3999404635324069351.dir\cy_gpio.o"
#        "C:\Users\wangzuohao\Desktop\ASCº®¼Ù¼¯Ñµ\CYT4BB7_Library-master\Example\Coreboard_Demo\E01_gpio_demo
#        - 1\iar\Debug_m7_0\Obj\audioss_1346650047966882938.dir\cy_i2s.o"
#        "C:\Users\wangzuohao\Desktop\ASCº®¼Ù¼¯Ñµ\CYT4BB7_Library-master\Example\Coreboard_Demo\E01_gpio_demo
#        -
#        1\iar\Debug_m7_0\Obj\rev_b_6162237342861132223.dir\cy_interrupt_map.o"
#        "C:\Users\wangzuohao\Desktop\ASCº®¼Ù¼¯Ñµ\CYT4BB7_Library-master\Example\Coreboard_Demo\E01_gpio_demo
#        - 1\iar\Debug_m7_0\Obj\ipc_10145506163450686023.dir\cy_ipc_drv.o"
#        "C:\Users\wangzuohao\Desktop\ASCº®¼Ù¼¯Ñµ\CYT4BB7_Library-master\Example\Coreboard_Demo\E01_gpio_demo
#        - 1\iar\Debug_m7_0\Obj\ipc_10145506163450686023.dir\cy_ipc_pipe.o"
#        "C:\Users\wangzuohao\Desktop\ASCº®¼Ù¼¯Ñµ\CYT4BB7_Library-master\Example\Coreboard_Demo\E01_gpio_demo
#        - 1\iar\Debug_m7_0\Obj\ipc_10145506163450686023.dir\cy_ipc_sema.o"
#        "C:\Users\wangzuohao\Desktop\ASCº®¼Ù¼¯Ñµ\CYT4BB7_Library-master\Example\Coreboard_Demo\E01_gpio_demo
#        - 1\iar\Debug_m7_0\Obj\lin_18429031207028094880.dir\cy_lin.o"
#        "C:\Users\wangzuohao\Desktop\ASCº®¼Ù¼¯Ñµ\CYT4BB7_Library-master\Example\Coreboard_Demo\E01_gpio_demo
#        - 1\iar\Debug_m7_0\Obj\lvd_6353935867039560245.dir\cy_lvd.o"
#        "C:\Users\wangzuohao\Desktop\ASCº®¼Ù¼¯Ñµ\CYT4BB7_Library-master\Example\Coreboard_Demo\E01_gpio_demo
#        - 1\iar\Debug_m7_0\Obj\mcwdt_4052485907822033969.dir\cy_mcwdt.o"
#        "C:\Users\wangzuohao\Desktop\ASCº®¼Ù¼¯Ñµ\CYT4BB7_Library-master\Example\Coreboard_Demo\E01_gpio_demo
#        - 1\iar\Debug_m7_0\Obj\dma_12106025507578611576.dir\cy_mdma.o"
#        "C:\Users\wangzuohao\Desktop\ASCº®¼Ù¼¯Ñµ\CYT4BB7_Library-master\Example\Coreboard_Demo\E01_gpio_demo
#        - 1\iar\Debug_m7_0\Obj\mpu_5663187252346826382.dir\cy_mpu.o"
#        "C:\Users\wangzuohao\Desktop\ASCº®¼Ù¼¯Ñµ\CYT4BB7_Library-master\Example\Coreboard_Demo\E01_gpio_demo
#        - 1\iar\Debug_m7_0\Obj\flash_864493325053435817.dir\cy_mw_flash.o"
#        "C:\Users\wangzuohao\Desktop\ASCº®¼Ù¼¯Ñµ\CYT4BB7_Library-master\Example\Coreboard_Demo\E01_gpio_demo
#        - 1\iar\Debug_m7_0\Obj\dma_12106025507578611576.dir\cy_pdma.o"
#        "C:\Users\wangzuohao\Desktop\ASCº®¼Ù¼¯Ñµ\CYT4BB7_Library-master\Example\Coreboard_Demo\E01_gpio_demo
#        - 1\iar\Debug_m7_0\Obj\power_14453085144426420577.dir\cy_power.o"
#        "C:\Users\wangzuohao\Desktop\ASCº®¼Ù¼¯Ñµ\CYT4BB7_Library-master\Example\Coreboard_Demo\E01_gpio_demo
#        - 1\iar\Debug_m7_0\Obj\prot_10722960861768657883.dir\cy_prot.o"
#        "C:\Users\wangzuohao\Desktop\ASCº®¼Ù¼¯Ñµ\CYT4BB7_Library-master\Example\Coreboard_Demo\E01_gpio_demo
#        - 1\iar\Debug_m7_0\Obj\scb_15490842639181808494.dir\cy_scb_common.o"
#        "C:\Users\wangzuohao\Desktop\ASCº®¼Ù¼¯Ñµ\CYT4BB7_Library-master\Example\Coreboard_Demo\E01_gpio_demo
#        - 1\iar\Debug_m7_0\Obj\scb_15490842639181808494.dir\cy_scb_ezi2c.o"
#        "C:\Users\wangzuohao\Desktop\ASCº®¼Ù¼¯Ñµ\CYT4BB7_Library-master\Example\Coreboard_Demo\E01_gpio_demo
#        - 1\iar\Debug_m7_0\Obj\scb_15490842639181808494.dir\cy_scb_i2c.o"
#        "C:\Users\wangzuohao\Desktop\ASCº®¼Ù¼¯Ñµ\CYT4BB7_Library-master\Example\Coreboard_Demo\E01_gpio_demo
#        - 1\iar\Debug_m7_0\Obj\scb_15490842639181808494.dir\cy_scb_spi.o"
#        "C:\Users\wangzuohao\Desktop\ASCº®¼Ù¼¯Ñµ\CYT4BB7_Library-master\Example\Coreboard_Demo\E01_gpio_demo
#        - 1\iar\Debug_m7_0\Obj\scb_15490842639181808494.dir\cy_scb_uart.o"
#        "C:\Users\wangzuohao\Desktop\ASCº®¼Ù¼¯Ñµ\CYT4BB7_Library-master\Example\Coreboard_Demo\E01_gpio_demo
#        - 1\iar\Debug_m7_0\Obj\sd_host_2982766354293506895.dir\cy_sd_host.o"
#        "C:\Users\wangzuohao\Desktop\ASCº®¼Ù¼¯Ñµ\CYT4BB7_Library-master\Example\Coreboard_Demo\E01_gpio_demo
#        -
#        1\iar\Debug_m7_0\Obj\semihosting_143864889731838620.dir\cy_semihosting.o"
#        "C:\Users\wangzuohao\Desktop\ASCº®¼Ù¼¯Ñµ\CYT4BB7_Library-master\Example\Coreboard_Demo\E01_gpio_demo
#        - 1\iar\Debug_m7_0\Obj\smartio_5451710003740070188.dir\cy_smartio.o"
#        "C:\Users\wangzuohao\Desktop\ASCº®¼Ù¼¯Ñµ\CYT4BB7_Library-master\Example\Coreboard_Demo\E01_gpio_demo
#        - 1\iar\Debug_m7_0\Obj\smif_427648126384146252.dir\cy_smif.o"
#        "C:\Users\wangzuohao\Desktop\ASCº®¼Ù¼¯Ñµ\CYT4BB7_Library-master\Example\Coreboard_Demo\E01_gpio_demo
#        -
#        1\iar\Debug_m7_0\Obj\smif_mem_6470536964353725183.dir\cy_smif_device_common.o"
#        "C:\Users\wangzuohao\Desktop\ASCº®¼Ù¼¯Ñµ\CYT4BB7_Library-master\Example\Coreboard_Demo\E01_gpio_demo
#        -
#        1\iar\Debug_m7_0\Obj\smif_mem_6470536964353725183.dir\cy_smif_hb_flash.o"
#        "C:\Users\wangzuohao\Desktop\ASCº®¼Ù¼¯Ñµ\CYT4BB7_Library-master\Example\Coreboard_Demo\E01_gpio_demo
#        - 1\iar\Debug_m7_0\Obj\smif_427648126384146252.dir\cy_smif_memslot.o"
#        "C:\Users\wangzuohao\Desktop\ASCº®¼Ù¼¯Ñµ\CYT4BB7_Library-master\Example\Coreboard_Demo\E01_gpio_demo
#        -
#        1\iar\Debug_m7_0\Obj\smif_mem_6470536964353725183.dir\cy_smif_s25fl.o"
#        "C:\Users\wangzuohao\Desktop\ASCº®¼Ù¼¯Ñµ\CYT4BB7_Library-master\Example\Coreboard_Demo\E01_gpio_demo
#        -
#        1\iar\Debug_m7_0\Obj\smif_mem_6470536964353725183.dir\cy_smif_s25fs.o"
#        "C:\Users\wangzuohao\Desktop\ASCº®¼Ù¼¯Ñµ\CYT4BB7_Library-master\Example\Coreboard_Demo\E01_gpio_demo
#        -
#        1\iar\Debug_m7_0\Obj\smif_mem_6470536964353725183.dir\cy_smif_semp.o"
#        "C:\Users\wangzuohao\Desktop\ASCº®¼Ù¼¯Ñµ\CYT4BB7_Library-master\Example\Coreboard_Demo\E01_gpio_demo
#        -
#        1\iar\Debug_m7_0\Obj\smif_427648126384146252.dir\cy_smif_ver_specific.o"
#        "C:\Users\wangzuohao\Desktop\ASCº®¼Ù¼¯Ñµ\CYT4BB7_Library-master\Example\Coreboard_Demo\E01_gpio_demo
#        - 1\iar\Debug_m7_0\Obj\srom_13018798572330080582.dir\cy_srom.o"
#        "C:\Users\wangzuohao\Desktop\ASCº®¼Ù¼¯Ñµ\CYT4BB7_Library-master\Example\Coreboard_Demo\E01_gpio_demo
#        - 1\iar\Debug_m7_0\Obj\sw_timer_4215635015939382130.dir\cy_sw_tmr.o"
#        "C:\Users\wangzuohao\Desktop\ASCº®¼Ù¼¯Ñµ\CYT4BB7_Library-master\Example\Coreboard_Demo\E01_gpio_demo
#        - 1\iar\Debug_m7_0\Obj\sysclk_16149231235676103872.dir\cy_sysclk.o"
#        "C:\Users\wangzuohao\Desktop\ASCº®¼Ù¼¯Ñµ\CYT4BB7_Library-master\Example\Coreboard_Demo\E01_gpio_demo
#        - 1\iar\Debug_m7_0\Obj\sysflt_12293435975120599261.dir\cy_sysflt.o"
#        "C:\Users\wangzuohao\Desktop\ASCº®¼Ù¼¯Ñµ\CYT4BB7_Library-master\Example\Coreboard_Demo\E01_gpio_demo
#        - 1\iar\Debug_m7_0\Obj\sysint_7435970359207984181.dir\cy_sysint.o"
#        "C:\Users\wangzuohao\Desktop\ASCº®¼Ù¼¯Ñµ\CYT4BB7_Library-master\Example\Coreboard_Demo\E01_gpio_demo
#        - 1\iar\Debug_m7_0\Obj\syslib_16330585751512546975.dir\cy_syslib.o"
#        "C:\Users\wangzuohao\Desktop\ASCº®¼Ù¼¯Ñµ\CYT4BB7_Library-master\Example\Coreboard_Demo\E01_gpio_demo
#        -
#        1\iar\Debug_m7_0\Obj\syslib_16330585751512546975.dir\cy_syslib_iar.o"
#        "C:\Users\wangzuohao\Desktop\ASCº®¼Ù¼¯Ñµ\CYT4BB7_Library-master\Example\Coreboard_Demo\E01_gpio_demo
#        - 1\iar\Debug_m7_0\Obj\syspm_10887939769544754770.dir\cy_syspm.o"
#        "C:\Users\wangzuohao\Desktop\ASCº®¼Ù¼¯Ñµ\CYT4BB7_Library-master\Example\Coreboard_Demo\E01_gpio_demo
#        -
#        1\iar\Debug_m7_0\Obj\sysreghc_17676636058511625587.dir\cy_sysreghc.o"
#        "C:\Users\wangzuohao\Desktop\ASCº®¼Ù¼¯Ñµ\CYT4BB7_Library-master\Example\Coreboard_Demo\E01_gpio_demo
#        -
#        1\iar\Debug_m7_0\Obj\sysreset_14586141425677365288.dir\cy_sysreset.o"
#        "C:\Users\wangzuohao\Desktop\ASCº®¼Ù¼¯Ñµ\CYT4BB7_Library-master\Example\Coreboard_Demo\E01_gpio_demo
#        - 1\iar\Debug_m7_0\Obj\sysrtc_10747768817563771611.dir\cy_sysrtc.o"
#        "C:\Users\wangzuohao\Desktop\ASCº®¼Ù¼¯Ñµ\CYT4BB7_Library-master\Example\Coreboard_Demo\E01_gpio_demo
#        - 1\iar\Debug_m7_0\Obj\systick_16016591671695740695.dir\cy_systick.o"
#        "C:\Users\wangzuohao\Desktop\ASCº®¼Ù¼¯Ñµ\CYT4BB7_Library-master\Example\Coreboard_Demo\E01_gpio_demo
#        - 1\iar\Debug_m7_0\Obj\syswdt_9118657615806274156.dir\cy_syswdt.o"
#        "C:\Users\wangzuohao\Desktop\ASCº®¼Ù¼¯Ñµ\CYT4BB7_Library-master\Example\Coreboard_Demo\E01_gpio_demo
#        - 1\iar\Debug_m7_0\Obj\tcpwm_422923530147891246.dir\cy_tcpwm.o"
#        "C:\Users\wangzuohao\Desktop\ASCº®¼Ù¼¯Ñµ\CYT4BB7_Library-master\Example\Coreboard_Demo\E01_gpio_demo
#        -
#        1\iar\Debug_m7_0\Obj\tcpwm_422923530147891246.dir\cy_tcpwm_counter.o"
#        "C:\Users\wangzuohao\Desktop\ASCº®¼Ù¼¯Ñµ\CYT4BB7_Library-master\Example\Coreboard_Demo\E01_gpio_demo
#        - 1\iar\Debug_m7_0\Obj\tcpwm_422923530147891246.dir\cy_tcpwm_pwm.o"
#        "C:\Users\wangzuohao\Desktop\ASCº®¼Ù¼¯Ñµ\CYT4BB7_Library-master\Example\Coreboard_Demo\E01_gpio_demo
#        -
#        1\iar\Debug_m7_0\Obj\tcpwm_422923530147891246.dir\cy_tcpwm_quaddec.o"
#        "C:\Users\wangzuohao\Desktop\ASCº®¼Ù¼¯Ñµ\CYT4BB7_Library-master\Example\Coreboard_Demo\E01_gpio_demo
#        - 1\iar\Debug_m7_0\Obj\tcpwm_422923530147891246.dir\cy_tcpwm_sr.o"
#        "C:\Users\wangzuohao\Desktop\ASCº®¼Ù¼¯Ñµ\CYT4BB7_Library-master\Example\Coreboard_Demo\E01_gpio_demo
#        - 1\iar\Debug_m7_0\Obj\trigmux_9729677290734583340.dir\cy_trigmux.o"
#        "C:\Users\wangzuohao\Desktop\ASCº®¼Ù¼¯Ñµ\CYT4BB7_Library-master\Example\Coreboard_Demo\E01_gpio_demo
#        - 1\iar\Debug_m7_0\Obj\ethernet_6029839089178797009.dir\edd.o"
#        "C:\Users\wangzuohao\Desktop\ASCº®¼Ù¼¯Ñµ\CYT4BB7_Library-master\Example\Coreboard_Demo\E01_gpio_demo
#        - 1\iar\Debug_m7_0\Obj\ethernet_6029839089178797009.dir\edd_rx.o"
#        "C:\Users\wangzuohao\Desktop\ASCº®¼Ù¼¯Ñµ\CYT4BB7_Library-master\Example\Coreboard_Demo\E01_gpio_demo
#        - 1\iar\Debug_m7_0\Obj\ethernet_6029839089178797009.dir\edd_tx.o"
#        "C:\Users\wangzuohao\Desktop\ASCº®¼Ù¼¯Ñµ\CYT4BB7_Library-master\Example\Coreboard_Demo\E01_gpio_demo
#        - 1\iar\Debug_m7_0\Obj\code_17896468042025673432.dir\FOC.o"
#        "C:\Users\wangzuohao\Desktop\ASCº®¼Ù¼¯Ñµ\CYT4BB7_Library-master\Example\Coreboard_Demo\E01_gpio_demo
#        - 1\iar\Debug_m7_0\Obj\code_17896468042025673432.dir\KF.o"
#        "C:\Users\wangzuohao\Desktop\ASCº®¼Ù¼¯Ñµ\CYT4BB7_Library-master\Example\Coreboard_Demo\E01_gpio_demo
#        - 1\iar\Debug_m7_0\Obj\user_8514941877209965082.dir\main_cm7_0.o"
#        "C:\Users\wangzuohao\Desktop\ASCº®¼Ù¼¯Ñµ\CYT4BB7_Library-master\Example\Coreboard_Demo\E01_gpio_demo
#        - 1\iar\Debug_m7_0\Obj\code_17896468042025673432.dir\PID.o"
#        "C:\Users\wangzuohao\Desktop\ASCº®¼Ù¼¯Ñµ\CYT4BB7_Library-master\Example\Coreboard_Demo\E01_gpio_demo
#        -
#        1\iar\Debug_m7_0\Obj\zf_components_14936052685886095442.dir\seekfree_assistant.o"
#        "C:\Users\wangzuohao\Desktop\ASCº®¼Ù¼¯Ñµ\CYT4BB7_Library-master\Example\Coreboard_Demo\E01_gpio_demo
#        -
#        1\iar\Debug_m7_0\Obj\zf_components_14936052685886095442.dir\seekfree_assistant_interface.o"
#        "C:\Users\wangzuohao\Desktop\ASCº®¼Ù¼¯Ñµ\CYT4BB7_Library-master\Example\Coreboard_Demo\E01_gpio_demo
#        - 1\iar\Debug_m7_0\Obj\startup_479057977785470282.dir\startup.o"
#        "C:\Users\wangzuohao\Desktop\ASCº®¼Ù¼¯Ñµ\CYT4BB7_Library-master\Example\Coreboard_Demo\E01_gpio_demo
#        - 1\iar\Debug_m7_0\Obj\startup_479057977785470282.dir\startup_cm7.o"
#        "C:\Users\wangzuohao\Desktop\ASCº®¼Ù¼¯Ñµ\CYT4BB7_Library-master\Example\Coreboard_Demo\E01_gpio_demo
#        -
#        1\iar\Debug_m7_0\Obj\rev_b_4986922561640112550.dir\system_tviibh4m_cm7.o"
#        "C:\Users\wangzuohao\Desktop\ASCº®¼Ù¼¯Ñµ\CYT4BB7_Library-master\Example\Coreboard_Demo\E01_gpio_demo
#        -
#        1\iar\Debug_m7_0\Obj\zf_common_1201165462030747823.dir\zf_common_clock.o"
#        "C:\Users\wangzuohao\Desktop\ASCº®¼Ù¼¯Ñµ\CYT4BB7_Library-master\Example\Coreboard_Demo\E01_gpio_demo
#        -
#        1\iar\Debug_m7_0\Obj\zf_common_1201165462030747823.dir\zf_common_debug.o"
#        "C:\Users\wangzuohao\Desktop\ASCº®¼Ù¼¯Ñµ\CYT4BB7_Library-master\Example\Coreboard_Demo\E01_gpio_demo
#        -
#        1\iar\Debug_m7_0\Obj\zf_common_1201165462030747823.dir\zf_common_fifo.o"
#        "C:\Users\wangzuohao\Desktop\ASCº®¼Ù¼¯Ñµ\CYT4BB7_Library-master\Example\Coreboard_Demo\E01_gpio_demo
#        -
#        1\iar\Debug_m7_0\Obj\zf_common_1201165462030747823.dir\zf_common_font.o"
#        "C:\Users\wangzuohao\Desktop\ASCº®¼Ù¼¯Ñµ\CYT4BB7_Library-master\Example\Coreboard_Demo\E01_gpio_demo
#        -
#        1\iar\Debug_m7_0\Obj\zf_common_1201165462030747823.dir\zf_common_function.o"
#        "C:\Users\wangzuohao\Desktop\ASCº®¼Ù¼¯Ñµ\CYT4BB7_Library-master\Example\Coreboard_Demo\E01_gpio_demo
#        -
#        1\iar\Debug_m7_0\Obj\zf_common_1201165462030747823.dir\zf_common_interrupt.o"
#        "C:\Users\wangzuohao\Desktop\ASCº®¼Ù¼¯Ñµ\CYT4BB7_Library-master\Example\Coreboard_Demo\E01_gpio_demo
#        -
#        1\iar\Debug_m7_0\Obj\zf_device_6570275422786408770.dir\zf_device_ble6a20.o"
#        "C:\Users\wangzuohao\Desktop\ASCº®¼Ù¼¯Ñµ\CYT4BB7_Library-master\Example\Coreboard_Demo\E01_gpio_demo
#        -
#        1\iar\Debug_m7_0\Obj\zf_device_6570275422786408770.dir\zf_device_dl1a.o"
#        "C:\Users\wangzuohao\Desktop\ASCº®¼Ù¼¯Ñµ\CYT4BB7_Library-master\Example\Coreboard_Demo\E01_gpio_demo
#        -
#        1\iar\Debug_m7_0\Obj\zf_device_6570275422786408770.dir\zf_device_dl1b.o"
#        "C:\Users\wangzuohao\Desktop\ASCº®¼Ù¼¯Ñµ\CYT4BB7_Library-master\Example\Coreboard_Demo\E01_gpio_demo
#        -
#        1\iar\Debug_m7_0\Obj\zf_device_6570275422786408770.dir\zf_device_gnss.o"
#        "C:\Users\wangzuohao\Desktop\ASCº®¼Ù¼¯Ñµ\CYT4BB7_Library-master\Example\Coreboard_Demo\E01_gpio_demo
#        -
#        1\iar\Debug_m7_0\Obj\zf_device_6570275422786408770.dir\zf_device_icm20602.o"
#        "C:\Users\wangzuohao\Desktop\ASCº®¼Ù¼¯Ñµ\CYT4BB7_Library-master\Example\Coreboard_Demo\E01_gpio_demo
#        -
#        1\iar\Debug_m7_0\Obj\zf_device_6570275422786408770.dir\zf_device_imu660ra.o"
#        "C:\Users\wangzuohao\Desktop\ASCº®¼Ù¼¯Ñµ\CYT4BB7_Library-master\Example\Coreboard_Demo\E01_gpio_demo
#        -
#        1\iar\Debug_m7_0\Obj\zf_device_6570275422786408770.dir\zf_device_imu660rb.o"
#        "C:\Users\wangzuohao\Desktop\ASCº®¼Ù¼¯Ñµ\CYT4BB7_Library-master\Example\Coreboard_Demo\E01_gpio_demo
#        -
#        1\iar\Debug_m7_0\Obj\zf_device_6570275422786408770.dir\zf_device_imu963ra.o"
#        "C:\Users\wangzuohao\Desktop\ASCº®¼Ù¼¯Ñµ\CYT4BB7_Library-master\Example\Coreboard_Demo\E01_gpio_demo
#        -
#        1\iar\Debug_m7_0\Obj\zf_device_6570275422786408770.dir\zf_device_ips114.o"
#        "C:\Users\wangzuohao\Desktop\ASCº®¼Ù¼¯Ñµ\CYT4BB7_Library-master\Example\Coreboard_Demo\E01_gpio_demo
#        -
#        1\iar\Debug_m7_0\Obj\zf_device_6570275422786408770.dir\zf_device_ips200.o"
#        "C:\Users\wangzuohao\Desktop\ASCº®¼Ù¼¯Ñµ\CYT4BB7_Library-master\Example\Coreboard_Demo\E01_gpio_demo
#        -
#        1\iar\Debug_m7_0\Obj\zf_device_6570275422786408770.dir\zf_device_ips200pro.o"
#        "C:\Users\wangzuohao\Desktop\ASCº®¼Ù¼¯Ñµ\CYT4BB7_Library-master\Example\Coreboard_Demo\E01_gpio_demo
#        -
#        1\iar\Debug_m7_0\Obj\zf_device_6570275422786408770.dir\zf_device_key.o"
#        "C:\Users\wangzuohao\Desktop\ASCº®¼Ù¼¯Ñµ\CYT4BB7_Library-master\Example\Coreboard_Demo\E01_gpio_demo
#        -
#        1\iar\Debug_m7_0\Obj\zf_device_6570275422786408770.dir\zf_device_menc15a.o"
#        "C:\Users\wangzuohao\Desktop\ASCº®¼Ù¼¯Ñµ\CYT4BB7_Library-master\Example\Coreboard_Demo\E01_gpio_demo
#        -
#        1\iar\Debug_m7_0\Obj\zf_device_6570275422786408770.dir\zf_device_mt9v03x.o"
#        "C:\Users\wangzuohao\Desktop\ASCº®¼Ù¼¯Ñµ\CYT4BB7_Library-master\Example\Coreboard_Demo\E01_gpio_demo
#        -
#        1\iar\Debug_m7_0\Obj\zf_device_6570275422786408770.dir\zf_device_oled.o"
#        "C:\Users\wangzuohao\Desktop\ASCº®¼Ù¼¯Ñµ\CYT4BB7_Library-master\Example\Coreboard_Demo\E01_gpio_demo
#        -
#        1\iar\Debug_m7_0\Obj\zf_device_6570275422786408770.dir\zf_device_tft180.o"
#        "C:\Users\wangzuohao\Desktop\ASCº®¼Ù¼¯Ñµ\CYT4BB7_Library-master\Example\Coreboard_Demo\E01_gpio_demo
#        -
#        1\iar\Debug_m7_0\Obj\zf_device_6570275422786408770.dir\zf_device_tsl1401.o"
#        "C:\Users\wangzuohao\Desktop\ASCº®¼Ù¼¯Ñµ\CYT4BB7_Library-master\Example\Coreboard_Demo\E01_gpio_demo
#        -
#        1\iar\Debug_m7_0\Obj\zf_device_6570275422786408770.dir\zf_device_type.o"
#        "C:\Users\wangzuohao\Desktop\ASCº®¼Ù¼¯Ñµ\CYT4BB7_Library-master\Example\Coreboard_Demo\E01_gpio_demo
#        -
#        1\iar\Debug_m7_0\Obj\zf_device_6570275422786408770.dir\zf_device_uart_receiver.o"
#        "C:\Users\wangzuohao\Desktop\ASCº®¼Ù¼¯Ñµ\CYT4BB7_Library-master\Example\Coreboard_Demo\E01_gpio_demo
#        -
#        1\iar\Debug_m7_0\Obj\zf_device_6570275422786408770.dir\zf_device_wifi_spi.o"
#        "C:\Users\wangzuohao\Desktop\ASCº®¼Ù¼¯Ñµ\CYT4BB7_Library-master\Example\Coreboard_Demo\E01_gpio_demo
#        -
#        1\iar\Debug_m7_0\Obj\zf_device_6570275422786408770.dir\zf_device_wifi_uart.o"
#        "C:\Users\wangzuohao\Desktop\ASCº®¼Ù¼¯Ñµ\CYT4BB7_Library-master\Example\Coreboard_Demo\E01_gpio_demo
#        -
#        1\iar\Debug_m7_0\Obj\zf_device_6570275422786408770.dir\zf_device_wireless_uart.o"
#        "C:\Users\wangzuohao\Desktop\ASCº®¼Ù¼¯Ñµ\CYT4BB7_Library-master\Example\Coreboard_Demo\E01_gpio_demo
#        -
#        1\iar\Debug_m7_0\Obj\zf_driver_11922370083829174090.dir\zf_driver_adc.o"
#        "C:\Users\wangzuohao\Desktop\ASCº®¼Ù¼¯Ñµ\CYT4BB7_Library-master\Example\Coreboard_Demo\E01_gpio_demo
#        -
#        1\iar\Debug_m7_0\Obj\zf_driver_11922370083829174090.dir\zf_driver_delay.o"
#        "C:\Users\wangzuohao\Desktop\ASCº®¼Ù¼¯Ñµ\CYT4BB7_Library-master\Example\Coreboard_Demo\E01_gpio_demo
#        -
#        1\iar\Debug_m7_0\Obj\zf_driver_11922370083829174090.dir\zf_driver_dma.o"
#        "C:\Users\wangzuohao\Desktop\ASCº®¼Ù¼¯Ñµ\CYT4BB7_Library-master\Example\Coreboard_Demo\E01_gpio_demo
#        -
#        1\iar\Debug_m7_0\Obj\zf_driver_11922370083829174090.dir\zf_driver_encoder.o"
#        "C:\Users\wangzuohao\Desktop\ASCº®¼Ù¼¯Ñµ\CYT4BB7_Library-master\Example\Coreboard_Demo\E01_gpio_demo
#        -
#        1\iar\Debug_m7_0\Obj\zf_driver_11922370083829174090.dir\zf_driver_exti.o"
#        "C:\Users\wangzuohao\Desktop\ASCº®¼Ù¼¯Ñµ\CYT4BB7_Library-master\Example\Coreboard_Demo\E01_gpio_demo
#        -
#        1\iar\Debug_m7_0\Obj\zf_driver_11922370083829174090.dir\zf_driver_flash.o"
#        "C:\Users\wangzuohao\Desktop\ASCº®¼Ù¼¯Ñµ\CYT4BB7_Library-master\Example\Coreboard_Demo\E01_gpio_demo
#        -
#        1\iar\Debug_m7_0\Obj\zf_driver_11922370083829174090.dir\zf_driver_gpio.o"
#        "C:\Users\wangzuohao\Desktop\ASCº®¼Ù¼¯Ñµ\CYT4BB7_Library-master\Example\Coreboard_Demo\E01_gpio_demo
#        -
#        1\iar\Debug_m7_0\Obj\zf_driver_11922370083829174090.dir\zf_driver_ipc.o"
#        "C:\Users\wangzuohao\Desktop\ASCº®¼Ù¼¯Ñµ\CYT4BB7_Library-master\Example\Coreboard_Demo\E01_gpio_demo
#        -
#        1\iar\Debug_m7_0\Obj\zf_driver_11922370083829174090.dir\zf_driver_pit.o"
#        "C:\Users\wangzuohao\Desktop\ASCº®¼Ù¼¯Ñµ\CYT4BB7_Library-master\Example\Coreboard_Demo\E01_gpio_demo
#        -
#        1\iar\Debug_m7_0\Obj\zf_driver_11922370083829174090.dir\zf_driver_pwm.o"
#        "C:\Users\wangzuohao\Desktop\ASCº®¼Ù¼¯Ñµ\CYT4BB7_Library-master\Example\Coreboard_Demo\E01_gpio_demo
#        -
#        1\iar\Debug_m7_0\Obj\zf_driver_11922370083829174090.dir\zf_driver_soft_iic.o"
#        "C:\Users\wangzuohao\Desktop\ASCº®¼Ù¼¯Ñµ\CYT4BB7_Library-master\Example\Coreboard_Demo\E01_gpio_demo
#        -
#        1\iar\Debug_m7_0\Obj\zf_driver_11922370083829174090.dir\zf_driver_soft_spi.o"
#        "C:\Users\wangzuohao\Desktop\ASCº®¼Ù¼¯Ñµ\CYT4BB7_Library-master\Example\Coreboard_Demo\E01_gpio_demo
#        -
#        1\iar\Debug_m7_0\Obj\zf_driver_11922370083829174090.dir\zf_driver_spi.o"
#        "C:\Users\wangzuohao\Desktop\ASCº®¼Ù¼¯Ñµ\CYT4BB7_Library-master\Example\Coreboard_Demo\E01_gpio_demo
#        -
#        1\iar\Debug_m7_0\Obj\zf_driver_11922370083829174090.dir\zf_driver_timer.o"
#        "C:\Users\wangzuohao\Desktop\ASCº®¼Ù¼¯Ñµ\CYT4BB7_Library-master\Example\Coreboard_Demo\E01_gpio_demo
#        -
#        1\iar\Debug_m7_0\Obj\zf_driver_11922370083829174090.dir\zf_driver_uart.o"
#        --no_out_extension -o
#        "C:\Users\wangzuohao\Desktop\ASCº®¼Ù¼¯Ñµ\CYT4BB7_Library-master\Example\Coreboard_Demo\E01_gpio_demo
#        - 1\iar\project_config\Debug_m7_0\Exe\cyt4bb7_cm_7_0.out" --config_def
#        _CORE_cm7_0_=0 --config_def _LINK_flash_=0 --map
#        "C:\Users\wangzuohao\Desktop\ASCº®¼Ù¼¯Ñµ\CYT4BB7_Library-master\Example\Coreboard_Demo\E01_gpio_demo
#        - 1\iar\Debug_m7_0\List\cyt4bb7_cm_7_0.map" --config
#        "C:\Users\wangzuohao\Desktop\ASCº®¼Ù¼¯Ñµ\CYT4BB7_Library-master\Example\Coreboard_Demo\E01_gpio_demo
#        - 1\iar\project_config\..\icf\linker_directives_tviibh.icf"
#        --semihosting
#        "C:\Users\wangzuohao\Desktop\ASCº®¼Ù¼¯Ñµ\CYT4BB7_Library-master\Example\Coreboard_Demo\E01_gpio_demo
#        -
#        1\iar\project_config\..\..\..\libraries\sdk\tviibh4m\src\drivers\crypto\libs\libcrypto_server_cm0plus_iar.a"
#        "C:\Users\wangzuohao\Desktop\ASCº®¼Ù¼¯Ñµ\CYT4BB7_Library-master\Example\Coreboard_Demo\E01_gpio_demo
#        -
#        1\iar\project_config\..\..\..\libraries\zf_device\zf_device_config.a"
#        "C:\Users\wangzuohao\Desktop\ASCº®¼Ù¼¯Ñµ\CYT4BB7_Library-master\Example\Coreboard_Demo\E01_gpio_demo
#        -
#        1\iar\project_config\..\..\..\libraries\sdk\common\hdr\cmsis\dsp\iar_cortexM7lf_math.a"
#        --entry __iar_program_start --vfe --text_out locale --cpu=Cortex-M7
#        --fpu=VFPv5_d16) --dependencies=n
#        "C:\Users\wangzuohao\Desktop\ASCº®¼Ù¼¯Ñµ\CYT4BB7_Library-master\Example\Coreboard_Demo\E01_gpio_demo
#        - 1\iar\project_config\Debug_m7_0\Exe\cyt4bb7_cm_7_0.out.iar_deps"
#
###############################################################################

*******************************************************************************
*** RUNTIME MODEL ATTRIBUTES
***

CppFlavor       = *
__CPP_Runtime   = 1
__Heap_Handler  = Basic
__SystemLibrary = DLib
__dlib_version  = 6


*******************************************************************************
*** HEAP SELECTION
***

The basic heap was selected because --advanced_heap
was not specified and the application did not appear to
be primarily optimized for speed.


*******************************************************************************
*** PLACEMENT SUMMARY
***

"A0":  place at start of [from 0x1008'0000 to 0x1027'ffff] { section .intvec };
"P1":  place in [from 0x1008'0000 to 0x1027'ffff] { ro };
"P2":  place in [from 0x2802'0000 to 0x2807'ffff] { rw };
define block HEAP with size = 1K, alignment = 8 { };
define block CSTACK with size = 8K, alignment = 8 { };
define block HEAP_STACK { block HEAP, last block CSTACK };
"A1":  place at end of [from 0x2802'0000 to 0x2807'ffff] { block HEAP_STACK };
do not initialize { section .intvec_ram };
initialize by copy { rw };

No sections matched the following patterns:

  ro section .sflash_app_prot  in "P6"
  ro section .sflash_nar       in "P4"
  ro section .sflash_pkey      in "P5"
  ro section .sflash_toc2      in "P7"
  ro section .sflash_uf_rows   in "P3"
  ro section .work_flash       in "P8"
  section .global_ram_data     in "P9"


  Section            Kind         Address    Size  Object
  -------            ----         -------    ----  ------
"A0":                                        0x80
  .intvec            ro code  0x1008'0000    0x80  startup_cm7.o [31]
                            - 0x1008'0080    0x80

"P1":                                      0x7387
  .text              ro code  0x1008'0080   0xeae  xprintffull_nomb.o [50]
  .text              ro code  0x1008'0f2e    0x7e  lz77_init_single.o [52]
  .text              ro code  0x1008'0fac    0x16  strchr.o [52]
  .text              ro code  0x1008'0fc2     0xa  xsprout.o [50]
  .text              ro code  0x1008'0fcc    0x40  xfail_s.o [50]
  .text              ro code  0x1008'100c    0x36  strlen.o [52]
  .text              ro code  0x1008'1044    0x58  memchr.o [52]
  .text              ro code  0x1008'109c    0xa6  ABImemcpy.o [52]
  .text              ro code  0x1008'1144    0x70  frexp.o [51]
  .text              ro code  0x1008'11b4    0x34  DblCmpLe.o [51]
  .text              ro code  0x1008'11e8    0x34  DblCmpGe.o [51]
  .text              ro code  0x1008'121c   0x104  ldexp.o [51]
  .text              ro code  0x1008'1320     0xe  DblToS32.o [51]
  .text              ro code  0x1008'132e     0xe  S32ToDbl.o [51]
  .text              ro code  0x1008'133c    0x12  DblSub.o [51]
  .text              ro code  0x1008'134e    0x12  DblDiv.o [51]
  .text              ro code  0x1008'1360     0xe  DblToU32.o [51]
  .text              ro code  0x1008'136e     0xe  U32ToDbl.o [51]
  .text              ro code  0x1008'137c    0x12  DblMul.o [51]
  .text              ro code  0x1008'1390   0x230  I64DivMod.o [52]
  .text              ro code  0x1008'15c0     0x6  abort.o [50]
  .text              ro code  0x1008'15c8     0x2  I64DivZer.o [52]
  .text              ro code  0x1008'15cc    0x14  exit.o [53]
  .text              ro code  0x1008'15e0   0xe18  zf_driver_pwm.o [49]
  .text              ro code  0x1008'23f8   0x430  zf_common_debug.o [46]
  .text              ro code  0x1008'2828    0x66  ABImemset.o [52]
  .text              ro code  0x1008'2890   0x194  cy_gpio.o [14]
  .text              ro code  0x1008'2a24   0x20a  cy_tcpwm_pwm.o [43]
  .text              ro code  0x1008'2c2e     0xc  cy_tcpwm.o [43]
  .text              ro code  0x1008'2c3c   0x828  zf_driver_uart.o [49]
  .text              ro code  0x1008'3464    0x40  sprintf.o [50]
  .text              ro code  0x1008'34a4   0x448  zf_common_fifo.o [46]
  .text              ro code  0x1008'38ec    0xe2  zf_common_interrupt.o [46]
  .text              ro code  0x1008'39d0     0x6  ABImemclr4.o [52]
  .text              ro code  0x1008'39d8   0x314  cy_scb_uart.o [24]
  .text              ro code  0x1008'3cec    0xac  cy_sysint.o [35]
  .text              ro code  0x1008'3d98    0x32  ABImemset48.o [52]
  .text              ro code  0x1008'3dcc   0x8e8  cy_sysclk.o [33]
  .text              ro code  0x1008'46b4    0x70  strncpy.o [52]
  .text              ro code  0x1008'4724    0xa8  cy_syslib.o [36]
  .text              ro code  0x1008'47cc     0x2  cy_syslib.o [36]
  .text              ro code  0x1008'47d0   0x5e0  zf_driver_soft_iic.o [49]
  .text              ro code  0x1008'4db0   0x17c  zf_driver_gpio.o [49]
  .text              ro code  0x1008'4f2c   0x404  zf_driver_pit.o [49]
  .text              ro code  0x1008'5330   0x1ae  cy_tcpwm_counter.o [43]
  .text              ro code  0x1008'54e0   0x2a8  FOC.o [5]
  .text              ro code  0x1008'5788   0x1d4  cos_sin32.o [51]
  .text              ro code  0x1008'595c    0x1e  sqrtf.o [51]
  .text              ro code  0x1008'597c    0x28  fminf.o [51]
  .text              ro code  0x1008'59a4    0xcc  fmodf.o [51]
  .text              ro code  0x1008'5a70   0x284  zf_driver_delay.o [49]
  .text              ro code  0x1008'5cf4   0x210  cm7_0_isr.o [45]
  .text              ro code  0x1008'5f04    0x7c  zf_device_tsl1401.o [48]
  .text              ro code  0x1008'5f80   0x114  zf_device_gnss.o [48]
  .text              ro code  0x1008'6094    0x74  zf_driver_adc.o [49]
  .text              ro code  0x1008'6108    0x2a  strncmp.o [50]
  .text              ro code  0x1008'6134   0x204  startup.o [31]
  .text              ro code  0x1008'6338   0x150  system_tviibh4m_cm7.o [22]
  .text              ro code  0x1008'6488     0x8  startup_cm7.o [31]
  .text              ro code  0x1008'6490     0x6  startup_cm7.o [31]
  .text              ro code  0x1008'6498   0x1fc  main_cm7_0.o [45]
  .text              ro code  0x1008'6694    0x1c  zf_common_clock.o [46]
  .text              ro code  0x1008'66b0   0x1cc  AS5600.o [5]
  .text              ro code  0x1008'687c    0x3a  KF.o [5]
  .text              ro code  0x1008'68b6    0x9e  PID.o [5]
  .text              ro code  0x1008'6954    0x28  printf.o [50]
  .text              ro code  0x1008'697c   0x198  cy_interrupt_map.o [23]
  .text              ro code  0x1008'6b14    0xb0  startup_cm7.o [31]
  .rodata            const    0x1008'6bc4    0x94  system_tviibh4m_cm7.o [22]
  .rodata            const    0x1008'6c58    0x90  cy_sysclk.o [33]
  .rodata            const    0x1008'6ce8    0x90  cy_sysclk.o [33]
  .rodata            const    0x1008'6d78    0x84  zf_driver_soft_iic.o [49]
  .rodata            const    0x1008'6dfc    0x80  zf_common_fifo.o [46]
  .rodata            const    0x1008'6e7c    0x80  zf_driver_pwm.o [49]
  .rodata            const    0x1008'6efc    0x80  zf_driver_uart.o [49]
  .text              ro code  0x1008'6f7c    0x38  zero_init3.o [52]
  .text              ro code  0x1008'6fb4    0x28  data_init.o [52]
  .text              ro code  0x1008'6fdc    0x22  fpinit_M.o [51]
  .iar.init_table    const    0x1008'7000    0x20  - Linker created -
  .text              ro code  0x1008'7020    0x20  startup_cm7.o [31]
  .text              ro code  0x1008'7040    0x20  putchar.o [50]
  .text              ro code  0x1008'7060    0x1e  cy_syslib_iar.o [36]
  .text              ro code  0x1008'7080    0x1e  cmain.o [52]
  .text              ro code  0x1008'70a0     0x4  startup_cm7.o [31]
  .text              ro code  0x1008'70a4     0x4  exit.o [50]
  .text              ro code  0x1008'70a8     0xa  cexit.o [52]
  .rodata            const    0x1008'70b4    0x1c  zf_common_debug.o [46]
  .text              ro code  0x1008'70d0    0x1c  startup_cm7.o [31]
  .text              ro code  0x1008'70ec    0x1c  cstartup_M.o [52]
  .rodata            const    0x1008'7108    0x18  startup.o [31]
  .rodata            const    0x1008'7120    0x18  system_tviibh4m_cm7.o [22]
  .rodata            const    0x1008'7138    0x18  zf_common_debug.o [46]
  .text              ro code  0x1008'7150    0x16  xprout.o [50]
  .rodata            const    0x1008'7168    0x10  main_cm7_0.o [45]
  .rodata            const    0x1008'7178    0x10  zf_common_debug.o [46]
  .rodata            const    0x1008'7188    0x10  zf_common_debug.o [46]
  .rodata            const    0x1008'7198     0xc  zf_common_debug.o [46]
  .rodata            const    0x1008'71a4     0xc  zf_common_debug.o [46]
  .text              ro code  0x1008'71b0     0xc  cy_syslib.o [36]
  .rodata            const    0x1008'71bc     0x8  cy_sysclk.o [33]
  .rodata            const    0x1008'71c4     0x4  cy_interrupt_map.o [23]
  .rodata            const    0x1008'71c8     0x4  cy_interrupt_map.o [23]
  .rodata            const    0x1008'71cc     0x4  cy_interrupt_map.o [23]
  .rodata            const    0x1008'71d0     0x4  cy_interrupt_map.o [23]
  .rodata            const    0x1008'71d4     0x4  cy_interrupt_map.o [23]
  .rodata            const    0x1008'71d8     0x4  cy_interrupt_map.o [23]
  .rodata            const    0x1008'71dc     0x4  cy_interrupt_map.o [23]
  .rodata            const    0x1008'71e0     0x4  cy_interrupt_map.o [23]
  .rodata            const    0x1008'71e4     0x4  cy_scb_uart.o [24]
  .rodata            const    0x1008'71e8     0x4  cy_scb_uart.o [24]
  .rodata            const    0x1008'71ec     0x4  cy_scb_uart.o [24]
  .rodata            const    0x1008'71f0     0x4  cy_scb_uart.o [24]
  .rodata            const    0x1008'71f4     0x4  cy_scb_uart.o [24]
  .rodata            const    0x1008'71f8     0x4  cy_scb_uart.o [24]
  .rodata            const    0x1008'71fc     0x4  cy_scb_uart.o [24]
  .rodata            const    0x1008'7200     0x4  cy_scb_uart.o [24]
  .rodata            const    0x1008'7204     0x4  cy_scb_uart.o [24]
  .rodata            const    0x1008'7208     0x4  cy_scb_uart.o [24]
  .rodata            const    0x1008'720c     0x4  cy_sysint.o [35]
  .rodata            const    0x1008'7210     0x4  cy_sysint.o [35]
  .rodata            const    0x1008'7214     0x4  cy_tcpwm_counter.o [43]
  .rodata            const    0x1008'7218     0x4  cy_tcpwm_counter.o [43]
  .rodata            const    0x1008'721c     0x4  cy_tcpwm_counter.o [43]
  .rodata            const    0x1008'7220     0x4  cy_tcpwm_counter.o [43]
  .rodata            const    0x1008'7224     0x4  cy_tcpwm_counter.o [43]
  .rodata            const    0x1008'7228     0x4  cy_tcpwm_pwm.o [43]
  .rodata            const    0x1008'722c     0x4  cy_tcpwm_pwm.o [43]
  .rodata            const    0x1008'7230     0x4  cy_tcpwm_pwm.o [43]
  .rodata            const    0x1008'7234     0x4  cy_tcpwm_pwm.o [43]
  .rodata            const    0x1008'7238     0x4  cy_tcpwm_pwm.o [43]
  .rodata            const    0x1008'723c     0x4  cy_tcpwm_pwm.o [43]
  .rodata            const    0x1008'7240     0x4  cy_tcpwm_pwm.o [43]
  .text              ro code  0x1008'7244     0x4  startup_cm7.o [31]
  .text              ro code  0x1008'7248     0x4  startup_cm7.o [31]
  .text              ro code  0x1008'724c     0x4  startup_cm7.o [31]
  .text              ro code  0x1008'7250     0x4  startup_cm7.o [31]
  .text              ro code  0x1008'7254     0x4  startup_cm7.o [31]
  .text              ro code  0x1008'7258     0x4  startup_cm7.o [31]
  .text              ro code  0x1008'725c     0x4  startup_cm7.o [31]
  .text              ro code  0x1008'7260     0x4  startup_cm7.o [31]
  .text              ro code  0x1008'7264     0x4  startup_cm7.o [31]
  .text              ro code  0x1008'7268     0x4  startup_cm7.o [31]
  .text              ro code  0x1008'726c     0x4  startup_cm7.o [31]
  .text              ro code  0x1008'7270     0x4  startup_cm7.o [31]
  .text              ro code  0x1008'7274     0x4  startup_cm7.o [31]
  .text              ro code  0x1008'7278     0x4  startup_cm7.o [31]
  .text              ro code  0x1008'727c     0x4  startup_cm7.o [31]
  .text              ro code  0x1008'7280     0x2  zf_device_type.o [48]
  .rodata            const    0x1008'7282     0x0  zero_init3.o [52]
  .rodata            const    0x1008'7282     0x0  lz77_init_single.o [52]
  Initializer bytes  const    0x1008'7282    0xba  <for P2-1>
                            - 0x1008'733c  0x72bc

"P2", part 1 of 3:                          0x7f0
  P2-1                        0x2802'0000   0x7f0  <Init block>
    .data            inited   0x2802'0000     0x4  AS5600.o [5]
    .data            inited   0x2802'0004   0x6ec  cy_interrupt_map.o [23]
    .data            inited   0x2802'06f0     0x4  cy_interrupt_map.o [23]
    .data            inited   0x2802'06f4    0x30  main_cm7_0.o [45]
    .data            inited   0x2802'0724    0x30  main_cm7_0.o [45]
    .data            inited   0x2802'0754    0x10  main_cm7_0.o [45]
    .data            inited   0x2802'0764    0x10  main_cm7_0.o [45]
    .data            inited   0x2802'0774     0x4  zf_device_type.o [48]
    .data            inited   0x2802'0778     0x4  zf_device_type.o [48]
    .data            inited   0x2802'077c     0xc  zf_driver_adc.o [49]
    .data            inited   0x2802'0788    0x3c  zf_driver_pit.o [49]
    .data            inited   0x2802'07c4    0x14  zf_driver_uart.o [49]
    .data            inited   0x2802'07d8    0x14  zf_driver_uart.o [49]
    .data            inited   0x2802'07ec     0x2  zf_driver_delay.o [49]
    .data            inited   0x2802'07ee     0x1  zf_common_debug.o [46]
    .data            inited   0x2802'07ef     0x1  zf_driver_delay.o [49]
                            - 0x2802'07f0   0x7f0

"P2", part 2 of 3:                          0x7a8
  .bss               zero     0x2802'07f0   0x200  zf_device_tsl1401.o [48]
  .bss               zero     0x2802'09f0   0x118  zf_driver_uart.o [49]
  .bss               zero     0x2802'0b08    0xf0  AS5600.o [5]
  .bss               zero     0x2802'0bf8    0x80  zf_device_gnss.o [48]
  .bss               zero     0x2802'0c78    0x80  zf_device_gnss.o [48]
  .bss               zero     0x2802'0cf8    0x80  zf_device_gnss.o [48]
  .bss               zero     0x2802'0d78    0x70  cy_syslib.o [36]
  .bss               zero     0x2802'0de8    0x48  zf_driver_adc.o [49]
  .bss               zero     0x2802'0e30    0x40  zf_common_debug.o [46]
  .bss               zero     0x2802'0e70    0x18  cy_sysclk.o [33]
  .bss               zero     0x2802'0e88    0x18  cy_syslib.o [36]
  .bss               zero     0x2802'0ea0    0x18  zf_common_debug.o [46]
  .bss               zero     0x2802'0eb8    0x18  zf_device_gnss.o [48]
  .bss               zero     0x2802'0ed0    0x14  zf_common_debug.o [46]
  .bss               zero     0x2802'0ee4    0x10  main_cm7_0.o [45]
  .bss               zero     0x2802'0ef4    0x10  main_cm7_0.o [45]
  .bss               zero     0x2802'0f04     0xc  main_cm7_0.o [45]
  .bss               zero     0x2802'0f10     0xc  main_cm7_0.o [45]
  .bss               zero     0x2802'0f1c     0xc  main_cm7_0.o [45]
  .bss               zero     0x2802'0f28     0xc  main_cm7_0.o [45]
  .bss               zero     0x2802'0f34     0xc  main_cm7_0.o [45]
  .bss               zero     0x2802'0f40     0xc  main_cm7_0.o [45]
  .bss               zero     0x2802'0f4c     0xc  main_cm7_0.o [45]
  .bss               zero     0x2802'0f58     0x4  AS5600.o [5]
  .bss               zero     0x2802'0f5c     0x4  AS5600.o [5]
  .bss               zero     0x2802'0f60     0x4  cy_syslib.o [36]
  .bss               zero     0x2802'0f64     0x4  system_tviibh4m_cm7.o [22]
  .bss               zero     0x2802'0f68     0x4  system_tviibh4m_cm7.o [22]
  .bss               zero     0x2802'0f6c     0x4  system_tviibh4m_cm7.o [22]
  .bss               zero     0x2802'0f70     0x4  system_tviibh4m_cm7.o [22]
  .bss               zero     0x2802'0f74     0x4  system_tviibh4m_cm7.o [22]
  .bss               zero     0x2802'0f78     0x4  zf_common_clock.o [46]
  .bss               zero     0x2802'0f7c     0x4  zf_common_interrupt.o [46]
  .bss               zero     0x2802'0f80     0x4  xfail_s.o [50]
  .bss               zero     0x2802'0f84     0x2  AS5600.o [5]
  .bss               zero     0x2802'0f86     0x2  AS5600.o [5]
  .bss               zero     0x2802'0f88     0x2  main_cm7_0.o [45]
  .bss               zero     0x2802'0f8a     0x1  cm7_0_isr.o [45]
  .bss               zero     0x2802'0f8b     0x1  cy_sysclk.o [33]
  .bss               zero     0x2802'0f8c     0x1  main_cm7_0.o [45]
  .bss               zero     0x2802'0f8d     0x1  zf_common_debug.o [46]
  .bss               zero     0x2802'0f8e     0x1  zf_common_debug.o [46]
  .bss               zero     0x2802'0f8f     0x1  zf_common_debug.o [46]
  .bss               zero     0x2802'0f90     0x1  zf_device_gnss.o [48]
  .bss               zero     0x2802'0f91     0x1  zf_device_gnss.o [48]
  .bss               zero     0x2802'0f92     0x1  zf_device_gnss.o [48]
  .bss               zero     0x2802'0f93     0x1  zf_device_gnss.o [48]
  .bss               zero     0x2802'0f94     0x1  zf_device_gnss.o [48]
  .bss               zero     0x2802'0f95     0x1  zf_device_tsl1401.o [48]
  .bss               zero     0x2802'0f96     0x1  zf_device_tsl1401.o [48]
                            - 0x2802'0f97   0x7a7

"P2", part 3 of 3:                           0x80
  .intvec_ram        uninit   0x2802'1000    0x80  startup_cm7.o [31]
                            - 0x2802'1080    0x80

"A1":                                      0x2000
  HEAP_STACK                  0x2807'e000  0x2000  <Block>
    CSTACK                    0x2807'e000  0x2000  <Block>
      CSTACK         uninit   0x2807'e000  0x2000  <Block tail>
                            - 0x2808'0000  0x2000

Unused ranges:

         From           To       Size
         ----           --       ----
  0x1008'7407  0x1027'ffff  0x1f'8bf9
  0x2802'0f98  0x2802'0fff       0x68
  0x2802'1080  0x2807'dfff   0x5'cf80


*******************************************************************************
*** INIT TABLE
***

          Address      Size
          -------      ----
Zero (__iar_zero_init3)
    1 destination range, total size 0x7a7:
          0x2802'07f0  0x7a7

Copy/lz77 (__iar_lz77_init_single3)
    1 source range, total size 0xba (9% of destination):
          0x1008'7282   0xba
    1 destination range, total size 0x7f0:
          0x2802'0000  0x7f0



*******************************************************************************
*** MODULE SUMMARY
***

    Module                 ro code  ro data  rw data
    ------                 -------  -------  -------
command line/config:
    ------------------------------------------------
    Total:

C:\Users\wangzuohao\Desktop\ASCº®¼Ù¼¯Ñµ\CYT4BB7_Library-master\Example\Coreboard_Demo\E01_gpio_demo - 1\iar\Debug_m7_0\Obj\adc_11722776235721520015.dir: [1]
    ------------------------------------------------
    Total:

C:\Users\wangzuohao\Desktop\ASCº®¼Ù¼¯Ñµ\CYT4BB7_Library-master\Example\Coreboard_Demo\E01_gpio_demo - 1\iar\Debug_m7_0\Obj\audioss_1346650047966882938.dir: [2]
    ------------------------------------------------
    Total:

C:\Users\wangzuohao\Desktop\ASCº®¼Ù¼¯Ñµ\CYT4BB7_Library-master\Example\Coreboard_Demo\E01_gpio_demo - 1\iar\Debug_m7_0\Obj\button_4990804375159372270.dir: [3]
    ------------------------------------------------
    Total:

C:\Users\wangzuohao\Desktop\ASCº®¼Ù¼¯Ñµ\CYT4BB7_Library-master\Example\Coreboard_Demo\E01_gpio_demo - 1\iar\Debug_m7_0\Obj\canfd_1800690984773873875.dir: [4]
    ------------------------------------------------
    Total:

C:\Users\wangzuohao\Desktop\ASCº®¼Ù¼¯Ñµ\CYT4BB7_Library-master\Example\Coreboard_Demo\E01_gpio_demo - 1\iar\Debug_m7_0\Obj\code_17896468042025673432.dir: [5]
    AS5600.o                   460               256
    FOC.o                      680
    KF.o                        58
    PID.o                      158
    ------------------------------------------------
    Total:                   1'356               256

C:\Users\wangzuohao\Desktop\ASCº®¼Ù¼¯Ñµ\CYT4BB7_Library-master\Example\Coreboard_Demo\E01_gpio_demo - 1\iar\Debug_m7_0\Obj\cpu_15938736945165268644.dir: [6]
    ------------------------------------------------
    Total:

C:\Users\wangzuohao\Desktop\ASCº®¼Ù¼¯Ñµ\CYT4BB7_Library-master\Example\Coreboard_Demo\E01_gpio_demo - 1\iar\Debug_m7_0\Obj\crypto_1190170608956581615.dir: [7]
    ------------------------------------------------
    Total:

C:\Users\wangzuohao\Desktop\ASCº®¼Ù¼¯Ñµ\CYT4BB7_Library-master\Example\Coreboard_Demo\E01_gpio_demo - 1\iar\Debug_m7_0\Obj\dma_12106025507578611576.dir: [8]
    ------------------------------------------------
    Total:

C:\Users\wangzuohao\Desktop\ASCº®¼Ù¼¯Ñµ\CYT4BB7_Library-master\Example\Coreboard_Demo\E01_gpio_demo - 1\iar\Debug_m7_0\Obj\eth_phy_18133017486186456677.dir: [9]
    ------------------------------------------------
    Total:

C:\Users\wangzuohao\Desktop\ASCº®¼Ù¼¯Ñµ\CYT4BB7_Library-master\Example\Coreboard_Demo\E01_gpio_demo - 1\iar\Debug_m7_0\Obj\ethernet_6029839089178797009.dir: [10]
    ------------------------------------------------
    Total:

C:\Users\wangzuohao\Desktop\ASCº®¼Ù¼¯Ñµ\CYT4BB7_Library-master\Example\Coreboard_Demo\E01_gpio_demo - 1\iar\Debug_m7_0\Obj\evtgen_3404189088603873129.dir: [11]
    ------------------------------------------------
    Total:

C:\Users\wangzuohao\Desktop\ASCº®¼Ù¼¯Ñµ\CYT4BB7_Library-master\Example\Coreboard_Demo\E01_gpio_demo - 1\iar\Debug_m7_0\Obj\flash_8529866181315662935.dir: [12]
    ------------------------------------------------
    Total:

C:\Users\wangzuohao\Desktop\ASCº®¼Ù¼¯Ñµ\CYT4BB7_Library-master\Example\Coreboard_Demo\E01_gpio_demo - 1\iar\Debug_m7_0\Obj\flash_864493325053435817.dir: [13]
    ------------------------------------------------
    Total:

C:\Users\wangzuohao\Desktop\ASCº®¼Ù¼¯Ñµ\CYT4BB7_Library-master\Example\Coreboard_Demo\E01_gpio_demo - 1\iar\Debug_m7_0\Obj\gpio_3999404635324069351.dir: [14]
    cy_gpio.o                  404
    ------------------------------------------------
    Total:                     404

C:\Users\wangzuohao\Desktop\ASCº®¼Ù¼¯Ñµ\CYT4BB7_Library-master\Example\Coreboard_Demo\E01_gpio_demo - 1\iar\Debug_m7_0\Obj\ipc_10145506163450686023.dir: [15]
    ------------------------------------------------
    Total:

C:\Users\wangzuohao\Desktop\ASCº®¼Ù¼¯Ñµ\CYT4BB7_Library-master\Example\Coreboard_Demo\E01_gpio_demo - 1\iar\Debug_m7_0\Obj\lin_18429031207028094880.dir: [16]
    ------------------------------------------------
    Total:

C:\Users\wangzuohao\Desktop\ASCº®¼Ù¼¯Ñµ\CYT4BB7_Library-master\Example\Coreboard_Demo\E01_gpio_demo - 1\iar\Debug_m7_0\Obj\lvd_6353935867039560245.dir: [17]
    ------------------------------------------------
    Total:

C:\Users\wangzuohao\Desktop\ASCº®¼Ù¼¯Ñµ\CYT4BB7_Library-master\Example\Coreboard_Demo\E01_gpio_demo - 1\iar\Debug_m7_0\Obj\mcwdt_4052485907822033969.dir: [18]
    ------------------------------------------------
    Total:

C:\Users\wangzuohao\Desktop\ASCº®¼Ù¼¯Ñµ\CYT4BB7_Library-master\Example\Coreboard_Demo\E01_gpio_demo - 1\iar\Debug_m7_0\Obj\mpu_5663187252346826382.dir: [19]
    ------------------------------------------------
    Total:

C:\Users\wangzuohao\Desktop\ASCº®¼Ù¼¯Ñµ\CYT4BB7_Library-master\Example\Coreboard_Demo\E01_gpio_demo - 1\iar\Debug_m7_0\Obj\power_14453085144426420577.dir: [20]
    ------------------------------------------------
    Total:

C:\Users\wangzuohao\Desktop\ASCº®¼Ù¼¯Ñµ\CYT4BB7_Library-master\Example\Coreboard_Demo\E01_gpio_demo - 1\iar\Debug_m7_0\Obj\prot_10722960861768657883.dir: [21]
    ------------------------------------------------
    Total:

C:\Users\wangzuohao\Desktop\ASCº®¼Ù¼¯Ñµ\CYT4BB7_Library-master\Example\Coreboard_Demo\E01_gpio_demo - 1\iar\Debug_m7_0\Obj\rev_b_4986922561640112550.dir: [22]
    system_tviibh4m_cm7.o      336      172       20
    ------------------------------------------------
    Total:                     336      172       20

C:\Users\wangzuohao\Desktop\ASCº®¼Ù¼¯Ñµ\CYT4BB7_Library-master\Example\Coreboard_Demo\E01_gpio_demo - 1\iar\Debug_m7_0\Obj\rev_b_6162237342861132223.dir: [23]
    cy_interrupt_map.o         408      194    1'776
    ------------------------------------------------
    Total:                     408      194    1'776

C:\Users\wangzuohao\Desktop\ASCº®¼Ù¼¯Ñµ\CYT4BB7_Library-master\Example\Coreboard_Demo\E01_gpio_demo - 1\iar\Debug_m7_0\Obj\scb_15490842639181808494.dir: [24]
    cy_scb_uart.o              788       40
    ------------------------------------------------
    Total:                     788       40

C:\Users\wangzuohao\Desktop\ASCº®¼Ù¼¯Ñµ\CYT4BB7_Library-master\Example\Coreboard_Demo\E01_gpio_demo - 1\iar\Debug_m7_0\Obj\sd_host_2982766354293506895.dir: [25]
    ------------------------------------------------
    Total:

C:\Users\wangzuohao\Desktop\ASCº®¼Ù¼¯Ñµ\CYT4BB7_Library-master\Example\Coreboard_Demo\E01_gpio_demo - 1\iar\Debug_m7_0\Obj\semihosting_143864889731838620.dir: [26]
    ------------------------------------------------
    Total:

C:\Users\wangzuohao\Desktop\ASCº®¼Ù¼¯Ñµ\CYT4BB7_Library-master\Example\Coreboard_Demo\E01_gpio_demo - 1\iar\Debug_m7_0\Obj\smartio_5451710003740070188.dir: [27]
    ------------------------------------------------
    Total:

C:\Users\wangzuohao\Desktop\ASCº®¼Ù¼¯Ñµ\CYT4BB7_Library-master\Example\Coreboard_Demo\E01_gpio_demo - 1\iar\Debug_m7_0\Obj\smif_427648126384146252.dir: [28]
    ------------------------------------------------
    Total:

C:\Users\wangzuohao\Desktop\ASCº®¼Ù¼¯Ñµ\CYT4BB7_Library-master\Example\Coreboard_Demo\E01_gpio_demo - 1\iar\Debug_m7_0\Obj\smif_mem_6470536964353725183.dir: [29]
    ------------------------------------------------
    Total:

C:\Users\wangzuohao\Desktop\ASCº®¼Ù¼¯Ñµ\CYT4BB7_Library-master\Example\Coreboard_Demo\E01_gpio_demo - 1\iar\Debug_m7_0\Obj\srom_13018798572330080582.dir: [30]
    ------------------------------------------------
    Total:

C:\Users\wangzuohao\Desktop\ASCº®¼Ù¼¯Ñµ\CYT4BB7_Library-master\Example\Coreboard_Demo\E01_gpio_demo - 1\iar\Debug_m7_0\Obj\startup_479057977785470282.dir: [31]
    startup.o                  516       24
    startup_cm7.o              442               128
    ------------------------------------------------
    Total:                     958       24      128

C:\Users\wangzuohao\Desktop\ASCº®¼Ù¼¯Ñµ\CYT4BB7_Library-master\Example\Coreboard_Demo\E01_gpio_demo - 1\iar\Debug_m7_0\Obj\sw_timer_4215635015939382130.dir: [32]
    ------------------------------------------------
    Total:

C:\Users\wangzuohao\Desktop\ASCº®¼Ù¼¯Ñµ\CYT4BB7_Library-master\Example\Coreboard_Demo\E01_gpio_demo - 1\iar\Debug_m7_0\Obj\sysclk_16149231235676103872.dir: [33]
    cy_sysclk.o              2'280      296       25
    ------------------------------------------------
    Total:                   2'280      296       25

C:\Users\wangzuohao\Desktop\ASCº®¼Ù¼¯Ñµ\CYT4BB7_Library-master\Example\Coreboard_Demo\E01_gpio_demo - 1\iar\Debug_m7_0\Obj\sysflt_12293435975120599261.dir: [34]
    ------------------------------------------------
    Total:

C:\Users\wangzuohao\Desktop\ASCº®¼Ù¼¯Ñµ\CYT4BB7_Library-master\Example\Coreboard_Demo\E01_gpio_demo - 1\iar\Debug_m7_0\Obj\sysint_7435970359207984181.dir: [35]
    cy_sysint.o                172        8
    ------------------------------------------------
    Total:                     172        8

C:\Users\wangzuohao\Desktop\ASCº®¼Ù¼¯Ñµ\CYT4BB7_Library-master\Example\Coreboard_Demo\E01_gpio_demo - 1\iar\Debug_m7_0\Obj\syslib_16330585751512546975.dir: [36]
    cy_syslib.o                182               140
    cy_syslib_iar.o             30
    ------------------------------------------------
    Total:                     212               140

C:\Users\wangzuohao\Desktop\ASCº®¼Ù¼¯Ñµ\CYT4BB7_Library-master\Example\Coreboard_Demo\E01_gpio_demo - 1\iar\Debug_m7_0\Obj\syspm_10887939769544754770.dir: [37]
    ------------------------------------------------
    Total:

C:\Users\wangzuohao\Desktop\ASCº®¼Ù¼¯Ñµ\CYT4BB7_Library-master\Example\Coreboard_Demo\E01_gpio_demo - 1\iar\Debug_m7_0\Obj\sysreghc_17676636058511625587.dir: [38]
    ------------------------------------------------
    Total:

C:\Users\wangzuohao\Desktop\ASCº®¼Ù¼¯Ñµ\CYT4BB7_Library-master\Example\Coreboard_Demo\E01_gpio_demo - 1\iar\Debug_m7_0\Obj\sysreset_14586141425677365288.dir: [39]
    ------------------------------------------------
    Total:

C:\Users\wangzuohao\Desktop\ASCº®¼Ù¼¯Ñµ\CYT4BB7_Library-master\Example\Coreboard_Demo\E01_gpio_demo - 1\iar\Debug_m7_0\Obj\sysrtc_10747768817563771611.dir: [40]
    ------------------------------------------------
    Total:

C:\Users\wangzuohao\Desktop\ASCº®¼Ù¼¯Ñµ\CYT4BB7_Library-master\Example\Coreboard_Demo\E01_gpio_demo - 1\iar\Debug_m7_0\Obj\systick_16016591671695740695.dir: [41]
    ------------------------------------------------
    Total:

C:\Users\wangzuohao\Desktop\ASCº®¼Ù¼¯Ñµ\CYT4BB7_Library-master\Example\Coreboard_Demo\E01_gpio_demo - 1\iar\Debug_m7_0\Obj\syswdt_9118657615806274156.dir: [42]
    ------------------------------------------------
    Total:

C:\Users\wangzuohao\Desktop\ASCº®¼Ù¼¯Ñµ\CYT4BB7_Library-master\Example\Coreboard_Demo\E01_gpio_demo - 1\iar\Debug_m7_0\Obj\tcpwm_422923530147891246.dir: [43]
    cy_tcpwm.o                  12
    cy_tcpwm_counter.o         430       20
    cy_tcpwm_pwm.o             522       28
    ------------------------------------------------
    Total:                     964       48

C:\Users\wangzuohao\Desktop\ASCº®¼Ù¼¯Ñµ\CYT4BB7_Library-master\Example\Coreboard_Demo\E01_gpio_demo - 1\iar\Debug_m7_0\Obj\trigmux_9729677290734583340.dir: [44]
    ------------------------------------------------
    Total:

C:\Users\wangzuohao\Desktop\ASCº®¼Ù¼¯Ñµ\CYT4BB7_Library-master\Example\Coreboard_Demo\E01_gpio_demo - 1\iar\Debug_m7_0\Obj\user_8514941877209965082.dir: [45]
    cm7_0_isr.o                528                 1
    main_cm7_0.o               508       28      247
    ------------------------------------------------
    Total:                   1'036       28      248

C:\Users\wangzuohao\Desktop\ASCº®¼Ù¼¯Ñµ\CYT4BB7_Library-master\Example\Coreboard_Demo\E01_gpio_demo - 1\iar\Debug_m7_0\Obj\zf_common_1201165462030747823.dir: [46]
    zf_common_clock.o           28                 4
    zf_common_debug.o        1'072      108      112
    zf_common_fifo.o         1'096      128
    zf_common_interrupt.o      226                 4
    ------------------------------------------------
    Total:                   2'422      236      120

C:\Users\wangzuohao\Desktop\ASCº®¼Ù¼¯Ñµ\CYT4BB7_Library-master\Example\Coreboard_Demo\E01_gpio_demo - 1\iar\Debug_m7_0\Obj\zf_components_14936052685886095442.dir: [47]
    ------------------------------------------------
    Total:

C:\Users\wangzuohao\Desktop\ASCº®¼Ù¼¯Ñµ\CYT4BB7_Library-master\Example\Coreboard_Demo\E01_gpio_demo - 1\iar\Debug_m7_0\Obj\zf_device_6570275422786408770.dir: [48]
    zf_device_gnss.o           276               413
    zf_device_tsl1401.o        124               514
    zf_device_type.o             2        1        8
    ------------------------------------------------
    Total:                     402        1      935

C:\Users\wangzuohao\Desktop\ASCº®¼Ù¼¯Ñµ\CYT4BB7_Library-master\Example\Coreboard_Demo\E01_gpio_demo - 1\iar\Debug_m7_0\Obj\zf_driver_11922370083829174090.dir: [49]
    zf_driver_adc.o            116        1       84
    zf_driver_delay.o          644        1        3
    zf_driver_gpio.o           380
    zf_driver_pit.o          1'028        5       60
    zf_driver_pwm.o          3'608      128
    zf_driver_soft_iic.o     1'504      132
    zf_driver_uart.o         2'088      132      320
    ------------------------------------------------
    Total:                   9'368      399      467

dl7M_tln.a: [50]
    abort.o                      6
    exit.o                       4
    printf.o                    40
    putchar.o                   32
    sprintf.o                   64
    strncmp.o                   42
    xfail_s.o                   64                 4
    xprintffull_nomb.o       3'758
    xprout.o                    22
    xsprout.o                   10
    ------------------------------------------------
    Total:                   4'042                 4

m7M_tlv.a: [51]
    DblCmpGe.o                  52
    DblCmpLe.o                  52
    DblDiv.o                    18
    DblMul.o                    18
    DblSub.o                    18
    DblToS32.o                  14
    DblToU32.o                  14
    S32ToDbl.o                  14
    U32ToDbl.o                  14
    cos_sin32.o                468
    fminf.o                     40
    fmodf.o                    204
    fpinit_M.o                  34
    frexp.o                    112
    ldexp.o                    260
    sqrtf.o                     30
    ------------------------------------------------
    Total:                   1'362

rt7M_tl.a: [52]
    ABImemclr4.o                 6
    ABImemcpy.o                166
    ABImemset.o                102
    ABImemset48.o               50
    I64DivMod.o                560
    I64DivZer.o                  2
    cexit.o                     10
    cmain.o                     30
    cstartup_M.o                28
    data_init.o                 40
    lz77_init_single.o         126
    memchr.o                    88
    strchr.o                    22
    strlen.o                    54
    strncpy.o                  112
    zero_init3.o                56
    ------------------------------------------------
    Total:                   1'452

shb_l.a: [53]
    exit.o                      20
    ------------------------------------------------
    Total:                      20

    Gaps                        34        6
    Linker created                       32    8'192
----------------------------------------------------
    Grand Total:            28'016    1'484   12'311


*******************************************************************************
*** ENTRY LIST
***

Entry                       Address   Size  Type      Object
-----                       -------   ----  ----      ------
.iar.init_table$$Base   0x1008'7000          --   Gb  - Linker created -
.iar.init_table$$Limit  0x1008'7020          --   Gb  - Linker created -
?main                   0x1008'7081         Code  Gb  cmain.o [52]
AS5600_Init             0x1008'66b1   0x30  Code  Gb  AS5600.o [5]
AS5600_Read             0x1008'66e1   0x48  Code  Gb  AS5600.o [5]
AS561                   0x2802'0ee4   0x10  Data  Gb  main_cm7_0.o [45]
AS562                   0x2802'0ef4   0x10  Data  Gb  main_cm7_0.o [45]
Ac                      0x2802'0f58    0x4  Data  Gb  AS5600.o [5]
Angle                   0x2802'0f86    0x2  Data  Gb  AS5600.o [5]
BusFault_Handler        0x1008'724d         Code  Wk  startup_cm7.o [31]
CSTACK$$Base            0x2807'e000          --   Gb  - Linker created -
CSTACK$$Limit           0x2808'0000          --   Gb  - Linker created -
CopyVectorTable         0x1008'62d5   0x34  Code  Lc  startup.o [31]
CpuUserInt0_Handler     0x1008'699b   0x26  Code  Gb  cy_interrupt_map.o [23]
CpuUserInt10_Handler    0x1008'7269         Code  Wk  startup_cm7.o [31]
CpuUserInt11_Handler    0x1008'726d         Code  Wk  startup_cm7.o [31]
CpuUserInt12_Handler    0x1008'7271         Code  Wk  startup_cm7.o [31]
CpuUserInt13_Handler    0x1008'7275         Code  Wk  startup_cm7.o [31]
CpuUserInt14_Handler    0x1008'7279         Code  Wk  startup_cm7.o [31]
CpuUserInt15_Handler    0x1008'727d         Code  Wk  startup_cm7.o [31]
CpuUserInt1_Handler     0x1008'69c1   0x26  Code  Gb  cy_interrupt_map.o [23]
CpuUserInt2_Handler     0x1008'69e7   0x26  Code  Gb  cy_interrupt_map.o [23]
CpuUserInt3_Handler     0x1008'6a0d   0x26  Code  Gb  cy_interrupt_map.o [23]
CpuUserInt4_Handler     0x1008'6a33   0x26  Code  Gb  cy_interrupt_map.o [23]
CpuUserInt5_Handler     0x1008'6a59   0x26  Code  Gb  cy_interrupt_map.o [23]
CpuUserInt6_Handler     0x1008'6a7f   0x26  Code  Gb  cy_interrupt_map.o [23]
CpuUserInt7_Handler     0x1008'6aa5   0x26  Code  Gb  cy_interrupt_map.o [23]
CpuUserInt8_Handler     0x1008'7261         Code  Wk  startup_cm7.o [31]
CpuUserInt9_Handler     0x1008'7265         Code  Wk  startup_cm7.o [31]
Cy_DefaultUserHandler   0x1008'6999    0x2  Code  Gb  cy_interrupt_map.o [23]
Cy_GPIO_ClearInterrupt  0x1008'2963    0xe  Code  Lc  cy_gpio.o [14]
Cy_GPIO_Clr             0x1008'4dc5    0xa  Code  Lc  zf_driver_gpio.o [49]
Cy_GPIO_Pin_Init        0x1008'29a7   0x72  Code  Gb  cy_gpio.o [14]
Cy_GPIO_Read            0x1008'4db1    0xa  Code  Lc  zf_driver_gpio.o [49]
Cy_GPIO_Set             0x1008'4dbb    0xa  Code  Lc  zf_driver_gpio.o [49]
Cy_GPIO_SetDriveSel     0x1008'2945   0x1e  Code  Lc  cy_gpio.o [14]
Cy_GPIO_SetDrivemode    0x1008'28f5   0x1c  Code  Lc  cy_gpio.o [14]
Cy_GPIO_SetDrivemode    0x1008'4dcf   0x1c  Code  Lc  zf_driver_gpio.o [49]
Cy_GPIO_SetHSIOM        0x1008'2891   0x4c  Code  Lc  cy_gpio.o [14]
Cy_GPIO_SetInterruptEdge
                        0x1008'298b   0x1c  Code  Lc  cy_gpio.o [14]
Cy_GPIO_SetInterruptMask
                        0x1008'2971   0x1a  Code  Lc  cy_gpio.o [14]
Cy_GPIO_SetSlewRate     0x1008'292b   0x1a  Code  Lc  cy_gpio.o [14]
Cy_GPIO_SetVtrip        0x1008'2911   0x1a  Code  Lc  cy_gpio.o [14]
Cy_GPIO_Write           0x1008'28dd   0x18  Code  Lc  cy_gpio.o [14]
Cy_RestoreIRQ           0x1008'6491         Code  Gb  startup_cm7.o [31]
Cy_SCB_ClearRxInterrupt
                        0x1008'5cfb    0xa  Code  Lc  cm7_0_isr.o [45]
Cy_SCB_ClearTxInterrupt
                        0x1008'5d0b    0xa  Code  Lc  cm7_0_isr.o [45]
Cy_SCB_GetNumInRxFifo   0x1008'2de7    0xa  Code  Lc  zf_driver_uart.o [49]
Cy_SCB_GetNumInTxFifo   0x1008'2df7    0xa  Code  Lc  zf_driver_uart.o [49]
Cy_SCB_GetRxInterruptMask
                        0x1008'5cf5    0x6  Code  Lc  cm7_0_isr.o [45]
Cy_SCB_GetRxInterruptMask
                        0x1008'2e33    0x6  Code  Lc  zf_driver_uart.o [49]
Cy_SCB_GetTxInterruptMask
                        0x1008'5d05    0x6  Code  Lc  cm7_0_isr.o [45]
Cy_SCB_GetTxInterruptMask
                        0x1008'2e3f    0x6  Code  Lc  zf_driver_uart.o [49]
Cy_SCB_GetTxSrValid     0x1008'2e01    0xa  Code  Lc  zf_driver_uart.o [49]
Cy_SCB_IsTxComplete     0x1008'2e0b   0x22  Code  Lc  zf_driver_uart.o [49]
Cy_SCB_ReadRxFifo       0x1008'2de1    0x6  Code  Lc  zf_driver_uart.o [49]
Cy_SCB_SetRxInterruptMask
                        0x1008'2e2d    0x6  Code  Lc  zf_driver_uart.o [49]
Cy_SCB_SetTxInterruptMask
                        0x1008'2e39    0x6  Code  Lc  zf_driver_uart.o [49]
Cy_SCB_UART_DeInit      0x1008'3c5d   0x5c  Code  Gb  cy_scb_uart.o [24]
Cy_SCB_UART_Enable      0x1008'2e45    0xa  Code  Lc  zf_driver_uart.o [49]
Cy_SCB_UART_Init        0x1008'39d9  0x284  Code  Gb  cy_scb_uart.o [24]
Cy_SCB_WriteTxFifo      0x1008'2df1    0x6  Code  Lc  zf_driver_uart.o [49]
Cy_SaveIRQ              0x1008'6489         Code  Gb  startup_cm7.o [31]
Cy_SysClk_CheckDividerExisting
                        0x1008'5a71   0x2a  Code  Lc  zf_driver_delay.o [49]
Cy_SysClk_CheckDividerExisting
                        0x1008'4f2d   0x2c  Code  Lc  zf_driver_pit.o [49]
Cy_SysClk_CheckDividerExisting
                        0x1008'15e1   0x2c  Code  Lc  zf_driver_pwm.o [49]
Cy_SysClk_CheckDividerExisting
                        0x1008'2c3d   0x2c  Code  Lc  zf_driver_uart.o [49]
Cy_SysClk_ClkPathGetSource
                        0x1008'3f41   0x54  Code  Gb  cy_sysclk.o [33]
Cy_SysClk_EcoGetStatus  0x1008'3dcd   0x1a  Code  Lc  cy_sysclk.o [33]
Cy_SysClk_Fast0ClkGetDivider
                        0x1008'3f15   0x16  Code  Lc  cy_sysclk.o [33]
Cy_SysClk_Fast1ClkGetDivider
                        0x1008'3f2b   0x16  Code  Lc  cy_sysclk.o [33]
Cy_SysClk_FllGetConfiguration
                        0x1008'3f9d   0x7e  Code  Gb  cy_sysclk.o [33]
Cy_SysClk_FllGetLockStatus
                        0x1008'3de7    0xc  Code  Lc  cy_sysclk.o [33]
Cy_SysClk_GetClockGroup
                        0x1008'5b19    0x8  Code  Lc  zf_driver_delay.o [49]
Cy_SysClk_GetClockGroup
                        0x1008'4fdb    0x8  Code  Lc  zf_driver_pit.o [49]
Cy_SysClk_GetClockGroup
                        0x1008'168f    0x8  Code  Lc  zf_driver_pwm.o [49]
Cy_SysClk_GetClockGroup
                        0x1008'2d21    0x8  Code  Lc  zf_driver_uart.o [49]
Cy_SysClk_GetCoreFrequency
                        0x1008'4661   0x2a  Code  Gb  cy_sysclk.o [33]
Cy_SysClk_GetEcoFrequency
                        0x1008'4169   0x32  Code  Gb  cy_sysclk.o [33]
Cy_SysClk_GetExtFrequency
                        0x1008'419d   0x1e  Code  Gb  cy_sysclk.o [33]
Cy_SysClk_GetFast0Frequency
                        0x1008'45b5   0x56  Code  Gb  cy_sysclk.o [33]
Cy_SysClk_GetFast1Frequency
                        0x1008'460b   0x56  Code  Gb  cy_sysclk.o [33]
Cy_SysClk_GetFllInputFrequency
                        0x1008'42bd    0xc  Code  Gb  cy_sysclk.o [33]
Cy_SysClk_GetFllOutputFrequency
                        0x1008'42e5   0x78  Code  Gb  cy_sysclk.o [33]
Cy_SysClk_GetHfClkFrequency
                        0x1008'4537   0x7a  Code  Gb  cy_sysclk.o [33]
Cy_SysClk_GetIlo0Frequency
                        0x1008'41bb   0x32  Code  Gb  cy_sysclk.o [33]
Cy_SysClk_GetIlo1Frequency
                        0x1008'41ed   0x32  Code  Gb  cy_sysclk.o [33]
Cy_SysClk_GetImoFrequency
                        0x1008'4137   0x32  Code  Gb  cy_sysclk.o [33]
Cy_SysClk_GetPathFrequency
                        0x1008'4505   0x32  Code  Gb  cy_sysclk.o [33]
Cy_SysClk_GetPathSourceFrequency
                        0x1008'4259   0x64  Code  Gb  cy_sysclk.o [33]
Cy_SysClk_GetPll400MNo  0x1008'3e31   0x14  Code  Lc  cy_sysclk.o [33]
Cy_SysClk_GetPllInputFrequency
                        0x1008'42c9   0x1c  Code  Gb  cy_sysclk.o [33]
Cy_SysClk_GetPllNo      0x1008'3df5   0x12  Code  Lc  cy_sysclk.o [33]
Cy_SysClk_GetPllOutputFrequency
                        0x1008'4361  0x1a0  Code  Gb  cy_sysclk.o [33]
Cy_SysClk_GetWcoFrequency
                        0x1008'421f   0x32  Code  Gb  cy_sysclk.o [33]
Cy_SysClk_HfClockGetDivider
                        0x1008'3ed3   0x42  Code  Lc  cy_sysclk.o [33]
Cy_SysClk_HfClockGetSource
                        0x1008'3e7f   0x54  Code  Lc  cy_sysclk.o [33]
Cy_SysClk_InitGetFreqParams
                        0x1008'411d   0x1a  Code  Gb  cy_sysclk.o [33]
Cy_SysClk_PeriphAssignDivider
                        0x1008'5b21   0x68  Code  Lc  zf_driver_delay.o [49]
Cy_SysClk_PeriphAssignDivider
                        0x1008'4fe3   0x68  Code  Lc  zf_driver_pit.o [49]
Cy_SysClk_PeriphAssignDivider
                        0x1008'1697   0x6a  Code  Lc  zf_driver_pwm.o [49]
Cy_SysClk_PeriphAssignDivider
                        0x1008'2d29   0x6a  Code  Lc  zf_driver_uart.o [49]
Cy_SysClk_PeriphEnableDivider
                        0x1008'5b89   0x4c  Code  Lc  zf_driver_delay.o [49]
Cy_SysClk_PeriphEnableDivider
                        0x1008'504b   0x4c  Code  Lc  zf_driver_pit.o [49]
Cy_SysClk_PeriphEnableDivider
                        0x1008'1701   0x4e  Code  Lc  zf_driver_pwm.o [49]
Cy_SysClk_PeriphEnableDivider
                        0x1008'2d93   0x4e  Code  Lc  zf_driver_uart.o [49]
Cy_SysClk_PeriphSetDivider
                        0x1008'5a9b   0x7e  Code  Lc  zf_driver_delay.o [49]
Cy_SysClk_PeriphSetDivider
                        0x1008'4f59   0x82  Code  Lc  zf_driver_pit.o [49]
Cy_SysClk_PeriphSetDivider
                        0x1008'160d   0x82  Code  Lc  zf_driver_pwm.o [49]
Cy_SysClk_PeriphSetFracDivider
                        0x1008'2c69   0xb8  Code  Lc  zf_driver_uart.o [49]
Cy_SysClk_Pll400MGetConfiguration
                        0x1008'4089   0x84  Code  Gb  cy_sysclk.o [33]
Cy_SysClk_Pll400MGetLockStatus
                        0x1008'3e45   0x2a  Code  Lc  cy_sysclk.o [33]
Cy_SysClk_PllGetConfiguration
                        0x1008'4035   0x48  Code  Gb  cy_sysclk.o [33]
Cy_SysClk_PllGetLockStatus
                        0x1008'3e07   0x28  Code  Lc  cy_sysclk.o [33]
Cy_SysClk_WcoOkay       0x1008'3e71    0xe  Code  Lc  cy_sysclk.o [33]
Cy_SysInt_InitIRQ       0x1008'3ced   0x7e  Code  Gb  cy_sysint.o [35]
Cy_SysInt_SetSystemIrqVector
                        0x1008'3d6b   0x12  Code  Gb  cy_sysint.o [35]
Cy_SysInt_SystemIrqUserTableRamPointer
                        0x2802'06f0    0x4  Data  Gb  cy_interrupt_map.o [23]
Cy_SysLib_DelayCycles   0x1008'7061         Code  Gb  cy_syslib_iar.o [36]
Cy_SysLib_EnterCriticalSection
                        0x1008'7071         Code  Gb  cy_syslib_iar.o [36]
Cy_SysLib_ExitCriticalSection
                        0x1008'7079         Code  Gb  cy_syslib_iar.o [36]
Cy_SysLib_FaultHandler  0x1008'4729   0x90  Code  Gb  cy_syslib.o [36]
Cy_SysLib_Halt          0x1008'4725    0x4  Code  Gb  cy_syslib.o [36]
Cy_SysLib_ProcessingFault
                        0x1008'47cd    0x2  Code  Wk  cy_syslib.o [36]
Cy_SysLib_SvcHandler    0x1008'71b1    0xc  Code  Wk  cy_syslib.o [36]
Cy_SystemInitFpuEnable  0x1008'6429   0x1e  Code  Gb  system_tviibh4m_cm7.o [22]
Cy_SystemIrqUserTable   0x2802'0004  0x6ec  Data  Gb  cy_interrupt_map.o [23]
Cy_Tcpwm_Counter_ClearTC_Intr
                        0x1008'54cf   0x10  Code  Gb  cy_tcpwm_counter.o [43]
Cy_Tcpwm_Counter_Enable
                        0x1008'54b1    0xa  Code  Gb  cy_tcpwm_counter.o [43]
Cy_Tcpwm_Counter_GetCounter
                        0x1008'54bf    0x4  Code  Gb  cy_tcpwm_counter.o [43]
Cy_Tcpwm_Counter_Init   0x1008'5331  0x16c  Code  Gb  cy_tcpwm_counter.o [43]
Cy_Tcpwm_Counter_SetCounter
                        0x1008'54bb    0x4  Code  Gb  cy_tcpwm_counter.o [43]
Cy_Tcpwm_Counter_SetTC_IntrMask
                        0x1008'54c3    0xc  Code  Gb  cy_tcpwm_counter.o [43]
Cy_Tcpwm_Pwm_Enable     0x1008'2c25    0xa  Code  Gb  cy_tcpwm_pwm.o [43]
Cy_Tcpwm_Pwm_Init       0x1008'2a25  0x1e4  Code  Gb  cy_tcpwm_pwm.o [43]
Cy_Tcpwm_TriggerStart   0x1008'2c2f    0xc  Code  Gb  cy_tcpwm.o [43]
Cy_u32StartupStackEndAddress
                        0x1008'6bc0         Data  Gb  startup_cm7.o [31]
Cy_u32StartupStackStartAddress
                        0x1008'6bbc         Data  Gb  startup_cm7.o [31]
Data                    0x2802'0f84    0x2  Data  Gb  AS5600.o [5]
DebugMon_Handler        0x1008'7255         Code  Wk  startup_cm7.o [31]
Elec_Angle              0x2802'0f10    0xc  Data  Gb  main_cm7_0.o [45]
Elec_Angle_Set          0x1008'56c1   0x14  Code  Gb  FOC.o [5]
FOC_init                0x1008'54e1   0x44  Code  Gb  FOC.o [5]
FOC_pwm_set_duty        0x1008'56d5   0x9c  Code  Gb  FOC.o [5]
FOCcounter              0x2802'0f8a    0x1  Data  Gb  cm7_0_isr.o [45]
HEAP_STACK$$Base        0x2807'e000          --   Gb  - Linker created -
HEAP_STACK$$Limit       0x2808'0000          --   Gb  - Linker created -
HardFault_Handler       0x1008'7021         Code  Wk  startup_cm7.o [31]
InitRamEcc              0x1008'61c3  0x100  Code  Lc  startup.o [31]
InitRamEccClearArea     0x1008'62c3   0x12  Code  Lc  startup.o [31]
KF_Speed1               0x2802'0754   0x10  Data  Gb  main_cm7_0.o [45]
KF_Speed2               0x2802'0764   0x10  Data  Gb  main_cm7_0.o [45]
KalmanFilter1D_Speed_Update
                        0x1008'687d   0x3a  Code  Gb  KF.o [5]
M1                      0x2802'06f4   0x30  Data  Gb  main_cm7_0.o [45]
M2                      0x2802'0724   0x30  Data  Gb  main_cm7_0.o [45]
Mech_Angle              0x2802'0f04    0xc  Data  Gb  main_cm7_0.o [45]
MemManage_Handler       0x1008'7249         Code  Wk  startup_cm7.o [31]
NMI_Handler             0x1008'7245         Code  Wk  startup_cm7.o [31]
Obs_Speed               0x2802'0f1c    0xc  Data  Gb  main_cm7_0.o [45]
PID_Update_Add          0x1008'68b7   0x9e  Code  Gb  PID.o [5]
PendSV_Handler          0x1008'7259         Code  Wk  startup_cm7.o [31]
Region$$Table$$Base     0x1008'7000          --   Gb  - Linker created -
Region$$Table$$Limit    0x1008'7020          --   Gb  - Linker created -
Reset_Handler           0x1008'6b15         Code  Wk  startup_cm7.o [31]
SVC_Handler             0x1008'70d1         Code  Wk  startup_cm7.o [31]
SimpleFOC               0x1008'5525  0x19c  Code  Gb  FOC.o [5]
Speed_Update1           0x1008'6729   0x8e  Code  Gb  AS5600.o [5]
Speed_Update2           0x1008'67b9   0x8e  Code  Gb  AS5600.o [5]
Startup_Init            0x1008'6135   0x8e  Code  Gb  startup.o [31]
SysTick_Handler         0x1008'725d         Code  Wk  startup_cm7.o [31]
SystemCoreClock         0x2802'0f64    0x4  Data  Gb  system_tviibh4m_cm7.o [22]
SystemCoreClockUpdate   0x1008'6395   0x94  Code  Gb  system_tviibh4m_cm7.o [22]
SystemInit              0x1008'6339   0x5c  Code  Gb  system_tviibh4m_cm7.o [22]
UsageFault_Handler      0x1008'7251         Code  Wk  startup_cm7.o [31]
_LC                     0x1008'0081    0x6  Code  Lc  xprintffull_nomb.o [50]
_LitobFullNoMb          0x1008'0d4d  0x114  Code  Lc  xprintffull_nomb.o [50]
_PrintfFullNoMb         0x1008'0087  0xc98  Code  Gb  xprintffull_nomb.o [50]
_Prout                  0x1008'7151   0x16  Code  Gb  xprout.o [50]
_PutcharsFullNoMb       0x1008'0eb9   0x2e  Code  Lc  xprintffull_nomb.o [50]
_SProut                 0x1008'0fc3    0xa  Code  Gb  xsprout.o [50]
__NVIC_ClearPendingIRQ  0x1008'697d   0x1c  Code  Lc  cy_interrupt_map.o [23]
__NVIC_ClearPendingIRQ  0x1008'3909   0x1c  Code  Lc  zf_common_interrupt.o [46]
__NVIC_EnableIRQ        0x1008'38ed   0x1c  Code  Lc  zf_common_interrupt.o [46]
__NVIC_SetPriority      0x1008'3925   0x24  Code  Lc  zf_common_interrupt.o [46]
__Vectors               0x1008'0000          --   Gb  startup_cm7.o [31]
__Vectors_End           0x1008'0080         Data  Gb  startup_cm7.o [31]
__Vectors_Size {Abs}           0x80          --   Gb  startup_cm7.o [31]
__aeabi_cdcmple         0x1008'11b5         Code  Gb  DblCmpLe.o [51]
__aeabi_cdrcmple        0x1008'11e9         Code  Gb  DblCmpGe.o [51]
__aeabi_d2iz            0x1008'1321    0xe  Code  Gb  DblToS32.o [51]
__aeabi_d2uiz           0x1008'1361    0xe  Code  Gb  DblToU32.o [51]
__aeabi_ddiv            0x1008'134f   0x12  Code  Gb  DblDiv.o [51]
__aeabi_dmul            0x1008'137d   0x12  Code  Gb  DblMul.o [51]
__aeabi_dsub            0x1008'133d   0x12  Code  Gb  DblSub.o [51]
__aeabi_i2d             0x1008'132f    0xe  Code  Gb  S32ToDbl.o [51]
__aeabi_ldiv0           0x1008'15c9         Code  Gb  I64DivZer.o [52]
__aeabi_memclr4         0x1008'39d1         Code  Gb  ABImemclr4.o [52]
__aeabi_memcpy          0x1008'109d         Code  Gb  ABImemcpy.o [52]
__aeabi_memcpy4         0x1008'10bd         Code  Gb  ABImemcpy.o [52]
__aeabi_memcpy8         0x1008'10bd         Code  Gb  ABImemcpy.o [52]
__aeabi_memset          0x1008'2829         Code  Gb  ABImemset.o [52]
__aeabi_ui2d            0x1008'136f    0xe  Code  Gb  U32ToDbl.o [51]
__aeabi_uldivmod        0x1008'1391         Code  Gb  I64DivMod.o [52]
__cmain                 0x1008'7081         Code  Gb  cmain.o [52]
__ecc_init_dtcm_end_address {Abs}
                        0x2000'3fff         Data  Gb  <internal module>
__ecc_init_dtcm_start_address {Abs}
                        0x2000'0000         Data  Gb  <internal module>
__ecc_init_itcm_end_address {Abs}
                             0x3fff         Data  Gb  <internal module>
__ecc_init_itcm_start_address {Abs}
                                0x0         Data  Gb  <internal module>
__ecc_init_sram_end_address {Abs}
                        0x2807'ffff         Data  Gb  <internal module>
__ecc_init_sram_start_address {Abs}
                        0x2802'0000         Data  Gb  <internal module>
__exit                  0x1008'15cd   0x14  Code  Gb  exit.o [53]
__iar_Fail_s            0x1008'0fcd   0x1c  Code  Gb  xfail_s.o [50]
__iar_Memchr            0x1008'1045         Code  Gb  memchr.o [52]
__iar_Memset            0x1008'2829         Code  Gb  ABImemset.o [52]
__iar_Memset4_word      0x1008'3d99         Code  Gb  ABImemset48.o [52]
__iar_Memset8_word      0x1008'3d99         Code  Gb  ABImemset48.o [52]
__iar_Memset_word       0x1008'2831         Code  Gb  ABImemset.o [52]
__iar_Sin32             0x1008'5789  0x18c  Code  Lc  cos_sin32.o [51]
__iar_Strchr            0x1008'0fad         Code  Gb  strchr.o [52]
__iar_cos32             0x1008'5955    0x4  Code  Gb  cos_sin32.o [51]
__iar_cos_medium32      0x1008'5955    0x4  Code  Gb  cos_sin32.o [51]
__iar_cos_mediumf       0x1008'5955    0x4  Code  Gb  cos_sin32.o [51]
__iar_data_init3        0x1008'6fb5   0x28  Code  Gb  data_init.o [52]
__iar_fmin32            0x1008'597d         Code  Gb  fminf.o [51]
__iar_fmod32            0x1008'59b5         Code  Gb  fmodf.o [51]
__iar_frexp             0x1008'1151         Code  Gb  frexp.o [51]
__iar_frexpl            0x1008'1151         Code  Gb  frexp.o [51]
__iar_init_vfp          0x1008'6fdd         Code  Gb  fpinit_M.o [51]
__iar_ldexp64           0x1008'1231         Code  Gb  ldexp.o [51]
__iar_lz77_init_single3
                        0x1008'0f2f   0x7e  Code  Gb  lz77_init_single.o [52]
__iar_program_start     0x1008'70ed         Code  Gb  cstartup_M.o [52]
__iar_scalbln64         0x1008'1231         Code  Gb  ldexp.o [51]
__iar_scalbn64          0x1008'1231         Code  Gb  ldexp.o [51]
__iar_sin32             0x1008'5959    0x4  Code  Gb  cos_sin32.o [51]
__iar_sin_medium32      0x1008'5959    0x4  Code  Gb  cos_sin32.o [51]
__iar_sin_mediumf       0x1008'5959    0x4  Code  Gb  cos_sin32.o [51]
__iar_softfp___iar_frexp64
                        0x1008'1145         Code  Gb  frexp.o [51]
__iar_softfp___iar_ldexp64
                        0x1008'121d         Code  Gb  ldexp.o [51]
__iar_softfp___iar_scalbln64
                        0x1008'121d         Code  Gb  ldexp.o [51]
__iar_softfp___iar_scalbn64
                        0x1008'121d         Code  Gb  ldexp.o [51]
__iar_softfp_frexp      0x1008'1145         Code  Gb  frexp.o [51]
__iar_softfp_frexpl     0x1008'1145         Code  Gb  frexp.o [51]
__iar_softfp_ldexp      0x1008'121d         Code  Gb  ldexp.o [51]
__iar_softfp_ldexpl     0x1008'121d         Code  Gb  ldexp.o [51]
__iar_softfp_scalbln    0x1008'121d         Code  Gb  ldexp.o [51]
__iar_softfp_scalblnl   0x1008'121d         Code  Gb  ldexp.o [51]
__iar_softfp_scalbn     0x1008'121d         Code  Gb  ldexp.o [51]
__iar_softfp_scalbnl    0x1008'121d         Code  Gb  ldexp.o [51]
__iar_sqrt32            0x1008'595d         Code  Gb  sqrtf.o [51]
__iar_vfp___iar_fmod32  0x1008'59a5         Code  Gb  fmodf.o [51]
__iar_vfp_fmodf         0x1008'59a5         Code  Gb  fmodf.o [51]
__iar_zero_init3        0x1008'6f7d   0x38  Code  Gb  zero_init3.o [52]
__low_level_init        0x1008'70a1         Code  Gb  startup_cm7.o [31]
[...]
__vector_table_0x1c     0x1008'001c         Data  Gb  startup_cm7.o [31]
__write                 0x1008'2717   0x12  Code  Gb  zf_common_debug.o [46]
_call_main              0x1008'708d         Code  Gb  cmain.o [52]
_exit                   0x1008'70a9         Code  Gb  cexit.o [52]
abort                   0x1008'15c1    0x6  Code  Gb  abort.o [50]
adc_convert             0x1008'6095   0x6c  Code  Gb  zf_driver_adc.o [49]
adc_resolution          0x2802'0de8   0x48  Data  Lc  zf_driver_adc.o [49]
angle_buf               0x2802'0b08   0xf0  Data  Gb  AS5600.o [5]
assert_interrupt_config
                        0x1008'3981    0xc  Code  Gb  zf_common_interrupt.o [46]
clock_init              0x1008'6695   0x16  Code  Gb  zf_common_clock.o [46]
cosf                    0x1008'5955    0x4  Code  Gb  cos_sin32.o [51]
cy_assertFileName       0x2802'0e88   0x18  Data  Gb  cy_syslib.o [36]
cy_assertLine           0x2802'0f60    0x4  Data  Gb  cy_syslib.o [36]
cy_delay32kMs           0x2802'0f74    0x4  Data  Gb  system_tviibh4m_cm7.o [22]
cy_delayFreqHz          0x2802'0f68    0x4  Data  Gb  system_tviibh4m_cm7.o [22]
cy_delayFreqKhz         0x2802'0f6c    0x4  Data  Gb  system_tviibh4m_cm7.o [22]
cy_delayFreqMhz         0x2802'0f70    0x4  Data  Gb  system_tviibh4m_cm7.o [22]
cy_faultFrame           0x2802'0d78   0x70  Data  Gb  cy_syslib.o [36]
debug_assert_handler    0x1008'2729   0x3c  Code  Gb  zf_common_debug.o [46]
debug_assert_handler::assert_nest_index
                        0x2802'0f8f    0x1  Data  Lc  zf_common_debug.o [46]
debug_delay             0x1008'23f9   0x36  Code  Lc  zf_common_debug.o [46]
debug_info_init         0x1008'27af   0x18  Code  Gb  zf_common_debug.o [46]
debug_init              0x1008'27c7   0x2a  Code  Gb  zf_common_debug.o [46]
debug_interrupr_handler
                        0x1008'26f7   0x20  Code  Gb  zf_common_debug.o [46]
debug_output            0x1008'243b  0x2bc  Code  Lc  zf_common_debug.o [46]
debug_output_info       0x2802'0ed0   0x14  Data  Lc  zf_common_debug.o [46]
debug_output_init       0x1008'2785   0x2a  Code  Gb  zf_common_debug.o [46]
debug_output_struct_init
                        0x1008'2765   0x20  Code  Gb  zf_common_debug.o [46]
debug_uart_buffer       0x2802'0e30   0x40  Data  Gb  zf_common_debug.o [46]
debug_uart_data         0x2802'0f8e    0x1  Data  Gb  zf_common_debug.o [46]
debug_uart_fifo         0x2802'0ea0   0x18  Data  Gb  zf_common_debug.o [46]
debug_uart_str_output   0x1008'242f    0xc  Code  Lc  zf_common_debug.o [46]
delay_clk               0x2802'07ec    0x2  Data  Lc  zf_driver_delay.o [49]
delay_time              0x2802'0f88    0x2  Data  Gb  main_cm7_0.o [45]
divNumLocator           0x1008'71bc    0x8  Data  Gb  cy_sysclk.o [33]
dt                      0x2802'0000    0x4  Data  Gb  AS5600.o [5]
duty1                   0x2802'0f28    0xc  Data  Gb  main_cm7_0.o [45]
duty2                   0x2802'0f34    0xc  Data  Gb  main_cm7_0.o [45]
duty3                   0x2802'0f40    0xc  Data  Gb  main_cm7_0.o [45]
exit                    0x1008'70a5    0x4  Code  Gb  exit.o [50]
fifo_clear              0x1008'34d9   0x74  Code  Gb  zf_common_fifo.o [46]
fifo_end_offset         0x1008'34bf   0x1a  Code  Lc  zf_common_fifo.o [46]
fifo_head_offset        0x1008'34a5   0x1a  Code  Lc  zf_common_fifo.o [46]
fifo_init               0x1008'38af   0x3a  Code  Gb  zf_common_fifo.o [46]
fifo_read_buffer        0x1008'370f  0x1a0  Code  Gb  zf_common_fifo.o [46]
fifo_used               0x1008'354d   0x22  Code  Gb  zf_common_fifo.o [46]
fifo_write_buffer       0x1008'356f  0x1a0  Code  Gb  zf_common_fifo.o [46]
fminf                   0x1008'597d         Code  Gb  fminf.o [51]
fmodf                   0x1008'59b5         Code  Gb  fmodf.o [51]
get_pwm_ch              0x1008'1e29  0x368  Code  Lc  zf_driver_pwm.o [49]
get_pwm_pin             0x1008'174f  0x368  Code  Lc  zf_driver_pwm.o [49]
get_pwm_pin_hsiom       0x1008'1ab7  0x36a  Code  Lc  zf_driver_pwm.o [49]
get_scb_module          0x1008'2f9b   0x44  Code  Gb  zf_driver_uart.o [49]
get_uart_config         0x1008'2e4f  0x14c  Code  Lc  zf_driver_uart.o [49]
gnss_flag               0x2802'0f90    0x1  Data  Gb  zf_device_gnss.o [48]
gnss_gga_state          0x2802'0f92    0x1  Data  Lc  zf_device_gnss.o [48]
gnss_receiver_fifo      0x2802'0eb8   0x18  Data  Lc  zf_device_gnss.o [48]
gnss_rmc_state          0x2802'0f93    0x1  Data  Lc  zf_device_gnss.o [48]
gnss_state              0x2802'0f91    0x1  Data  Lc  zf_device_gnss.o [48]
gnss_ths_state          0x2802'0f94    0x1  Data  Lc  zf_device_gnss.o [48]
gnss_uart_callback      0x1008'5f81   0xe2  Code  Gb  zf_device_gnss.o [48]
gpio_get_level          0x1008'4e2f   0x22  Code  Gb  zf_driver_gpio.o [49]
gpio_init               0x1008'4e9f   0x88  Code  Gb  zf_driver_gpio.o [49]
gpio_set_dir            0x1008'4e51   0x4e  Code  Gb  zf_driver_gpio.o [49]
gpio_set_level          0x1008'4deb   0x44  Code  Gb  zf_driver_gpio.o [49]
gps_gga_buffer          0x2802'0bf8   0x80  Data  Lc  zf_device_gnss.o [48]
gps_rmc_buffer          0x2802'0c78   0x80  Data  Lc  zf_device_gnss.o [48]
gps_ths_buffer          0x2802'0cf8   0x80  Data  Lc  zf_device_gnss.o [48]
idx                     0x2802'0f5c    0x4  Data  Gb  AS5600.o [5]
intFreqInitialized      0x2802'0f8b    0x1  Data  Gb  cy_sysclk.o [33]
internalBaseFreqInfo    0x2802'0e70   0x18  Data  Gb  cy_sysclk.o [33]
interrupt_global_disable
                        0x1008'3959   0x14  Code  Gb  zf_common_interrupt.o [46]
interrupt_global_enable
                        0x1008'3949   0x10  Code  Gb  zf_common_interrupt.o [46]
interrupt_global_flag   0x2802'0f7c    0x4  Data  Lc  zf_common_interrupt.o [46]
interrupt_init          0x1008'3999   0x36  Code  Gb  zf_common_interrupt.o [46]
interrupt_set_priority  0x1008'398d    0xc  Code  Gb  zf_common_interrupt.o [46]
ldexp                   0x1008'1231         Code  Gb  ldexp.o [51]
ldexpl                  0x1008'1231         Code  Gb  ldexp.o [51]
led_state               0x2802'0f8c    0x1  Data  Gb  main_cm7_0.o [45]
main                    0x1008'6499  0x1fc  Code  Gb  main_cm7_0.o [45]
memchr                  0x1008'1045         Code  Gb  memchr.o [52]
pit0_ch0_isr            0x1008'5d15   0x12  Code  Gb  cm7_0_isr.o [45]
pit0_ch10_isr           0x1008'5d3b    0xa  Code  Gb  cm7_0_isr.o [45]
pit0_ch11_isr           0x1008'5d45    0xa  Code  Gb  cm7_0_isr.o [45]
pit0_ch12_isr           0x1008'5d4f    0xa  Code  Gb  cm7_0_isr.o [45]
pit0_ch13_isr           0x1008'5d59    0xa  Code  Gb  cm7_0_isr.o [45]
pit0_ch14_isr           0x1008'5d63    0xa  Code  Gb  cm7_0_isr.o [45]
pit0_ch15_isr           0x1008'5d6d    0xa  Code  Gb  cm7_0_isr.o [45]
pit0_ch16_isr           0x1008'5d77    0xa  Code  Gb  cm7_0_isr.o [45]
pit0_ch17_isr           0x1008'5d81    0xa  Code  Gb  cm7_0_isr.o [45]
pit0_ch18_isr           0x1008'5d8b    0xa  Code  Gb  cm7_0_isr.o [45]
pit0_ch19_isr           0x1008'5d95    0xa  Code  Gb  cm7_0_isr.o [45]
pit0_ch1_isr            0x1008'5d27    0xa  Code  Gb  cm7_0_isr.o [45]
pit0_ch20_isr           0x1008'5d9f    0xa  Code  Gb  cm7_0_isr.o [45]
pit0_ch21_isr           0x1008'5da9    0xe  Code  Gb  cm7_0_isr.o [45]
pit0_ch2_isr            0x1008'5d31    0xa  Code  Gb  cm7_0_isr.o [45]
pit_enable              0x1008'50c1   0x6c  Code  Gb  zf_driver_pit.o [49]
pit_init                0x1008'512d  0x1ee  Code  Gb  zf_driver_pit.o [49]
pit_isr_flag_clear      0x1008'5097   0x2a  Code  Gb  zf_driver_pit.o [49]
pit_isr_func            0x2802'0788   0x3c  Data  Gb  zf_driver_pit.o [49]
printf                  0x1008'6955   0x28  Code  Gb  printf.o [50]
putchar                 0x1008'7041   0x20  Code  Gb  putchar.o [50]
pwm_all_channel_close   0x1008'2191   0x1a  Code  Gb  zf_driver_pwm.o [49]
pwm_init                0x1008'2205  0x1e4  Code  Gb  zf_driver_pwm.o [49]
pwm_set_duty            0x1008'21ab   0x5a  Code  Gb  zf_driver_pwm.o [49]
sar_adc                 0x2802'077c    0xc  Data  Lc  zf_driver_adc.o [49]
scalbln                 0x1008'1231         Code  Gb  ldexp.o [51]
scalblnl                0x1008'1231         Code  Gb  ldexp.o [51]
scalbn                  0x1008'1231         Code  Gb  ldexp.o [51]
scalbnl                 0x1008'1231         Code  Gb  ldexp.o [51]
scale                   0x1008'0e61   0x46  Code  Lc  xprintffull_nomb.o [50]
scb_module              0x2802'07d8   0x14  Data  Gb  zf_driver_uart.o [49]
sec_hand                0x2802'0f80    0x4  Data  Lc  xfail_s.o [50]
sinf                    0x1008'5959    0x4  Code  Gb  cos_sin32.o [51]
soft_iic_init           0x1008'4d35   0x78  Code  Gb  zf_driver_soft_iic.o [49]
soft_iic_read_8bit_registers
                        0x1008'4c89   0x9a  Code  Gb  zf_driver_soft_iic.o [49]
soft_iic_read_data      0x1008'4b7b  0x10e  Code  Lc  zf_driver_soft_iic.o [49]
soft_iic_send_ack       0x1008'490d   0xc6  Code  Lc  zf_driver_soft_iic.o [49]
soft_iic_send_data      0x1008'4aa3   0xd8  Code  Lc  zf_driver_soft_iic.o [49]
soft_iic_start          0x1008'47d1   0x9e  Code  Lc  zf_driver_soft_iic.o [49]
soft_iic_stop           0x1008'486f   0x9e  Code  Lc  zf_driver_soft_iic.o [49]
soft_iic_wait_ack       0x1008'49d3   0xd0  Code  Lc  zf_driver_soft_iic.o [49]
sprintf                 0x1008'3465   0x40  Code  Gb  sprintf.o [50]
sqrtf                   0x1008'595d         Code  Gb  sqrtf.o [51]
strchr                  0x1008'0fad         Code  Gb  strchr.o [52]
strlen                  0x1008'100d         Code  Gb  strlen.o [52]
strncmp                 0x1008'6109   0x2a  Code  Gb  strncmp.o [50]
strncpy                 0x1008'46b5         Code  Gb  strncpy.o [52]
system_clock            0x2802'0f78    0x4  Data  Gb  zf_common_clock.o [46]
system_delay_init       0x1008'5c33   0xa6  Code  Gb  zf_driver_delay.o [49]
system_delay_ms         0x1008'5bd5   0x5e  Code  Gb  zf_driver_delay.o [49]
timer_ch                0x2802'07ef    0x1  Data  Lc  zf_driver_delay.o [49]
tsl1401_collect_pit_handler
                        0x1008'5f05   0x68  Code  Gb  zf_device_tsl1401.o [48]
tsl1401_data            0x2802'07f0  0x200  Data  Gb  zf_device_tsl1401.o [48]
tsl1401_finish_flag     0x2802'0f96    0x1  Data  Gb  zf_device_tsl1401.o [48]
tsl1401_init_state      0x2802'0f95    0x1  Data  Lc  zf_device_tsl1401.o [48]
type_default_callback   0x1008'7281    0x2  Code  Lc  zf_device_type.o [48]
uart0_isr               0x1008'5db7   0x40  Code  Gb  cm7_0_isr.o [45]
uart1_isr               0x1008'5df7   0x42  Code  Gb  cm7_0_isr.o [45]
uart2_isr               0x1008'5e39   0x40  Code  Gb  cm7_0_isr.o [45]
uart3_isr               0x1008'5e79   0x3c  Code  Gb  cm7_0_isr.o [45]
uart4_isr               0x1008'5eb5   0x42  Code  Gb  cm7_0_isr.o [45]
uart_context            0x2802'09f0  0x118  Data  Gb  zf_driver_uart.o [49]
uart_init               0x1008'328d  0x190  Code  Gb  zf_driver_uart.o [49]
uart_isr_func           0x2802'07c4   0x14  Data  Gb  zf_driver_uart.o [49]
uart_query_byte         0x1008'3041   0x32  Code  Gb  zf_driver_uart.o [49]
uart_receiver_handler   0x2802'0778    0x4  Data  Gb  zf_device_type.o [48]
uart_rx_interrupt       0x1008'318f   0xfe  Code  Gb  zf_driver_uart.o [49]
uart_tx_interrupt       0x1008'3073  0x11c  Code  Gb  zf_driver_uart.o [49]
uart_write_buffer       0x1008'3007   0x1e  Code  Gb  zf_driver_uart.o [49]
uart_write_byte         0x1008'2fdf   0x28  Code  Gb  zf_driver_uart.o [49]
uart_write_string       0x1008'3025   0x1c  Code  Gb  zf_driver_uart.o [49]
uq                      0x2802'0f4c    0xc  Data  Gb  main_cm7_0.o [45]
wireless_module_uart_handler
                        0x2802'0774    0x4  Data  Gb  zf_device_type.o [48]
zf_debug_assert_enable  0x2802'07ee    0x1  Data  Lc  zf_common_debug.o [46]
zf_debug_init_flag      0x2802'0f8d    0x1  Data  Lc  zf_common_debug.o [46]


[1] = C:\Users\wangzuohao\Desktop\ASCº®¼Ù¼¯Ñµ\CYT4BB7_Library-master\Example\Coreboard_Demo\E01_gpio_demo - 1\iar\Debug_m7_0\Obj\adc_11722776235721520015.dir
[2] = C:\Users\wangzuohao\Desktop\ASCº®¼Ù¼¯Ñµ\CYT4BB7_Library-master\Example\Coreboard_Demo\E01_gpio_demo - 1\iar\Debug_m7_0\Obj\audioss_1346650047966882938.dir
[3] = C:\Users\wangzuohao\Desktop\ASCº®¼Ù¼¯Ñµ\CYT4BB7_Library-master\Example\Coreboard_Demo\E01_gpio_demo - 1\iar\Debug_m7_0\Obj\button_4990804375159372270.dir
[4] = C:\Users\wangzuohao\Desktop\ASCº®¼Ù¼¯Ñµ\CYT4BB7_Library-master\Example\Coreboard_Demo\E01_gpio_demo - 1\iar\Debug_m7_0\Obj\canfd_1800690984773873875.dir
[5] = C:\Users\wangzuohao\Desktop\ASCº®¼Ù¼¯Ñµ\CYT4BB7_Library-master\Example\Coreboard_Demo\E01_gpio_demo - 1\iar\Debug_m7_0\Obj\code_17896468042025673432.dir
[6] = C:\Users\wangzuohao\Desktop\ASCº®¼Ù¼¯Ñµ\CYT4BB7_Library-master\Example\Coreboard_Demo\E01_gpio_demo - 1\iar\Debug_m7_0\Obj\cpu_15938736945165268644.dir
[7] = C:\Users\wangzuohao\Desktop\ASCº®¼Ù¼¯Ñµ\CYT4BB7_Library-master\Example\Coreboard_Demo\E01_gpio_demo - 1\iar\Debug_m7_0\Obj\crypto_1190170608956581615.dir
[8] = C:\Users\wangzuohao\Desktop\ASCº®¼Ù¼¯Ñµ\CYT4BB7_Library-master\Example\Coreboard_Demo\E01_gpio_demo - 1\iar\Debug_m7_0\Obj\dma_12106025507578611576.dir
[9] = C:\Users\wangzuohao\Desktop\ASCº®¼Ù¼¯Ñµ\CYT4BB7_Library-master\Example\Coreboard_Demo\E01_gpio_demo - 1\iar\Debug_m7_0\Obj\eth_phy_18133017486186456677.dir
[10] = C:\Users\wangzuohao\Desktop\ASCº®¼Ù¼¯Ñµ\CYT4BB7_Library-master\Example\Coreboard_Demo\E01_gpio_demo - 1\iar\Debug_m7_0\Obj\ethernet_6029839089178797009.dir
[11] = C:\Users\wangzuohao\Desktop\ASCº®¼Ù¼¯Ñµ\CYT4BB7_Library-master\Example\Coreboard_Demo\E01_gpio_demo - 1\iar\Debug_m7_0\Obj\evtgen_3404189088603873129.dir
[12] = C:\Users\wangzuohao\Desktop\ASCº®¼Ù¼¯Ñµ\CYT4BB7_Library-master\Example\Coreboard_Demo\E01_gpio_demo - 1\iar\Debug_m7_0\Obj\flash_8529866181315662935.dir
[13] = C:\Users\wangzuohao\Desktop\ASCº®¼Ù¼¯Ñµ\CYT4BB7_Library-master\Example\Coreboard_Demo\E01_gpio_demo - 1\iar\Debug_m7_0\Obj\flash_864493325053435817.dir
[14] = C:\Users\wangzuohao\Desktop\ASCº®¼Ù¼¯Ñµ\CYT4BB7_Library-master\Example\Coreboard_Demo\E01_gpio_demo - 1\iar\Debug_m7_0\Obj\gpio_3999404635324069351.dir
[15] = C:\Users\wangzuohao\Desktop\ASCº®¼Ù¼¯Ñµ\CYT4BB7_Library-master\Example\Coreboard_Demo\E01_gpio_demo - 1\iar\Debug_m7_0\Obj\ipc_10145506163450686023.dir
[16] = C:\Users\wangzuohao\Desktop\ASCº®¼Ù¼¯Ñµ\CYT4BB7_Library-master\Example\Coreboard_Demo\E01_gpio_demo - 1\iar\Debug_m7_0\Obj\lin_18429031207028094880.dir
[17] = C:\Users\wangzuohao\Desktop\ASCº®¼Ù¼¯Ñµ\CYT4BB7_Library-master\Example\Coreboard_Demo\E01_gpio_demo - 1\iar\Debug_m7_0\Obj\lvd_6353935867039560245.dir
[18] = C:\Users\wangzuohao\Desktop\ASCº®¼Ù¼¯Ñµ\CYT4BB7_Library-master\Example\Coreboard_Demo\E01_gpio_demo - 1\iar\Debug_m7_0\Obj\mcwdt_4052485907822033969.dir
[19] = C:\Users\wangzuohao\Desktop\ASCº®¼Ù¼¯Ñµ\CYT4BB7_Library-master\Example\Coreboard_Demo\E01_gpio_demo - 1\iar\Debug_m7_0\Obj\mpu_5663187252346826382.dir
[20] = C:\Users\wangzuohao\Desktop\ASCº®¼Ù¼¯Ñµ\CYT4BB7_Library-master\Example\Coreboard_Demo\E01_gpio_demo - 1\iar\Debug_m7_0\Obj\power_14453085144426420577.dir
[21] = C:\Users\wangzuohao\Desktop\ASCº®¼Ù¼¯Ñµ\CYT4BB7_Library-master\Example\Coreboard_Demo\E01_gpio_demo - 1\iar\Debug_m7_0\Obj\prot_10722960861768657883.dir
[22] = C:\Users\wangzuohao\Desktop\ASCº®¼Ù¼¯Ñµ\CYT4BB7_Library-master\Example\Coreboard_Demo\E01_gpio_demo - 1\iar\Debug_m7_0\Obj\rev_b_4986922561640112550.dir
[23] = C:\Users\wangzuohao\Desktop\ASCº®¼Ù¼¯Ñµ\CYT4BB7_Library-master\Example\Coreboard_Demo\E01_gpio_demo - 1\iar\Debug_m7_0\Obj\rev_b_6162237342861132223.dir
[24] = C:\Users\wangzuohao\Desktop\ASCº®¼Ù¼¯Ñµ\CYT4BB7_Library-master\Example\Coreboard_Demo\E01_gpio_demo - 1\iar\Debug_m7_0\Obj\scb_15490842639181808494.dir
[25] = C:\Users\wangzuohao\Desktop\ASCº®¼Ù¼¯Ñµ\CYT4BB7_Library-master\Example\Coreboard_Demo\E01_gpio_demo - 1\iar\Debug_m7_0\Obj\sd_host_2982766354293506895.dir
[26] = C:\Users\wangzuohao\Desktop\ASCº®¼Ù¼¯Ñµ\CYT4BB7_Library-master\Example\Coreboard_Demo\E01_gpio_demo - 1\iar\Debug_m7_0\Obj\semihosting_143864889731838620.dir
[27] = C:\Users\wangzuohao\Desktop\ASCº®¼Ù¼¯Ñµ\CYT4BB7_Library-master\Example\Coreboard_Demo\E01_gpio_demo - 1\iar\Debug_m7_0\Obj\smartio_5451710003740070188.dir
[28] = C:\Users\wangzuohao\Desktop\ASCº®¼Ù¼¯Ñµ\CYT4BB7_Library-master\Example\Coreboard_Demo\E01_gpio_demo - 1\iar\Debug_m7_0\Obj\smif_427648126384146252.dir
[29] = C:\Users\wangzuohao\Desktop\ASCº®¼Ù¼¯Ñµ\CYT4BB7_Library-master\Example\Coreboard_Demo\E01_gpio_demo - 1\iar\Debug_m7_0\Obj\smif_mem_6470536964353725183.dir
[30] = C:\Users\wangzuohao\Desktop\ASCº®¼Ù¼¯Ñµ\CYT4BB7_Library-master\Example\Coreboard_Demo\E01_gpio_demo - 1\iar\Debug_m7_0\Obj\srom_13018798572330080582.dir
[31] = C:\Users\wangzuohao\Desktop\ASCº®¼Ù¼¯Ñµ\CYT4BB7_Library-master\Example\Coreboard_Demo\E01_gpio_demo - 1\iar\Debug_m7_0\Obj\startup_479057977785470282.dir
[32] = C:\Users\wangzuohao\Desktop\ASCº®¼Ù¼¯Ñµ\CYT4BB7_Library-master\Example\Coreboard_Demo\E01_gpio_demo - 1\iar\Debug_m7_0\Obj\sw_timer_4215635015939382130.dir
[33] = C:\Users\wangzuohao\Desktop\ASCº®¼Ù¼¯Ñµ\CYT4BB7_Library-master\Example\Coreboard_Demo\E01_gpio_demo - 1\iar\Debug_m7_0\Obj\sysclk_16149231235676103872.dir
[34] = C:\Users\wangzuohao\Desktop\ASCº®¼Ù¼¯Ñµ\CYT4BB7_Library-master\Example\Coreboard_Demo\E01_gpio_demo - 1\iar\Debug_m7_0\Obj\sysflt_12293435975120599261.dir
[35] = C:\Users\wangzuohao\Desktop\ASCº®¼Ù¼¯Ñµ\CYT4BB7_Library-master\Example\Coreboard_Demo\E01_gpio_demo - 1\iar\Debug_m7_0\Obj\sysint_7435970359207984181.dir
[36] = C:\Users\wangzuohao\Desktop\ASCº®¼Ù¼¯Ñµ\CYT4BB7_Library-master\Example\Coreboard_Demo\E01_gpio_demo - 1\iar\Debug_m7_0\Obj\syslib_16330585751512546975.dir
[37] = C:\Users\wangzuohao\Desktop\ASCº®¼Ù¼¯Ñµ\CYT4BB7_Library-master\Example\Coreboard_Demo\E01_gpio_demo - 1\iar\Debug_m7_0\Obj\syspm_10887939769544754770.dir
[38] = C:\Users\wangzuohao\Desktop\ASCº®¼Ù¼¯Ñµ\CYT4BB7_Library-master\Example\Coreboard_Demo\E01_gpio_demo - 1\iar\Debug_m7_0\Obj\sysreghc_17676636058511625587.dir
[39] = C:\Users\wangzuohao\Desktop\ASCº®¼Ù¼¯Ñµ\CYT4BB7_Library-master\Example\Coreboard_Demo\E01_gpio_demo - 1\iar\Debug_m7_0\Obj\sysreset_14586141425677365288.dir
[40] = C:\Users\wangzuohao\Desktop\ASCº®¼Ù¼¯Ñµ\CYT4BB7_Library-master\Example\Coreboard_Demo\E01_gpio_demo - 1\iar\Debug_m7_0\Obj\sysrtc_10747768817563771611.dir
[41] = C:\Users\wangzuohao\Desktop\ASCº®¼Ù¼¯Ñµ\CYT4BB7_Library-master\Example\Coreboard_Demo\E01_gpio_demo - 1\iar\Debug_m7_0\Obj\systick_16016591671695740695.dir
[42] = C:\Users\wangzuohao\Desktop\ASCº®¼Ù¼¯Ñµ\CYT4BB7_Library-master\Example\Coreboard_Demo\E01_gpio_demo - 1\iar\Debug_m7_0\Obj\syswdt_9118657615806274156.dir
[43] = C:\Users\wangzuohao\Desktop\ASCº®¼Ù¼¯Ñµ\CYT4BB7_Library-master\Example\Coreboard_Demo\E01_gpio_demo - 1\iar\Debug_m7_0\Obj\tcpwm_422923530147891246.dir
[44] = C:\Users\wangzuohao\Desktop\ASCº®¼Ù¼¯Ñµ\CYT4BB7_Library-master\Example\Coreboard_Demo\E01_gpio_demo - 1\iar\Debug_m7_0\Obj\trigmux_9729677290734583340.dir
[45] = C:\Users\wangzuohao\Desktop\ASCº®¼Ù¼¯Ñµ\CYT4BB7_Library-master\Example\Coreboard_Demo\E01_gpio_demo - 1\iar\Debug_m7_0\Obj\user_8514941877209965082.dir
[46] = C:\Users\wangzuohao\Desktop\ASCº®¼Ù¼¯Ñµ\CYT4BB7_Library-master\Example\Coreboard_Demo\E01_gpio_demo - 1\iar\Debug_m7_0\Obj\zf_common_1201165462030747823.dir
[47] = C:\Users\wangzuohao\Desktop\ASCº®¼Ù¼¯Ñµ\CYT4BB7_Library-master\Example\Coreboard_Demo\E01_gpio_demo - 1\iar\Debug_m7_0\Obj\zf_components_14936052685886095442.dir
[48] = C:\Users\wangzuohao\Desktop\ASCº®¼Ù¼¯Ñµ\CYT4BB7_Library-master\Example\Coreboard_Demo\E01_gpio_demo - 1\iar\Debug_m7_0\Obj\zf_device_6570275422786408770.dir
[49] = C:\Users\wangzuohao\Desktop\ASCº®¼Ù¼¯Ñµ\CYT4BB7_Library-master\Example\Coreboard_Demo\E01_gpio_demo - 1\iar\Debug_m7_0\Obj\zf_driver_11922370083829174090.dir
[50] = dl7M_tln.a
[51] = m7M_tlv.a
[52] = rt7M_tl.a
[53] = shb_l.a
[54] = zf_device_config.a

  28'016 bytes of readonly  code memory
   1'484 bytes of readonly  data memory
  12'311 bytes of readwrite data memory

Errors: none
Warnings: none
