###############################################################################
#
# IAR ELF Linker V9.40.1.364/W64 for ARM                  26/Feb/2026  18:21:17
# Copyright 2007-2023 IAR Systems AB.
#
#    Output file  =
#        D:\IAR\IAR
#        project\E01_gpio_demo-1\iar\project_config\Debug_m7_1\Exe\cyt4bb7_cm_7_1.out
#    Map file     =
#        D:\IAR\IAR
#        project\E01_gpio_demo-1\iar\Debug_m7_1\List\cyt4bb7_cm_7_1.map
#    Command line =
#        -f "D:\IAR\IAR
#        project\E01_gpio_demo-1\iar\project_config\Debug_m7_1\Exe\cyt4bb7_cm_7_1.out.rsp"
#        ("D:\IAR\IAR
#        project\E01_gpio_demo-1\iar\Debug_m7_1\Obj\user_8514941877209965082.dir\cm7_1_isr.o"
#        "D:\IAR\IAR
#        project\E01_gpio_demo-1\iar\Debug_m7_1\Obj\adc_11722776235721520015.dir\cy_adc.o"
#        "D:\IAR\IAR
#        project\E01_gpio_demo-1\iar\Debug_m7_1\Obj\button_4990804375159372270.dir\cy_button.o"
#        "D:\IAR\IAR
#        project\E01_gpio_demo-1\iar\Debug_m7_1\Obj\canfd_1800690984773873875.dir\cy_canfd.o"
#        "D:\IAR\IAR
#        project\E01_gpio_demo-1\iar\Debug_m7_1\Obj\cpu_15938736945165268644.dir\cy_cpu.o"
#        "D:\IAR\IAR
#        project\E01_gpio_demo-1\iar\Debug_m7_1\Obj\crypto_1190170608956581615.dir\cy_crypto_config.o"
#        "D:\IAR\IAR
#        project\E01_gpio_demo-1\iar\Debug_m7_1\Obj\eth_phy_18133017486186456677.dir\cy_dp83867.o"
#        "D:\IAR\IAR
#        project\E01_gpio_demo-1\iar\Debug_m7_1\Obj\ethernet_6029839089178797009.dir\cy_ethif.o"
#        "D:\IAR\IAR
#        project\E01_gpio_demo-1\iar\Debug_m7_1\Obj\evtgen_3404189088603873129.dir\cy_evtgen.o"
#        "D:\IAR\IAR
#        project\E01_gpio_demo-1\iar\Debug_m7_1\Obj\flash_8529866181315662935.dir\cy_flash.o"
#        "D:\IAR\IAR
#        project\E01_gpio_demo-1\iar\Debug_m7_1\Obj\gpio_3999404635324069351.dir\cy_gpio.o"
#        "D:\IAR\IAR
#        project\E01_gpio_demo-1\iar\Debug_m7_1\Obj\audioss_1346650047966882938.dir\cy_i2s.o"
#        "D:\IAR\IAR
#        project\E01_gpio_demo-1\iar\Debug_m7_1\Obj\rev_b_6162237342861132223.dir\cy_interrupt_map.o"
#        "D:\IAR\IAR
#        project\E01_gpio_demo-1\iar\Debug_m7_1\Obj\ipc_10145506163450686023.dir\cy_ipc_drv.o"
#        "D:\IAR\IAR
#        project\E01_gpio_demo-1\iar\Debug_m7_1\Obj\ipc_10145506163450686023.dir\cy_ipc_pipe.o"
#        "D:\IAR\IAR
#        project\E01_gpio_demo-1\iar\Debug_m7_1\Obj\ipc_10145506163450686023.dir\cy_ipc_sema.o"
#        "D:\IAR\IAR
#        project\E01_gpio_demo-1\iar\Debug_m7_1\Obj\lin_18429031207028094880.dir\cy_lin.o"
#        "D:\IAR\IAR
#        project\E01_gpio_demo-1\iar\Debug_m7_1\Obj\lvd_6353935867039560245.dir\cy_lvd.o"
#        "D:\IAR\IAR
#        project\E01_gpio_demo-1\iar\Debug_m7_1\Obj\mcwdt_4052485907822033969.dir\cy_mcwdt.o"
#        "D:\IAR\IAR
#        project\E01_gpio_demo-1\iar\Debug_m7_1\Obj\dma_12106025507578611576.dir\cy_mdma.o"
#        "D:\IAR\IAR
#        project\E01_gpio_demo-1\iar\Debug_m7_1\Obj\mpu_5663187252346826382.dir\cy_mpu.o"
#        "D:\IAR\IAR
#        project\E01_gpio_demo-1\iar\Debug_m7_1\Obj\flash_864493325053435817.dir\cy_mw_flash.o"
#        "D:\IAR\IAR
#        project\E01_gpio_demo-1\iar\Debug_m7_1\Obj\dma_12106025507578611576.dir\cy_pdma.o"
#        "D:\IAR\IAR
#        project\E01_gpio_demo-1\iar\Debug_m7_1\Obj\power_14453085144426420577.dir\cy_power.o"
#        "D:\IAR\IAR
#        project\E01_gpio_demo-1\iar\Debug_m7_1\Obj\prot_10722960861768657883.dir\cy_prot.o"
#        "D:\IAR\IAR
#        project\E01_gpio_demo-1\iar\Debug_m7_1\Obj\scb_15490842639181808494.dir\cy_scb_common.o"
#        "D:\IAR\IAR
#        project\E01_gpio_demo-1\iar\Debug_m7_1\Obj\scb_15490842639181808494.dir\cy_scb_ezi2c.o"
#        "D:\IAR\IAR
#        project\E01_gpio_demo-1\iar\Debug_m7_1\Obj\scb_15490842639181808494.dir\cy_scb_i2c.o"
#        "D:\IAR\IAR
#        project\E01_gpio_demo-1\iar\Debug_m7_1\Obj\scb_15490842639181808494.dir\cy_scb_spi.o"
#        "D:\IAR\IAR
#        project\E01_gpio_demo-1\iar\Debug_m7_1\Obj\scb_15490842639181808494.dir\cy_scb_uart.o"
#        "D:\IAR\IAR
#        project\E01_gpio_demo-1\iar\Debug_m7_1\Obj\sd_host_2982766354293506895.dir\cy_sd_host.o"
#        "D:\IAR\IAR
#        project\E01_gpio_demo-1\iar\Debug_m7_1\Obj\semihosting_143864889731838620.dir\cy_semihosting.o"
#        "D:\IAR\IAR
#        project\E01_gpio_demo-1\iar\Debug_m7_1\Obj\smartio_5451710003740070188.dir\cy_smartio.o"
#        "D:\IAR\IAR
#        project\E01_gpio_demo-1\iar\Debug_m7_1\Obj\smif_427648126384146252.dir\cy_smif.o"
#        "D:\IAR\IAR
#        project\E01_gpio_demo-1\iar\Debug_m7_1\Obj\smif_mem_6470536964353725183.dir\cy_smif_device_common.o"
#        "D:\IAR\IAR
#        project\E01_gpio_demo-1\iar\Debug_m7_1\Obj\smif_mem_6470536964353725183.dir\cy_smif_hb_flash.o"
#        "D:\IAR\IAR
#        project\E01_gpio_demo-1\iar\Debug_m7_1\Obj\smif_427648126384146252.dir\cy_smif_memslot.o"
#        "D:\IAR\IAR
#        project\E01_gpio_demo-1\iar\Debug_m7_1\Obj\smif_mem_6470536964353725183.dir\cy_smif_s25fl.o"
#        "D:\IAR\IAR
#        project\E01_gpio_demo-1\iar\Debug_m7_1\Obj\smif_mem_6470536964353725183.dir\cy_smif_s25fs.o"
#        "D:\IAR\IAR
#        project\E01_gpio_demo-1\iar\Debug_m7_1\Obj\smif_mem_6470536964353725183.dir\cy_smif_semp.o"
#        "D:\IAR\IAR
#        project\E01_gpio_demo-1\iar\Debug_m7_1\Obj\smif_427648126384146252.dir\cy_smif_ver_specific.o"
#        "D:\IAR\IAR
#        project\E01_gpio_demo-1\iar\Debug_m7_1\Obj\srom_13018798572330080582.dir\cy_srom.o"
#        "D:\IAR\IAR
#        project\E01_gpio_demo-1\iar\Debug_m7_1\Obj\sw_timer_4215635015939382130.dir\cy_sw_tmr.o"
#        "D:\IAR\IAR
#        project\E01_gpio_demo-1\iar\Debug_m7_1\Obj\sysclk_16149231235676103872.dir\cy_sysclk.o"
#        "D:\IAR\IAR
#        project\E01_gpio_demo-1\iar\Debug_m7_1\Obj\sysflt_12293435975120599261.dir\cy_sysflt.o"
#        "D:\IAR\IAR
#        project\E01_gpio_demo-1\iar\Debug_m7_1\Obj\sysint_7435970359207984181.dir\cy_sysint.o"
#        "D:\IAR\IAR
#        project\E01_gpio_demo-1\iar\Debug_m7_1\Obj\syslib_16330585751512546975.dir\cy_syslib.o"
#        "D:\IAR\IAR
#        project\E01_gpio_demo-1\iar\Debug_m7_1\Obj\syslib_16330585751512546975.dir\cy_syslib_iar.o"
#        "D:\IAR\IAR
#        project\E01_gpio_demo-1\iar\Debug_m7_1\Obj\syspm_10887939769544754770.dir\cy_syspm.o"
#        "D:\IAR\IAR
#        project\E01_gpio_demo-1\iar\Debug_m7_1\Obj\sysreghc_17676636058511625587.dir\cy_sysreghc.o"
#        "D:\IAR\IAR
#        project\E01_gpio_demo-1\iar\Debug_m7_1\Obj\sysreset_14586141425677365288.dir\cy_sysreset.o"
#        "D:\IAR\IAR
#        project\E01_gpio_demo-1\iar\Debug_m7_1\Obj\sysrtc_10747768817563771611.dir\cy_sysrtc.o"
#        "D:\IAR\IAR
#        project\E01_gpio_demo-1\iar\Debug_m7_1\Obj\systick_16016591671695740695.dir\cy_systick.o"
#        "D:\IAR\IAR
#        project\E01_gpio_demo-1\iar\Debug_m7_1\Obj\syswdt_9118657615806274156.dir\cy_syswdt.o"
#        "D:\IAR\IAR
#        project\E01_gpio_demo-1\iar\Debug_m7_1\Obj\tcpwm_422923530147891246.dir\cy_tcpwm.o"
#        "D:\IAR\IAR
#        project\E01_gpio_demo-1\iar\Debug_m7_1\Obj\tcpwm_422923530147891246.dir\cy_tcpwm_counter.o"
#        "D:\IAR\IAR
#        project\E01_gpio_demo-1\iar\Debug_m7_1\Obj\tcpwm_422923530147891246.dir\cy_tcpwm_pwm.o"
#        "D:\IAR\IAR
#        project\E01_gpio_demo-1\iar\Debug_m7_1\Obj\tcpwm_422923530147891246.dir\cy_tcpwm_quaddec.o"
#        "D:\IAR\IAR
#        project\E01_gpio_demo-1\iar\Debug_m7_1\Obj\tcpwm_422923530147891246.dir\cy_tcpwm_sr.o"
#        "D:\IAR\IAR
#        project\E01_gpio_demo-1\iar\Debug_m7_1\Obj\trigmux_9729677290734583340.dir\cy_trigmux.o"
#        "D:\IAR\IAR
#        project\E01_gpio_demo-1\iar\Debug_m7_1\Obj\ethernet_6029839089178797009.dir\edd.o"
#        "D:\IAR\IAR
#        project\E01_gpio_demo-1\iar\Debug_m7_1\Obj\ethernet_6029839089178797009.dir\edd_rx.o"
#        "D:\IAR\IAR
#        project\E01_gpio_demo-1\iar\Debug_m7_1\Obj\ethernet_6029839089178797009.dir\edd_tx.o"
#        "D:\IAR\IAR
#        project\E01_gpio_demo-1\iar\Debug_m7_1\Obj\code_17896468042025673432.dir\KF.o"
#        "D:\IAR\IAR
#        project\E01_gpio_demo-1\iar\Debug_m7_1\Obj\code_17896468042025673432.dir\Madgwick.o"
#        "D:\IAR\IAR
#        project\E01_gpio_demo-1\iar\Debug_m7_1\Obj\user_8514941877209965082.dir\main_cm7_1.o"
#        "D:\IAR\IAR
#        project\E01_gpio_demo-1\iar\Debug_m7_1\Obj\code_17896468042025673432.dir\PID.o"
#        "D:\IAR\IAR
#        project\E01_gpio_demo-1\iar\Debug_m7_1\Obj\zf_components_14936052685886095442.dir\seekfree_assistant.o"
#        "D:\IAR\IAR
#        project\E01_gpio_demo-1\iar\Debug_m7_1\Obj\zf_components_14936052685886095442.dir\seekfree_assistant_interface.o"
#        "D:\IAR\IAR
#        project\E01_gpio_demo-1\iar\Debug_m7_1\Obj\startup_479057977785470282.dir\startup.o"
#        "D:\IAR\IAR
#        project\E01_gpio_demo-1\iar\Debug_m7_1\Obj\startup_479057977785470282.dir\startup_cm7.o"
#        "D:\IAR\IAR
#        project\E01_gpio_demo-1\iar\Debug_m7_1\Obj\rev_b_4986922561640112550.dir\system_tviibh4m_cm7.o"
#        "D:\IAR\IAR
#        project\E01_gpio_demo-1\iar\Debug_m7_1\Obj\zf_common_1201165462030747823.dir\zf_common_clock.o"
#        "D:\IAR\IAR
#        project\E01_gpio_demo-1\iar\Debug_m7_1\Obj\zf_common_1201165462030747823.dir\zf_common_debug.o"
#        "D:\IAR\IAR
#        project\E01_gpio_demo-1\iar\Debug_m7_1\Obj\zf_common_1201165462030747823.dir\zf_common_fifo.o"
#        "D:\IAR\IAR
#        project\E01_gpio_demo-1\iar\Debug_m7_1\Obj\zf_common_1201165462030747823.dir\zf_common_font.o"
#        "D:\IAR\IAR
#        project\E01_gpio_demo-1\iar\Debug_m7_1\Obj\zf_common_1201165462030747823.dir\zf_common_function.o"
#        "D:\IAR\IAR
#        project\E01_gpio_demo-1\iar\Debug_m7_1\Obj\zf_common_1201165462030747823.dir\zf_common_interrupt.o"
#        "D:\IAR\IAR
#        project\E01_gpio_demo-1\iar\Debug_m7_1\Obj\zf_device_6570275422786408770.dir\zf_device_ble6a20.o"
#        "D:\IAR\IAR
#        project\E01_gpio_demo-1\iar\Debug_m7_1\Obj\zf_device_6570275422786408770.dir\zf_device_dl1a.o"
#        "D:\IAR\IAR
#        project\E01_gpio_demo-1\iar\Debug_m7_1\Obj\zf_device_6570275422786408770.dir\zf_device_dl1b.o"
#        "D:\IAR\IAR
#        project\E01_gpio_demo-1\iar\Debug_m7_1\Obj\zf_device_6570275422786408770.dir\zf_device_gnss.o"
#        "D:\IAR\IAR
#        project\E01_gpio_demo-1\iar\Debug_m7_1\Obj\zf_device_6570275422786408770.dir\zf_device_icm20602.o"
#        "D:\IAR\IAR
#        project\E01_gpio_demo-1\iar\Debug_m7_1\Obj\zf_device_6570275422786408770.dir\zf_device_imu660ra.o"
#        "D:\IAR\IAR
#        project\E01_gpio_demo-1\iar\Debug_m7_1\Obj\zf_device_6570275422786408770.dir\zf_device_imu660rb.o"
#        "D:\IAR\IAR
#        project\E01_gpio_demo-1\iar\Debug_m7_1\Obj\zf_device_6570275422786408770.dir\zf_device_imu963ra.o"
#        "D:\IAR\IAR
#        project\E01_gpio_demo-1\iar\Debug_m7_1\Obj\zf_device_6570275422786408770.dir\zf_device_ips114.o"
#        "D:\IAR\IAR
#        project\E01_gpio_demo-1\iar\Debug_m7_1\Obj\zf_device_6570275422786408770.dir\zf_device_ips200.o"
#        "D:\IAR\IAR
#        project\E01_gpio_demo-1\iar\Debug_m7_1\Obj\zf_device_6570275422786408770.dir\zf_device_ips200pro.o"
#        "D:\IAR\IAR
#        project\E01_gpio_demo-1\iar\Debug_m7_1\Obj\zf_device_6570275422786408770.dir\zf_device_key.o"
#        "D:\IAR\IAR
#        project\E01_gpio_demo-1\iar\Debug_m7_1\Obj\zf_device_6570275422786408770.dir\zf_device_mt9v03x.o"
#        "D:\IAR\IAR
#        project\E01_gpio_demo-1\iar\Debug_m7_1\Obj\zf_device_6570275422786408770.dir\zf_device_oled.o"
#        "D:\IAR\IAR
#        project\E01_gpio_demo-1\iar\Debug_m7_1\Obj\zf_device_6570275422786408770.dir\zf_device_tft180.o"
#        "D:\IAR\IAR
#        project\E01_gpio_demo-1\iar\Debug_m7_1\Obj\zf_device_6570275422786408770.dir\zf_device_tsl1401.o"
#        "D:\IAR\IAR
#        project\E01_gpio_demo-1\iar\Debug_m7_1\Obj\zf_device_6570275422786408770.dir\zf_device_type.o"
#        "D:\IAR\IAR
#        project\E01_gpio_demo-1\iar\Debug_m7_1\Obj\zf_device_6570275422786408770.dir\zf_device_wifi_spi.o"
#        "D:\IAR\IAR
#        project\E01_gpio_demo-1\iar\Debug_m7_1\Obj\zf_device_6570275422786408770.dir\zf_device_wifi_uart.o"
#        "D:\IAR\IAR
#        project\E01_gpio_demo-1\iar\Debug_m7_1\Obj\zf_device_6570275422786408770.dir\zf_device_wireless_uart.o"
#        "D:\IAR\IAR
#        project\E01_gpio_demo-1\iar\Debug_m7_1\Obj\zf_driver_11922370083829174090.dir\zf_driver_adc.o"
#        "D:\IAR\IAR
#        project\E01_gpio_demo-1\iar\Debug_m7_1\Obj\zf_driver_11922370083829174090.dir\zf_driver_delay.o"
#        "D:\IAR\IAR
#        project\E01_gpio_demo-1\iar\Debug_m7_1\Obj\zf_driver_11922370083829174090.dir\zf_driver_dma.o"
#        "D:\IAR\IAR
#        project\E01_gpio_demo-1\iar\Debug_m7_1\Obj\zf_driver_11922370083829174090.dir\zf_driver_encoder.o"
#        "D:\IAR\IAR
#        project\E01_gpio_demo-1\iar\Debug_m7_1\Obj\zf_driver_11922370083829174090.dir\zf_driver_exti.o"
#        "D:\IAR\IAR
#        project\E01_gpio_demo-1\iar\Debug_m7_1\Obj\zf_driver_11922370083829174090.dir\zf_driver_flash.o"
#        "D:\IAR\IAR
#        project\E01_gpio_demo-1\iar\Debug_m7_1\Obj\zf_driver_11922370083829174090.dir\zf_driver_gpio.o"
#        "D:\IAR\IAR
#        project\E01_gpio_demo-1\iar\Debug_m7_1\Obj\zf_driver_11922370083829174090.dir\zf_driver_ipc.o"
#        "D:\IAR\IAR
#        project\E01_gpio_demo-1\iar\Debug_m7_1\Obj\zf_driver_11922370083829174090.dir\zf_driver_pit.o"
#        "D:\IAR\IAR
#        project\E01_gpio_demo-1\iar\Debug_m7_1\Obj\zf_driver_11922370083829174090.dir\zf_driver_pwm.o"
#        "D:\IAR\IAR
#        project\E01_gpio_demo-1\iar\Debug_m7_1\Obj\zf_driver_11922370083829174090.dir\zf_driver_soft_iic.o"
#        "D:\IAR\IAR
#        project\E01_gpio_demo-1\iar\Debug_m7_1\Obj\zf_driver_11922370083829174090.dir\zf_driver_soft_spi.o"
#        "D:\IAR\IAR
#        project\E01_gpio_demo-1\iar\Debug_m7_1\Obj\zf_driver_11922370083829174090.dir\zf_driver_spi.o"
#        "D:\IAR\IAR
#        project\E01_gpio_demo-1\iar\Debug_m7_1\Obj\zf_driver_11922370083829174090.dir\zf_driver_timer.o"
#        "D:\IAR\IAR
#        project\E01_gpio_demo-1\iar\Debug_m7_1\Obj\zf_driver_11922370083829174090.dir\zf_driver_uart.o"
#        --no_out_extension -o "D:\IAR\IAR
#        project\E01_gpio_demo-1\iar\project_config\Debug_m7_1\Exe\cyt4bb7_cm_7_1.out"
#        --config_def _CORE_cm7_1_=0 --config_def _LINK_flash_=0 --map
#        "D:\IAR\IAR
#        project\E01_gpio_demo-1\iar\Debug_m7_1\List\cyt4bb7_cm_7_1.map"
#        --config "D:\IAR\IAR
#        project\E01_gpio_demo-1\iar\project_config\..\icf\linker_directives_tviibh.icf"
#        --semihosting "D:\IAR\IAR
#        project\E01_gpio_demo-1\iar\project_config\..\..\..\libraries\sdk\tviibh4m\src\drivers\crypto\libs\libcrypto_server_cm0plus_iar.a"
#        "D:\IAR\IAR
#        project\E01_gpio_demo-1\iar\project_config\..\..\..\libraries\zf_device\zf_device_config.a"
#        "D:\IAR\IAR
#        project\E01_gpio_demo-1\iar\project_config\..\..\..\libraries\sdk\common\hdr\cmsis\dsp\iar_cortexM7lf_math.a"
#        --entry __iar_program_start --vfe --text_out locale --cpu=Cortex-M7
#        --fpu=VFPv5_d16) --dependencies=n "D:\IAR\IAR
#        project\E01_gpio_demo-1\iar\project_config\Debug_m7_1\Exe\cyt4bb7_cm_7_1.out.iar_deps"
#
###############################################################################

*******************************************************************************
*** RUNTIME MODEL ATTRIBUTES
***

CppFlavor       = *
__CPP_Runtime   = 1
__Heap_Handler  = Basic
__SystemLibrary = DLib
__dlib_version  = 6


*******************************************************************************
*** HEAP SELECTION
***

The basic heap was selected because --advanced_heap
was not specified and the application did not appear to
be primarily optimized for speed.


*******************************************************************************
*** PLACEMENT SUMMARY
***

"A0":  place at start of [from 0x1028'0000 to 0x1040'ffff] { section .intvec };
"P1":  place in [from 0x1028'0000 to 0x1040'ffff] { ro };
"P2":  place in [from 0x2808'0000 to 0x280b'ffff] { rw };
define block HEAP with size = 1K, alignment = 8 { };
define block CSTACK with size = 8K, alignment = 8 { };
define block HEAP_STACK { block HEAP, last block CSTACK };
"A1":  place at end of [from 0x2808'0000 to 0x280b'ffff] { block HEAP_STACK };
do not initialize { section .intvec_ram };
initialize by copy { rw };

No sections matched the following patterns:

  ro section .sflash_app_prot  in "P6"
  ro section .sflash_nar       in "P4"
  ro section .sflash_pkey      in "P5"
  ro section .sflash_toc2      in "P7"
  ro section .sflash_uf_rows   in "P3"
  ro section .work_flash       in "P8"
  section .global_ram_data     in "P9"


  Section            Kind         Address    Size  Object
  -------            ----         -------    ----  ------
"A0":                                        0x80
  .intvec            ro code  0x1028'0000    0x80  startup_cm7.o [31]
                            - 0x1028'0080    0x80

"P1":                                      0x905b
  .rodata            const    0x1028'0080  0x2000  zf_device_config.o [54]
  .text              ro code  0x1028'2080   0xeae  xprintffull_nomb.o [50]
  .text              ro code  0x1028'2f2e    0x7e  lz77_init_single.o [52]
  .text              ro code  0x1028'2fac    0x16  strchr.o [52]
  .text              ro code  0x1028'2fc2     0xa  xsprout.o [50]
  .text              ro code  0x1028'2fcc    0x40  xfail_s.o [50]
  .text              ro code  0x1028'300c    0x36  strlen.o [52]
  .text              ro code  0x1028'3044    0x58  memchr.o [52]
  .text              ro code  0x1028'309c    0xa6  ABImemcpy.o [52]
  .text              ro code  0x1028'3144    0x70  frexp.o [51]
  .text              ro code  0x1028'31b4    0x34  DblCmpLe.o [51]
  .text              ro code  0x1028'31e8    0x34  DblCmpGe.o [51]
  .text              ro code  0x1028'321c   0x104  ldexp.o [51]
  .text              ro code  0x1028'3320     0xe  DblToS32.o [51]
  .text              ro code  0x1028'332e     0xe  S32ToDbl.o [51]
  .text              ro code  0x1028'333c    0x12  DblSub.o [51]
  .text              ro code  0x1028'334e    0x12  DblDiv.o [51]
  .text              ro code  0x1028'3360     0xe  DblToU32.o [51]
  .text              ro code  0x1028'336e     0xe  U32ToDbl.o [51]
  .text              ro code  0x1028'337c    0x12  DblMul.o [51]
  .text              ro code  0x1028'3390   0x230  I64DivMod.o [52]
  .text              ro code  0x1028'35c0     0x6  abort.o [50]
  .text              ro code  0x1028'35c8     0x2  I64DivZer.o [52]
  .text              ro code  0x1028'35cc    0x14  exit.o [53]
  .text              ro code  0x1028'35e0   0xa5c  zf_driver_spi.o [49]
  .text              ro code  0x1028'403c    0x66  ABImemset.o [52]
  .text              ro code  0x1028'40a4   0x454  zf_common_debug.o [46]
  .text              ro code  0x1028'44f8   0x194  cy_gpio.o [14]
  .text              ro code  0x1028'468c   0x1f0  cy_scb_spi.o [24]
  .text              ro code  0x1028'487c   0x828  zf_driver_uart.o [49]
  .text              ro code  0x1028'50a4    0x40  sprintf.o [50]
  .text              ro code  0x1028'50e4   0x448  zf_common_fifo.o [46]
  .text              ro code  0x1028'552c    0xe2  zf_common_interrupt.o [46]
  .text              ro code  0x1028'5610     0x6  ABImemclr4.o [52]
  .text              ro code  0x1028'5618   0x314  cy_scb_uart.o [24]
  .text              ro code  0x1028'592c    0x20  zf_driver_pwm.o [49]
  .text              ro code  0x1028'594c    0xac  cy_sysint.o [35]
  .text              ro code  0x1028'59f8    0x32  ABImemset48.o [52]
  .text              ro code  0x1028'5a2c   0x8e8  cy_sysclk.o [33]
  .text              ro code  0x1028'6314    0x70  strncpy.o [52]
  .text              ro code  0x1028'6384    0xa8  cy_syslib.o [36]
  .text              ro code  0x1028'642c     0x2  cy_syslib.o [36]
  .text              ro code  0x1028'6430   0x528  main_cm7_1.o [45]
  .text              ro code  0x1028'6958    0x28  printf.o [50]
  .text              ro code  0x1028'6980    0x1c  zf_common_clock.o [46]
  .text              ro code  0x1028'699c   0x10c  zf_driver_ipc.o [49]
  .text              ro code  0x1028'6aa8   0x110  zf_driver_gpio.o [49]
  .text              ro code  0x1028'6bb8   0x404  zf_driver_pit.o [49]
  .text              ro code  0x1028'6fbc   0x2d8  zf_driver_delay.o [49]
  .text              ro code  0x1028'7294   0x258  zf_device_imu660ra.o [48]
  .text              ro code  0x1028'74ec   0x408  Madgwick.o [5]
  .text              ro code  0x1028'78f4    0x3e  KF.o [5]
  .text              ro code  0x1028'7934   0x150  system_tviibh4m_cm7.o [22]
  .text              ro code  0x1028'7a84   0x304  cy_ipc_pipe.o [15]
  .text              ro code  0x1028'7d88   0x1ae  cy_tcpwm_counter.o [43]
  .text              ro code  0x1028'7f36     0xc  cy_tcpwm.o [43]
  .text              ro code  0x1028'7f44    0x1e  sqrt.o [51]
  .text              ro code  0x1028'7f64    0x6a  atan2f.o [51]
  .text              ro code  0x1028'7fd0    0x5c  asinf.o [51]
  .text              ro code  0x1028'802c     0x8  startup_cm7.o [31]
  .text              ro code  0x1028'8034     0x6  startup_cm7.o [31]
  .text              ro code  0x1028'803c    0x70  cy_ipc_drv.o [15]
  .text              ro code  0x1028'80ac    0xa4  xatanf.o [51]
  .text              ro code  0x1028'8150   0x210  cm7_1_isr.o [45]
  .text              ro code  0x1028'8360    0x7c  zf_device_tsl1401.o [48]
  .text              ro code  0x1028'83dc   0x114  zf_device_gnss.o [48]
  .text              ro code  0x1028'84f0    0x74  zf_driver_adc.o [49]
  .text              ro code  0x1028'8564    0x2a  strncmp.o [50]
  .text              ro code  0x1028'8590   0x204  startup.o [31]
  .text              ro code  0x1028'8794   0x198  cy_interrupt_map.o [23]
  .text              ro code  0x1028'892c    0xb0  startup_cm7.o [31]
  .rodata            const    0x1028'89dc    0x4c  cy_sysclk.o [33]
  .rodata            const    0x1028'8a28    0x4c  cy_sysclk.o [33]
  .rodata            const    0x1028'8a74    0x4c  system_tviibh4m_cm7.o [22]
  .rodata            const    0x1028'8ac0    0x48  cy_ipc_pipe.o [15]
  .rodata            const    0x1028'8b08    0x3c  zf_device_imu660ra.o [48]
  .rodata            const    0x1028'8b44    0x38  zf_common_fifo.o [46]
  .rodata            const    0x1028'8b7c    0x38  zf_driver_spi.o [49]
  .rodata            const    0x1028'8bb4    0x38  zf_driver_uart.o [49]
  .text              ro code  0x1028'8bec    0x38  zero_init3.o [52]
  .text              ro code  0x1028'8c24    0x28  data_init.o [52]
  .text              ro code  0x1028'8c4c    0x22  fpinit_M.o [51]
  .iar.init_table    const    0x1028'8c70    0x20  - Linker created -
  .text              ro code  0x1028'8c90    0x20  startup_cm7.o [31]
  .text              ro code  0x1028'8cb0    0x20  putchar.o [50]
  .text              ro code  0x1028'8cd0    0x1e  cy_syslib_iar.o [36]
  .text              ro code  0x1028'8cf0    0x1e  cmain.o [52]
  .text              ro code  0x1028'8d10     0x4  startup_cm7.o [31]
  .text              ro code  0x1028'8d14     0x4  exit.o [50]
  .text              ro code  0x1028'8d18     0xa  cexit.o [52]
  .rodata            const    0x1028'8d24    0x1c  zf_common_debug.o [46]
  .rodata            const    0x1028'8d40    0x1c  zf_device_imu660ra.o [48]
  .text              ro code  0x1028'8d5c    0x1c  startup_cm7.o [31]
  .text              ro code  0x1028'8d78    0x1c  cstartup_M.o [52]
  .rodata            const    0x1028'8d94    0x18  main_cm7_1.o [45]
  .rodata            const    0x1028'8dac    0x18  main_cm7_1.o [45]
  .rodata            const    0x1028'8dc4    0x18  startup.o [31]
  .rodata            const    0x1028'8ddc    0x18  system_tviibh4m_cm7.o [22]
  .rodata            const    0x1028'8df4    0x18  zf_common_debug.o [46]
  .rodata            const    0x1028'8e0c    0x18  zf_device_imu660ra.o [48]
  .text              ro code  0x1028'8e24    0x16  xprout.o [50]
  .rodata            const    0x1028'8e3c    0x10  zf_common_debug.o [46]
  .rodata            const    0x1028'8e4c    0x10  zf_common_debug.o [46]
  .rodata            const    0x1028'8e5c     0xc  zf_common_debug.o [46]
  .rodata            const    0x1028'8e68     0xc  zf_common_debug.o [46]
  .rodata            const    0x1028'8e74     0xc  zf_common_debug.o [46]
  .rodata            const    0x1028'8e80     0xc  zf_driver_ipc.o [49]
  .text              ro code  0x1028'8e8c     0xc  cy_syslib.o [36]
  .rodata            const    0x1028'8e98     0x8  cy_sysclk.o [33]
  .rodata            const    0x1028'8ea0     0x4  cy_interrupt_map.o [23]
  .rodata            const    0x1028'8ea4     0x4  cy_interrupt_map.o [23]
  .rodata            const    0x1028'8ea8     0x4  cy_interrupt_map.o [23]
  .rodata            const    0x1028'8eac     0x4  cy_interrupt_map.o [23]
  .rodata            const    0x1028'8eb0     0x4  cy_interrupt_map.o [23]
  .rodata            const    0x1028'8eb4     0x4  cy_interrupt_map.o [23]
  .rodata            const    0x1028'8eb8     0x4  cy_interrupt_map.o [23]
  .rodata            const    0x1028'8ebc     0x4  cy_interrupt_map.o [23]
  .rodata            const    0x1028'8ec0     0x4  cy_ipc_drv.o [15]
  .rodata            const    0x1028'8ec4     0x4  cy_ipc_pipe.o [15]
  .rodata            const    0x1028'8ec8     0x4  cy_ipc_pipe.o [15]
  .rodata            const    0x1028'8ecc     0x4  cy_scb_spi.o [24]
  .rodata            const    0x1028'8ed0     0x4  cy_scb_spi.o [24]
  .rodata            const    0x1028'8ed4     0x4  cy_scb_spi.o [24]
  .rodata            const    0x1028'8ed8     0x4  cy_scb_spi.o [24]
  .rodata            const    0x1028'8edc     0x4  cy_scb_uart.o [24]
  .rodata            const    0x1028'8ee0     0x4  cy_scb_uart.o [24]
  .rodata            const    0x1028'8ee4     0x4  cy_scb_uart.o [24]
  .rodata            const    0x1028'8ee8     0x4  cy_scb_uart.o [24]
  .rodata            const    0x1028'8eec     0x4  cy_scb_uart.o [24]
  .rodata            const    0x1028'8ef0     0x4  cy_scb_uart.o [24]
  .rodata            const    0x1028'8ef4     0x4  cy_scb_uart.o [24]
  .rodata            const    0x1028'8ef8     0x4  cy_scb_uart.o [24]
  .rodata            const    0x1028'8efc     0x4  cy_scb_uart.o [24]
  .rodata            const    0x1028'8f00     0x4  cy_scb_uart.o [24]
  .rodata            const    0x1028'8f04     0x4  cy_sysint.o [35]
  .rodata            const    0x1028'8f08     0x4  cy_sysint.o [35]
  .rodata            const    0x1028'8f0c     0x4  cy_tcpwm_counter.o [43]
  .rodata            const    0x1028'8f10     0x4  cy_tcpwm_counter.o [43]
  .rodata            const    0x1028'8f14     0x4  cy_tcpwm_counter.o [43]
  .rodata            const    0x1028'8f18     0x4  cy_tcpwm_counter.o [43]
  .rodata            const    0x1028'8f1c     0x4  cy_tcpwm_counter.o [43]
  .text              ro code  0x1028'8f20     0x4  startup_cm7.o [31]
  .text              ro code  0x1028'8f24     0x4  startup_cm7.o [31]
  .text              ro code  0x1028'8f28     0x4  startup_cm7.o [31]
  .text              ro code  0x1028'8f2c     0x4  startup_cm7.o [31]
  .text              ro code  0x1028'8f30     0x4  startup_cm7.o [31]
  .text              ro code  0x1028'8f34     0x4  startup_cm7.o [31]
  .text              ro code  0x1028'8f38     0x4  startup_cm7.o [31]
  .text              ro code  0x1028'8f3c     0x4  startup_cm7.o [31]
  .text              ro code  0x1028'8f40     0x4  startup_cm7.o [31]
  .text              ro code  0x1028'8f44     0x4  startup_cm7.o [31]
  .text              ro code  0x1028'8f48     0x4  startup_cm7.o [31]
  .text              ro code  0x1028'8f4c     0x4  startup_cm7.o [31]
  .text              ro code  0x1028'8f50     0x4  startup_cm7.o [31]
  .text              ro code  0x1028'8f54     0x4  startup_cm7.o [31]
  .text              ro code  0x1028'8f58     0x4  startup_cm7.o [31]
  .text              ro code  0x1028'8f5c     0x2  zf_device_type.o [48]
  .rodata            const    0x1028'8f5e     0x0  zero_init3.o [52]
  .rodata            const    0x1028'8f5e     0x0  lz77_init_single.o [52]
  Initializer bytes  const    0x1028'8f5e    0xb8  <for P2-1>
                            - 0x1028'9016  0x8f96

"P2", part 1 of 3:                          0x7cc
  P2-1                        0x2808'0000   0x7cc  <Init block>
    .data            inited   0x2808'0000   0x6ec  cy_interrupt_map.o [23]
    .data            inited   0x2808'06ec     0x4  cy_interrupt_map.o [23]
    .data            inited   0x2808'06f0     0x4  Madgwick.o [5]
    .data            inited   0x2808'06f4    0x10  main_cm7_1.o [45]
    .data            inited   0x2808'0704    0x10  main_cm7_1.o [45]
    .data            inited   0x2808'0714    0x10  main_cm7_1.o [45]
    .data            inited   0x2808'0724    0x10  main_cm7_1.o [45]
    .data            inited   0x2808'0734     0x8  zf_device_imu660ra.o [48]
    .data            inited   0x2808'073c     0x4  zf_device_type.o [48]
    .data            inited   0x2808'0740     0x4  zf_device_type.o [48]
    .data            inited   0x2808'0744     0xc  zf_driver_adc.o [49]
    .data            inited   0x2808'0750     0x4  zf_driver_ipc.o [49]
    .data            inited   0x2808'0754    0x3c  zf_driver_pit.o [49]
    .data            inited   0x2808'0790    0x10  zf_driver_spi.o [49]
    .data            inited   0x2808'07a0    0x14  zf_driver_uart.o [49]
    .data            inited   0x2808'07b4    0x14  zf_driver_uart.o [49]
    .data            inited   0x2808'07c8     0x2  zf_driver_delay.o [49]
    .data            inited   0x2808'07ca     0x1  zf_common_debug.o [46]
    .data            inited   0x2808'07cb     0x1  zf_driver_delay.o [49]
                            - 0x2808'07cc   0x7cc

"P2", part 2 of 3:                          0x6c4
  .bss               zero     0x2808'07cc   0x200  zf_device_tsl1401.o [48]
  .bss               zero     0x2808'09cc   0x118  zf_driver_uart.o [49]
  .bss               zero     0x2808'0ae4    0x80  zf_device_gnss.o [48]
  .bss               zero     0x2808'0b64    0x80  zf_device_gnss.o [48]
  .bss               zero     0x2808'0be4    0x80  zf_device_gnss.o [48]
  .bss               zero     0x2808'0c64    0x70  cy_syslib.o [36]
  .bss               zero     0x2808'0cd4    0x48  cy_ipc_pipe.o [15]
  .bss               zero     0x2808'0d1c    0x48  zf_driver_adc.o [49]
  .bss               zero     0x2808'0d64    0x40  zf_common_debug.o [46]
  .bss               zero     0x2808'0da4    0x20  cy_ipc_pipe.o [15]
  .bss               zero     0x2808'0dc4    0x18  cy_sysclk.o [33]
  .bss               zero     0x2808'0ddc    0x18  cy_syslib.o [36]
  .bss               zero     0x2808'0df4    0x18  zf_common_debug.o [46]
  .bss               zero     0x2808'0e0c    0x18  zf_device_gnss.o [48]
  .bss               zero     0x2808'0e24    0x14  zf_common_debug.o [46]
  .bss               zero     0x2808'0e38     0x4  cy_syslib.o [36]
  .bss               zero     0x2808'0e3c     0x4  main_cm7_1.o [45]
  .bss               zero     0x2808'0e40     0x4  main_cm7_1.o [45]
  .bss               zero     0x2808'0e44     0x4  main_cm7_1.o [45]
  .bss               zero     0x2808'0e48     0x4  main_cm7_1.o [45]
  .bss               zero     0x2808'0e4c     0x4  system_tviibh4m_cm7.o [22]
  .bss               zero     0x2808'0e50     0x4  system_tviibh4m_cm7.o [22]
  .bss               zero     0x2808'0e54     0x4  system_tviibh4m_cm7.o [22]
  .bss               zero     0x2808'0e58     0x4  system_tviibh4m_cm7.o [22]
  .bss               zero     0x2808'0e5c     0x4  system_tviibh4m_cm7.o [22]
  .bss               zero     0x2808'0e60     0x4  zf_common_clock.o [46]
  .bss               zero     0x2808'0e64     0x4  zf_common_interrupt.o [46]
  .bss               zero     0x2808'0e68     0x4  zf_driver_spi.o [49]
  .bss               zero     0x2808'0e6c     0x4  xfail_s.o [50]
  .bss               zero     0x2808'0e70     0x2  zf_device_imu660ra.o [48]
  .bss               zero     0x2808'0e72     0x2  zf_device_imu660ra.o [48]
  .bss               zero     0x2808'0e74     0x2  zf_device_imu660ra.o [48]
  .bss               zero     0x2808'0e76     0x2  zf_device_imu660ra.o [48]
  .bss               zero     0x2808'0e78     0x2  zf_device_imu660ra.o [48]
  .bss               zero     0x2808'0e7a     0x2  zf_device_imu660ra.o [48]
  .bss               zero     0x2808'0e7c     0x1  cm7_1_isr.o [45]
  .bss               zero     0x2808'0e7d     0x1  cy_ipc_pipe.o [15]
  .bss               zero     0x2808'0e7e     0x1  cy_ipc_pipe.o [15]
  .bss               zero     0x2808'0e7f     0x1  cy_sysclk.o [33]
  .bss               zero     0x2808'0e80     0x1  main_cm7_1.o [45]
  .bss               zero     0x2808'0e81     0x1  main_cm7_1.o [45]
  .bss               zero     0x2808'0e82     0x1  zf_common_debug.o [46]
  .bss               zero     0x2808'0e83     0x1  zf_common_debug.o [46]
  .bss               zero     0x2808'0e84     0x1  zf_common_debug.o [46]
  .bss               zero     0x2808'0e85     0x1  zf_device_gnss.o [48]
  .bss               zero     0x2808'0e86     0x1  zf_device_gnss.o [48]
  .bss               zero     0x2808'0e87     0x1  zf_device_gnss.o [48]
  .bss               zero     0x2808'0e88     0x1  zf_device_gnss.o [48]
  .bss               zero     0x2808'0e89     0x1  zf_device_gnss.o [48]
  .bss               zero     0x2808'0e8a     0x1  zf_device_tsl1401.o [48]
  .bss               zero     0x2808'0e8b     0x1  zf_device_tsl1401.o [48]
  .bss               zero     0x2808'0e8c     0x1  zf_driver_ipc.o [49]
  .bss               zero     0x2808'0e8d     0x1  zf_driver_ipc.o [49]
                            - 0x2808'0e8e   0x6c2

"P2", part 3 of 3:                           0x80
  .intvec_ram        uninit   0x2808'0f00    0x80  startup_cm7.o [31]
                            - 0x2808'0f80    0x80

"A1":                                      0x2000
  HEAP_STACK                  0x280b'e000  0x2000  <Block>
    CSTACK                    0x280b'e000  0x2000  <Block>
      CSTACK         uninit   0x280b'e000  0x2000  <Block tail>
                            - 0x280c'0000  0x2000

Unused ranges:

         From           To       Size
         ----           --       ----
  0x1028'90db  0x1040'ffff  0x18'6f25
  0x2808'0e90  0x2808'0eff       0x70
  0x2808'0f80  0x280b'dfff   0x3'd080


*******************************************************************************
*** INIT TABLE
***

          Address      Size
          -------      ----
Zero (__iar_zero_init3)
    1 destination range, total size 0x6c2:
          0x2808'07cc  0x6c2

Copy/lz77 (__iar_lz77_init_single3)
    1 source range, total size 0xb8 (9% of destination):
          0x1028'8f5e   0xb8
    1 destination range, total size 0x7cc:
          0x2808'0000  0x7cc



*******************************************************************************
*** MODULE SUMMARY
***

    Module                 ro code  ro data  rw data
    ------                 -------  -------  -------
command line/config:
    ------------------------------------------------
    Total:

D:\IAR\IAR project\E01_gpio_demo-1\iar\Debug_m7_1\Obj\adc_11722776235721520015.dir: [1]
    ------------------------------------------------
    Total:

D:\IAR\IAR project\E01_gpio_demo-1\iar\Debug_m7_1\Obj\audioss_1346650047966882938.dir: [2]
    ------------------------------------------------
    Total:

D:\IAR\IAR project\E01_gpio_demo-1\iar\Debug_m7_1\Obj\button_4990804375159372270.dir: [3]
    ------------------------------------------------
    Total:

D:\IAR\IAR project\E01_gpio_demo-1\iar\Debug_m7_1\Obj\canfd_1800690984773873875.dir: [4]
    ------------------------------------------------
    Total:

D:\IAR\IAR project\E01_gpio_demo-1\iar\Debug_m7_1\Obj\code_17896468042025673432.dir: [5]
    KF.o                        62
    Madgwick.o               1'032        1        4
    ------------------------------------------------
    Total:                   1'094        1        4

D:\IAR\IAR project\E01_gpio_demo-1\iar\Debug_m7_1\Obj\cpu_15938736945165268644.dir: [6]
    ------------------------------------------------
    Total:

D:\IAR\IAR project\E01_gpio_demo-1\iar\Debug_m7_1\Obj\crypto_1190170608956581615.dir: [7]
    ------------------------------------------------
    Total:

D:\IAR\IAR project\E01_gpio_demo-1\iar\Debug_m7_1\Obj\dma_12106025507578611576.dir: [8]
    ------------------------------------------------
    Total:

D:\IAR\IAR project\E01_gpio_demo-1\iar\Debug_m7_1\Obj\eth_phy_18133017486186456677.dir: [9]
    ------------------------------------------------
    Total:

D:\IAR\IAR project\E01_gpio_demo-1\iar\Debug_m7_1\Obj\ethernet_6029839089178797009.dir: [10]
    ------------------------------------------------
    Total:

D:\IAR\IAR project\E01_gpio_demo-1\iar\Debug_m7_1\Obj\evtgen_3404189088603873129.dir: [11]
    ------------------------------------------------
    Total:

D:\IAR\IAR project\E01_gpio_demo-1\iar\Debug_m7_1\Obj\flash_8529866181315662935.dir: [12]
    ------------------------------------------------
    Total:

D:\IAR\IAR project\E01_gpio_demo-1\iar\Debug_m7_1\Obj\flash_864493325053435817.dir: [13]
    ------------------------------------------------
    Total:

D:\IAR\IAR project\E01_gpio_demo-1\iar\Debug_m7_1\Obj\gpio_3999404635324069351.dir: [14]
    cy_gpio.o                  404
    ------------------------------------------------
    Total:                     404

D:\IAR\IAR project\E01_gpio_demo-1\iar\Debug_m7_1\Obj\ipc_10145506163450686023.dir: [15]
    cy_ipc_drv.o               112        4
    cy_ipc_pipe.o              772       80      106
    ------------------------------------------------
    Total:                     884       84      106

D:\IAR\IAR project\E01_gpio_demo-1\iar\Debug_m7_1\Obj\lin_18429031207028094880.dir: [16]
    ------------------------------------------------
    Total:

D:\IAR\IAR project\E01_gpio_demo-1\iar\Debug_m7_1\Obj\lvd_6353935867039560245.dir: [17]
    ------------------------------------------------
    Total:

D:\IAR\IAR project\E01_gpio_demo-1\iar\Debug_m7_1\Obj\mcwdt_4052485907822033969.dir: [18]
    ------------------------------------------------
    Total:

D:\IAR\IAR project\E01_gpio_demo-1\iar\Debug_m7_1\Obj\mpu_5663187252346826382.dir: [19]
    ------------------------------------------------
    Total:

D:\IAR\IAR project\E01_gpio_demo-1\iar\Debug_m7_1\Obj\power_14453085144426420577.dir: [20]
    ------------------------------------------------
    Total:

D:\IAR\IAR project\E01_gpio_demo-1\iar\Debug_m7_1\Obj\prot_10722960861768657883.dir: [21]
    ------------------------------------------------
    Total:

D:\IAR\IAR project\E01_gpio_demo-1\iar\Debug_m7_1\Obj\rev_b_4986922561640112550.dir: [22]
    system_tviibh4m_cm7.o      336      100       20
    ------------------------------------------------
    Total:                     336      100       20

D:\IAR\IAR project\E01_gpio_demo-1\iar\Debug_m7_1\Obj\rev_b_6162237342861132223.dir: [23]
    cy_interrupt_map.o         408      195    1'776
    ------------------------------------------------
    Total:                     408      195    1'776

D:\IAR\IAR project\E01_gpio_demo-1\iar\Debug_m7_1\Obj\scb_15490842639181808494.dir: [24]
    cy_scb_spi.o               496       16
    cy_scb_uart.o              788       40
    ------------------------------------------------
    Total:                   1'284       56

D:\IAR\IAR project\E01_gpio_demo-1\iar\Debug_m7_1\Obj\sd_host_2982766354293506895.dir: [25]
    ------------------------------------------------
    Total:

D:\IAR\IAR project\E01_gpio_demo-1\iar\Debug_m7_1\Obj\semihosting_143864889731838620.dir: [26]
    ------------------------------------------------
    Total:

D:\IAR\IAR project\E01_gpio_demo-1\iar\Debug_m7_1\Obj\smartio_5451710003740070188.dir: [27]
    ------------------------------------------------
    Total:

D:\IAR\IAR project\E01_gpio_demo-1\iar\Debug_m7_1\Obj\smif_427648126384146252.dir: [28]
    ------------------------------------------------
    Total:

D:\IAR\IAR project\E01_gpio_demo-1\iar\Debug_m7_1\Obj\smif_mem_6470536964353725183.dir: [29]
    ------------------------------------------------
    Total:

D:\IAR\IAR project\E01_gpio_demo-1\iar\Debug_m7_1\Obj\srom_13018798572330080582.dir: [30]
    ------------------------------------------------
    Total:

D:\IAR\IAR project\E01_gpio_demo-1\iar\Debug_m7_1\Obj\startup_479057977785470282.dir: [31]
    startup.o                  516       24
    startup_cm7.o              442               128
    ------------------------------------------------
    Total:                     958       24      128

D:\IAR\IAR project\E01_gpio_demo-1\iar\Debug_m7_1\Obj\sw_timer_4215635015939382130.dir: [32]
    ------------------------------------------------
    Total:

D:\IAR\IAR project\E01_gpio_demo-1\iar\Debug_m7_1\Obj\sysclk_16149231235676103872.dir: [33]
    cy_sysclk.o              2'280      160       25
    ------------------------------------------------
    Total:                   2'280      160       25

D:\IAR\IAR project\E01_gpio_demo-1\iar\Debug_m7_1\Obj\sysflt_12293435975120599261.dir: [34]
    ------------------------------------------------
    Total:

D:\IAR\IAR project\E01_gpio_demo-1\iar\Debug_m7_1\Obj\sysint_7435970359207984181.dir: [35]
    cy_sysint.o                172        8
    ------------------------------------------------
    Total:                     172        8

D:\IAR\IAR project\E01_gpio_demo-1\iar\Debug_m7_1\Obj\syslib_16330585751512546975.dir: [36]
    cy_syslib.o                182               140
    cy_syslib_iar.o             30
    ------------------------------------------------
    Total:                     212               140

D:\IAR\IAR project\E01_gpio_demo-1\iar\Debug_m7_1\Obj\syspm_10887939769544754770.dir: [37]
    ------------------------------------------------
    Total:

D:\IAR\IAR project\E01_gpio_demo-1\iar\Debug_m7_1\Obj\sysreghc_17676636058511625587.dir: [38]
    ------------------------------------------------
    Total:

D:\IAR\IAR project\E01_gpio_demo-1\iar\Debug_m7_1\Obj\sysreset_14586141425677365288.dir: [39]
    ------------------------------------------------
    Total:

D:\IAR\IAR project\E01_gpio_demo-1\iar\Debug_m7_1\Obj\sysrtc_10747768817563771611.dir: [40]
    ------------------------------------------------
    Total:

D:\IAR\IAR project\E01_gpio_demo-1\iar\Debug_m7_1\Obj\systick_16016591671695740695.dir: [41]
    ------------------------------------------------
    Total:

D:\IAR\IAR project\E01_gpio_demo-1\iar\Debug_m7_1\Obj\syswdt_9118657615806274156.dir: [42]
    ------------------------------------------------
    Total:

D:\IAR\IAR project\E01_gpio_demo-1\iar\Debug_m7_1\Obj\tcpwm_422923530147891246.dir: [43]
    cy_tcpwm.o                  12
    cy_tcpwm_counter.o         430       20
    ------------------------------------------------
    Total:                     442       20

D:\IAR\IAR project\E01_gpio_demo-1\iar\Debug_m7_1\Obj\trigmux_9729677290734583340.dir: [44]
    ------------------------------------------------
    Total:

D:\IAR\IAR project\E01_gpio_demo-1\iar\Debug_m7_1\Obj\user_8514941877209965082.dir: [45]
    cm7_1_isr.o                528                 1
    main_cm7_1.o             1'320       53       82
    ------------------------------------------------
    Total:                   1'848       53       83

D:\IAR\IAR project\E01_gpio_demo-1\iar\Debug_m7_1\Obj\zf_common_1201165462030747823.dir: [46]
    zf_common_clock.o           28                 4
    zf_common_debug.o        1'108      120      112
    zf_common_fifo.o         1'096       56
    zf_common_interrupt.o      226                 4
    ------------------------------------------------
    Total:                   2'458      176      120

D:\IAR\IAR project\E01_gpio_demo-1\iar\Debug_m7_1\Obj\zf_components_14936052685886095442.dir: [47]
    ------------------------------------------------
    Total:

D:\IAR\IAR project\E01_gpio_demo-1\iar\Debug_m7_1\Obj\zf_device_6570275422786408770.dir: [48]
    zf_device_gnss.o           276               413
    zf_device_imu660ra.o       600      113       20
    zf_device_tsl1401.o        124               514
    zf_device_type.o             2        1        8
    ------------------------------------------------
    Total:                   1'002      114      955

D:\IAR\IAR project\E01_gpio_demo-1\iar\Debug_m7_1\Obj\zf_driver_11922370083829174090.dir: [49]
    zf_driver_adc.o            116        1       84
    zf_driver_delay.o          728        1        3
    zf_driver_gpio.o           272
    zf_driver_ipc.o            268       12        6
    zf_driver_pit.o          1'028        6       60
    zf_driver_pwm.o             32
    zf_driver_spi.o          2'652       57       20
    zf_driver_uart.o         2'088       60      320
    ------------------------------------------------
    Total:                   7'184      137      493

dl7M_tln.a: [50]
    abort.o                      6
    exit.o                       4
    printf.o                    40
    putchar.o                   32
    sprintf.o                   64
    strncmp.o                   42
    xfail_s.o                   64                 4
    xprintffull_nomb.o       3'758
    xprout.o                    22
    xsprout.o                   10
    ------------------------------------------------
    Total:                   4'042                 4

m7M_tlv.a: [51]
    DblCmpGe.o                  52
    DblCmpLe.o                  52
    DblDiv.o                    18
    DblMul.o                    18
    DblSub.o                    18
    DblToS32.o                  14
    DblToU32.o                  14
    S32ToDbl.o                  14
    U32ToDbl.o                  14
    asinf.o                     92
    atan2f.o                   106
    fpinit_M.o                  34
    frexp.o                    112
    ldexp.o                    260
    sqrt.o                      30
    xatanf.o                   164
    ------------------------------------------------
    Total:                   1'012

rt7M_tl.a: [52]
    ABImemclr4.o                 6
    ABImemcpy.o                166
    ABImemset.o                102
    ABImemset48.o               50
    I64DivMod.o                560
    I64DivZer.o                  2
    cexit.o                     10
    cmain.o                     30
    cstartup_M.o                28
    data_init.o                 40
    lz77_init_single.o         126
    memchr.o                    88
    strchr.o                    22
    strlen.o                    54
    strncpy.o                  112
    zero_init3.o                56
    ------------------------------------------------
    Total:                   1'452

shb_l.a: [53]
    exit.o                      20
    ------------------------------------------------
    Total:                      20

zf_device_config.a: [54]
    zf_device_config.o                8'192
    ------------------------------------------------
    Total:                            8'192

    Gaps                        36        6
    Linker created                       32    8'192
----------------------------------------------------
    Grand Total:            27'528    9'358   12'046


*******************************************************************************
*** ENTRY LIST
***

Entry                       Address    Size  Type      Object
-----                       -------    ----  ----      ------
.iar.init_table$$Base   0x1028'8c70           --   Gb  - Linker created -
.iar.init_table$$Limit  0x1028'8c90           --   Gb  - Linker created -
?main                   0x1028'8cf1          Code  Gb  cmain.o [52]
BusFault_Handler        0x1028'8f29          Code  Wk  startup_cm7.o [31]
CSTACK$$Base            0x280b'e000           --   Gb  - Linker created -
CSTACK$$Limit           0x280c'0000           --   Gb  - Linker created -
CopyVectorTable         0x1028'8731    0x34  Code  Lc  startup.o [31]
CpuUserInt0_Handler     0x1028'87b3    0x26  Code  Gb  cy_interrupt_map.o [23]
CpuUserInt10_Handler    0x1028'8f45          Code  Wk  startup_cm7.o [31]
CpuUserInt11_Handler    0x1028'8f49          Code  Wk  startup_cm7.o [31]
CpuUserInt12_Handler    0x1028'8f4d          Code  Wk  startup_cm7.o [31]
CpuUserInt13_Handler    0x1028'8f51          Code  Wk  startup_cm7.o [31]
CpuUserInt14_Handler    0x1028'8f55          Code  Wk  startup_cm7.o [31]
CpuUserInt15_Handler    0x1028'8f59          Code  Wk  startup_cm7.o [31]
CpuUserInt1_Handler     0x1028'87d9    0x26  Code  Gb  cy_interrupt_map.o [23]
CpuUserInt2_Handler     0x1028'87ff    0x26  Code  Gb  cy_interrupt_map.o [23]
CpuUserInt3_Handler     0x1028'8825    0x26  Code  Gb  cy_interrupt_map.o [23]
CpuUserInt4_Handler     0x1028'884b    0x26  Code  Gb  cy_interrupt_map.o [23]
CpuUserInt5_Handler     0x1028'8871    0x26  Code  Gb  cy_interrupt_map.o [23]
CpuUserInt6_Handler     0x1028'8897    0x26  Code  Gb  cy_interrupt_map.o [23]
CpuUserInt7_Handler     0x1028'88bd    0x26  Code  Gb  cy_interrupt_map.o [23]
CpuUserInt8_Handler     0x1028'8f3d          Code  Wk  startup_cm7.o [31]
CpuUserInt9_Handler     0x1028'8f41          Code  Wk  startup_cm7.o [31]
Cy_DefaultUserHandler   0x1028'87b1     0x2  Code  Gb  cy_interrupt_map.o [23]
Cy_GPIO_ClearInterrupt  0x1028'45cb     0xe  Code  Lc  cy_gpio.o [14]
Cy_GPIO_Clr             0x1028'6ab3     0xa  Code  Lc  zf_driver_gpio.o [49]
Cy_GPIO_Inv             0x1028'6abd     0xa  Code  Lc  zf_driver_gpio.o [49]
Cy_GPIO_Pin_Init        0x1028'460f    0x72  Code  Gb  cy_gpio.o [14]
Cy_GPIO_Set             0x1028'6aa9     0xa  Code  Lc  zf_driver_gpio.o [49]
Cy_GPIO_SetDriveSel     0x1028'45ad    0x1e  Code  Lc  cy_gpio.o [14]
Cy_GPIO_SetDrivemode    0x1028'455d    0x1c  Code  Lc  cy_gpio.o [14]
Cy_GPIO_SetHSIOM        0x1028'44f9    0x4c  Code  Lc  cy_gpio.o [14]
Cy_GPIO_SetInterruptEdge
                        0x1028'45f3    0x1c  Code  Lc  cy_gpio.o [14]
Cy_GPIO_SetInterruptMask
                        0x1028'45d9    0x1a  Code  Lc  cy_gpio.o [14]
Cy_GPIO_SetSlewRate     0x1028'4593    0x1a  Code  Lc  cy_gpio.o [14]
Cy_GPIO_SetVtrip        0x1028'4579    0x1a  Code  Lc  cy_gpio.o [14]
Cy_GPIO_Write           0x1028'4545    0x18  Code  Lc  cy_gpio.o [14]
Cy_IPC_Drv_AcquireNotify
                        0x1028'7af9     0xc  Code  Lc  cy_ipc_pipe.o [15]
Cy_IPC_Drv_GetInterruptStatus
                        0x1028'7af5     0x4  Code  Lc  cy_ipc_pipe.o [15]
Cy_IPC_Drv_GetInterruptStatusMasked
                        0x1028'7af1     0x4  Code  Lc  cy_ipc_pipe.o [15]
Cy_IPC_Drv_GetIntrBaseAddr
                        0x1028'7ab5    0x2c  Code  Lc  cy_ipc_pipe.o [15]
Cy_IPC_Drv_GetIpcBaseAddress
                        0x1028'7a85    0x30  Code  Lc  cy_ipc_pipe.o [15]
Cy_IPC_Drv_IsLockAcquired
                        0x1028'804d     0x8  Code  Lc  cy_ipc_drv.o [15]
Cy_IPC_Drv_IsLockAcquired
                        0x1028'7b09     0x8  Code  Lc  cy_ipc_pipe.o [15]
Cy_IPC_Drv_LockAcquire  0x1028'8055    0x10  Code  Gb  cy_ipc_drv.o [15]
Cy_IPC_Drv_LockRelease  0x1028'8065    0x20  Code  Gb  cy_ipc_drv.o [15]
Cy_IPC_Drv_ReadDataValue
                        0x1028'8049     0x4  Code  Lc  cy_ipc_drv.o [15]
Cy_IPC_Drv_ReadMsgPtr   0x1028'7b11     0x8  Code  Lc  cy_ipc_pipe.o [15]
Cy_IPC_Drv_ReadMsgWord  0x1028'8085    0x20  Code  Gb  cy_ipc_drv.o [15]
Cy_IPC_Drv_ReleaseNotify
                        0x1028'803d     0xc  Code  Lc  cy_ipc_drv.o [15]
Cy_IPC_Drv_SetInterruptMask
                        0x1028'7ae1    0x10  Code  Lc  cy_ipc_pipe.o [15]
Cy_IPC_Drv_WriteDataValue
                        0x1028'7b05     0x4  Code  Lc  cy_ipc_pipe.o [15]
Cy_IPC_Pipe_Init        0x1028'7b19    0x9a  Code  Gb  cy_ipc_pipe.o [15]
Cy_IPC_Pipe_Isr         0x1028'7c95    0x1e  Code  Gb  cy_ipc_pipe.o [15]
Cy_IPC_Pipe_RegisterCallback
                        0x1028'7c81    0x12  Code  Gb  cy_ipc_pipe.o [15]
Cy_IPC_Pipe_SendMessage
                        0x1028'7beb    0x96  Code  Gb  cy_ipc_pipe.o [15]
Cy_RestoreIRQ           0x1028'8035          Code  Gb  startup_cm7.o [31]
Cy_SCB_ClearRxFifo      0x1028'35eb    0x1e  Code  Lc  zf_driver_spi.o [49]
Cy_SCB_ClearRxInterrupt
                        0x1028'8157     0xa  Code  Lc  cm7_1_isr.o [45]
Cy_SCB_ClearTxInterrupt
                        0x1028'8167     0xa  Code  Lc  cm7_1_isr.o [45]
Cy_SCB_GetFifoSize      0x1028'3645    0x12  Code  Lc  zf_driver_spi.o [49]
Cy_SCB_GetNumInRxFifo   0x1028'35e1     0xa  Code  Lc  zf_driver_spi.o [49]
Cy_SCB_GetNumInRxFifo   0x1028'4a27     0xa  Code  Lc  zf_driver_uart.o [49]
Cy_SCB_GetNumInTxFifo   0x1028'360f     0xa  Code  Lc  zf_driver_spi.o [49]
Cy_SCB_GetNumInTxFifo   0x1028'4a37     0xa  Code  Lc  zf_driver_uart.o [49]
Cy_SCB_GetRxInterruptMask
                        0x1028'8151     0x6  Code  Lc  cm7_1_isr.o [45]
Cy_SCB_GetRxInterruptMask
                        0x1028'4a73     0x6  Code  Lc  zf_driver_uart.o [49]
Cy_SCB_GetTxInterruptMask
                        0x1028'8161     0x6  Code  Lc  cm7_1_isr.o [45]
Cy_SCB_GetTxInterruptMask
                        0x1028'4a7f     0x6  Code  Lc  zf_driver_uart.o [49]
Cy_SCB_GetTxSrValid     0x1028'3619     0xa  Code  Lc  zf_driver_spi.o [49]
Cy_SCB_GetTxSrValid     0x1028'4a41     0xa  Code  Lc  zf_driver_uart.o [49]
Cy_SCB_IsTxComplete     0x1028'3623    0x22  Code  Lc  zf_driver_spi.o [49]
Cy_SCB_IsTxComplete     0x1028'4a4b    0x22  Code  Lc  zf_driver_uart.o [49]
Cy_SCB_ReadRxFifo       0x1028'4a21     0x6  Code  Lc  zf_driver_uart.o [49]
Cy_SCB_SPI_ClearRxFifo  0x1028'3675     0x8  Code  Lc  zf_driver_spi.o [49]
Cy_SCB_SPI_Enable       0x1028'3657     0xa  Code  Lc  zf_driver_spi.o [49]
Cy_SCB_SPI_GetNumInRxFifo
                        0x1028'366d     0x8  Code  Lc  zf_driver_spi.o [49]
Cy_SCB_SPI_Init         0x1028'468d   0x1d8  Code  Gb  cy_scb_spi.o [24]
Cy_SCB_SPI_SetActiveSlaveSelect
                        0x1028'3661     0xc  Code  Lc  zf_driver_spi.o [49]
Cy_SCB_SetRxInterruptMask
                        0x1028'4a6d     0x6  Code  Lc  zf_driver_uart.o [49]
Cy_SCB_SetTxInterruptMask
                        0x1028'4a79     0x6  Code  Lc  zf_driver_uart.o [49]
Cy_SCB_UART_DeInit      0x1028'589d    0x5c  Code  Gb  cy_scb_uart.o [24]
Cy_SCB_UART_Enable      0x1028'4a85     0xa  Code  Lc  zf_driver_uart.o [49]
Cy_SCB_UART_Init        0x1028'5619   0x284  Code  Gb  cy_scb_uart.o [24]
Cy_SCB_WriteTxFifo      0x1028'3609     0x6  Code  Lc  zf_driver_spi.o [49]
Cy_SCB_WriteTxFifo      0x1028'4a31     0x6  Code  Lc  zf_driver_uart.o [49]
Cy_SaveIRQ              0x1028'802d          Code  Gb  startup_cm7.o [31]
Cy_SysClk_CheckDividerExisting
                        0x1028'6fbd    0x2a  Code  Lc  zf_driver_delay.o [49]
Cy_SysClk_CheckDividerExisting
                        0x1028'6bb9    0x2c  Code  Lc  zf_driver_pit.o [49]
Cy_SysClk_CheckDividerExisting
                        0x1028'367d    0x2c  Code  Lc  zf_driver_spi.o [49]
Cy_SysClk_CheckDividerExisting
                        0x1028'487d    0x2c  Code  Lc  zf_driver_uart.o [49]
Cy_SysClk_ClkPathGetSource
                        0x1028'5ba1    0x54  Code  Gb  cy_sysclk.o [33]
Cy_SysClk_EcoGetStatus  0x1028'5a2d    0x1a  Code  Lc  cy_sysclk.o [33]
Cy_SysClk_Fast0ClkGetDivider
                        0x1028'5b75    0x16  Code  Lc  cy_sysclk.o [33]
Cy_SysClk_Fast1ClkGetDivider
                        0x1028'5b8b    0x16  Code  Lc  cy_sysclk.o [33]
Cy_SysClk_FllGetConfiguration
                        0x1028'5bfd    0x7e  Code  Gb  cy_sysclk.o [33]
Cy_SysClk_FllGetLockStatus
                        0x1028'5a47     0xc  Code  Lc  cy_sysclk.o [33]
Cy_SysClk_GetClockGroup
                        0x1028'7065     0x8  Code  Lc  zf_driver_delay.o [49]
Cy_SysClk_GetClockGroup
                        0x1028'6c67     0x8  Code  Lc  zf_driver_pit.o [49]
Cy_SysClk_GetClockGroup
                        0x1028'3761     0x8  Code  Lc  zf_driver_spi.o [49]
Cy_SysClk_GetClockGroup
                        0x1028'4961     0x8  Code  Lc  zf_driver_uart.o [49]
Cy_SysClk_GetCoreFrequency
                        0x1028'62c1    0x2a  Code  Gb  cy_sysclk.o [33]
Cy_SysClk_GetEcoFrequency
                        0x1028'5dc9    0x32  Code  Gb  cy_sysclk.o [33]
Cy_SysClk_GetExtFrequency
                        0x1028'5dfd    0x1e  Code  Gb  cy_sysclk.o [33]
Cy_SysClk_GetFast0Frequency
                        0x1028'6215    0x56  Code  Gb  cy_sysclk.o [33]
Cy_SysClk_GetFast1Frequency
                        0x1028'626b    0x56  Code  Gb  cy_sysclk.o [33]
Cy_SysClk_GetFllInputFrequency
                        0x1028'5f1d     0xc  Code  Gb  cy_sysclk.o [33]
Cy_SysClk_GetFllOutputFrequency
                        0x1028'5f45    0x78  Code  Gb  cy_sysclk.o [33]
Cy_SysClk_GetHfClkFrequency
                        0x1028'6197    0x7a  Code  Gb  cy_sysclk.o [33]
Cy_SysClk_GetIlo0Frequency
                        0x1028'5e1b    0x32  Code  Gb  cy_sysclk.o [33]
Cy_SysClk_GetIlo1Frequency
                        0x1028'5e4d    0x32  Code  Gb  cy_sysclk.o [33]
Cy_SysClk_GetImoFrequency
                        0x1028'5d97    0x32  Code  Gb  cy_sysclk.o [33]
Cy_SysClk_GetPathFrequency
                        0x1028'6165    0x32  Code  Gb  cy_sysclk.o [33]
Cy_SysClk_GetPathSourceFrequency
                        0x1028'5eb9    0x64  Code  Gb  cy_sysclk.o [33]
Cy_SysClk_GetPll400MNo  0x1028'5a91    0x14  Code  Lc  cy_sysclk.o [33]
Cy_SysClk_GetPllInputFrequency
                        0x1028'5f29    0x1c  Code  Gb  cy_sysclk.o [33]
Cy_SysClk_GetPllNo      0x1028'5a55    0x12  Code  Lc  cy_sysclk.o [33]
Cy_SysClk_GetPllOutputFrequency
                        0x1028'5fc1   0x1a0  Code  Gb  cy_sysclk.o [33]
Cy_SysClk_GetWcoFrequency
                        0x1028'5e7f    0x32  Code  Gb  cy_sysclk.o [33]
Cy_SysClk_HfClockGetDivider
                        0x1028'5b33    0x42  Code  Lc  cy_sysclk.o [33]
Cy_SysClk_HfClockGetSource
                        0x1028'5adf    0x54  Code  Lc  cy_sysclk.o [33]
Cy_SysClk_InitGetFreqParams
                        0x1028'5d7d    0x1a  Code  Gb  cy_sysclk.o [33]
Cy_SysClk_PeriphAssignDivider
                        0x1028'706d    0x68  Code  Lc  zf_driver_delay.o [49]
Cy_SysClk_PeriphAssignDivider
                        0x1028'6c6f    0x68  Code  Lc  zf_driver_pit.o [49]
Cy_SysClk_PeriphAssignDivider
                        0x1028'3769    0x6a  Code  Lc  zf_driver_spi.o [49]
Cy_SysClk_PeriphAssignDivider
                        0x1028'4969    0x6a  Code  Lc  zf_driver_uart.o [49]
Cy_SysClk_PeriphEnableDivider
                        0x1028'70d5    0x4c  Code  Lc  zf_driver_delay.o [49]
Cy_SysClk_PeriphEnableDivider
                        0x1028'6cd7    0x4c  Code  Lc  zf_driver_pit.o [49]
Cy_SysClk_PeriphEnableDivider
                        0x1028'37d3    0x4e  Code  Lc  zf_driver_spi.o [49]
Cy_SysClk_PeriphEnableDivider
                        0x1028'49d3    0x4e  Code  Lc  zf_driver_uart.o [49]
Cy_SysClk_PeriphSetDivider
                        0x1028'6fe7    0x7e  Code  Lc  zf_driver_delay.o [49]
Cy_SysClk_PeriphSetDivider
                        0x1028'6be5    0x82  Code  Lc  zf_driver_pit.o [49]
Cy_SysClk_PeriphSetFracDivider
                        0x1028'36a9    0xb8  Code  Lc  zf_driver_spi.o [49]
Cy_SysClk_PeriphSetFracDivider
                        0x1028'48a9    0xb8  Code  Lc  zf_driver_uart.o [49]
Cy_SysClk_Pll400MGetConfiguration
                        0x1028'5ce9    0x84  Code  Gb  cy_sysclk.o [33]
Cy_SysClk_Pll400MGetLockStatus
                        0x1028'5aa5    0x2a  Code  Lc  cy_sysclk.o [33]
Cy_SysClk_PllGetConfiguration
                        0x1028'5c95    0x48  Code  Gb  cy_sysclk.o [33]
Cy_SysClk_PllGetLockStatus
                        0x1028'5a67    0x28  Code  Lc  cy_sysclk.o [33]
Cy_SysClk_WcoOkay       0x1028'5ad1     0xe  Code  Lc  cy_sysclk.o [33]
Cy_SysInt_InitIRQ       0x1028'594d    0x7e  Code  Gb  cy_sysint.o [35]
Cy_SysInt_SetSystemIrqVector
                        0x1028'59cb    0x12  Code  Gb  cy_sysint.o [35]
Cy_SysInt_SystemIrqUserTableRamPointer
                        0x2808'06ec     0x4  Data  Gb  cy_interrupt_map.o [23]
Cy_SysLib_DelayCycles   0x1028'8cd1          Code  Gb  cy_syslib_iar.o [36]
Cy_SysLib_EnterCriticalSection
                        0x1028'8ce1          Code  Gb  cy_syslib_iar.o [36]
Cy_SysLib_ExitCriticalSection
                        0x1028'8ce9          Code  Gb  cy_syslib_iar.o [36]
Cy_SysLib_FaultHandler  0x1028'6389    0x90  Code  Gb  cy_syslib.o [36]
Cy_SysLib_Halt          0x1028'6385     0x4  Code  Gb  cy_syslib.o [36]
Cy_SysLib_ProcessingFault
                        0x1028'642d     0x2  Code  Wk  cy_syslib.o [36]
Cy_SysLib_SvcHandler    0x1028'8e8d     0xc  Code  Wk  cy_syslib.o [36]
Cy_SystemInitFpuEnable  0x1028'7a25    0x1e  Code  Gb  system_tviibh4m_cm7.o [22]
Cy_SystemIrqUserTable   0x2808'0000   0x6ec  Data  Gb  cy_interrupt_map.o [23]
Cy_Tcpwm_Counter_ClearTC_Intr
                        0x1028'7f27    0x10  Code  Gb  cy_tcpwm_counter.o [43]
Cy_Tcpwm_Counter_Enable
                        0x1028'7f09     0xa  Code  Gb  cy_tcpwm_counter.o [43]
Cy_Tcpwm_Counter_GetCounter
                        0x1028'7f17     0x4  Code  Gb  cy_tcpwm_counter.o [43]
Cy_Tcpwm_Counter_Init   0x1028'7d89   0x16c  Code  Gb  cy_tcpwm_counter.o [43]
Cy_Tcpwm_Counter_SetCounter
                        0x1028'7f13     0x4  Code  Gb  cy_tcpwm_counter.o [43]
Cy_Tcpwm_Counter_SetTC_IntrMask
                        0x1028'7f1b     0xc  Code  Gb  cy_tcpwm_counter.o [43]
Cy_Tcpwm_TriggerStart   0x1028'7f37     0xc  Code  Gb  cy_tcpwm.o [43]
Cy_u32StartupStackEndAddress
                        0x1028'89d8          Data  Gb  startup_cm7.o [31]
Cy_u32StartupStackStartAddress
                        0x1028'89d4          Data  Gb  startup_cm7.o [31]
DebugMon_Handler        0x1028'8f31          Code  Wk  startup_cm7.o [31]
E                       0x2808'0e81     0x1  Data  Gb  main_cm7_1.o [45]
E_flag                  0x2808'0e80     0x1  Data  Gb  main_cm7_1.o [45]
ExecCallback            0x1028'7cb3    0x9a  Code  Lc  cy_ipc_pipe.o [15]
GZ                      0x2808'0e48     0x4  Data  Gb  main_cm7_1.o [45]
HEAP_STACK$$Base        0x280b'e000           --   Gb  - Linker created -
HEAP_STACK$$Limit       0x280c'0000           --   Gb  - Linker created -
HardFault_Handler       0x1028'8c91          Code  Wk  startup_cm7.o [31]
IMU_Counter             0x2808'0e7c     0x1  Data  Gb  cm7_1_isr.o [45]
InitEndpoint            0x1028'7bb3    0x38  Code  Lc  cy_ipc_pipe.o [15]
InitRamEcc              0x1028'861f   0x100  Code  Lc  startup.o [31]
InitRamEccClearArea     0x1028'871f    0x12  Code  Lc  startup.o [31]
KalmanFilter1D_Update   0x1028'78f5    0x3e  Code  Gb  KF.o [5]
MADGWICK_BETA           0x2808'06f0     0x4  Data  Gb  Madgwick.o [5]
MF                      0x2808'0724    0x10  Data  Gb  main_cm7_1.o [45]
Madgwick_QuatToPitch    0x1028'782d    0x48  Code  Gb  Madgwick.o [5]
Madgwick_QuatToRoll     0x1028'7875    0x28  Code  Gb  Madgwick.o [5]
Madgwick_QuatToYaw      0x1028'789d    0x58  Code  Gb  Madgwick.o [5]
Madgwick_Update         0x1028'74ed   0x332  Code  Gb  Madgwick.o [5]
MemManage_Handler       0x1028'8f25          Code  Wk  startup_cm7.o [31]
NMI_Handler             0x1028'8f21          Code  Wk  startup_cm7.o [31]
PendSV_Handler          0x1028'8f35          Code  Wk  startup_cm7.o [31]
Pitch                   0x2808'0e40     0x4  Data  Gb  main_cm7_1.o [45]
Region$$Table$$Base     0x1028'8c70           --   Gb  - Linker created -
Region$$Table$$Limit    0x1028'8c90           --   Gb  - Linker created -
Reset_Handler           0x1028'892d          Code  Wk  startup_cm7.o [31]
Roll                    0x2808'0e44     0x4  Data  Gb  main_cm7_1.o [45]
SVC_Handler             0x1028'8d5d          Code  Wk  startup_cm7.o [31]
Solve_Angle             0x1028'6695   0x21c  Code  Gb  main_cm7_1.o [45]
Startup_Init            0x1028'8591    0x8e  Code  Gb  startup.o [31]
SysTick_Handler         0x1028'8f39          Code  Wk  startup_cm7.o [31]
SystemCoreClock         0x2808'0e4c     0x4  Data  Gb  system_tviibh4m_cm7.o [22]
SystemCoreClockUpdate   0x1028'7991    0x94  Code  Gb  system_tviibh4m_cm7.o [22]
SystemInit              0x1028'7935    0x5c  Code  Gb  system_tviibh4m_cm7.o [22]
UsageFault_Handler      0x1028'8f2d          Code  Wk  startup_cm7.o [31]
X                       0x2808'06f4    0x10  Data  Gb  main_cm7_1.o [45]
Y                       0x2808'0704    0x10  Data  Gb  main_cm7_1.o [45]
Yaw                     0x2808'0e3c     0x4  Data  Gb  main_cm7_1.o [45]
Z                       0x2808'0714    0x10  Data  Gb  main_cm7_1.o [45]
_LC                     0x1028'2081     0x6  Code  Lc  xprintffull_nomb.o [50]
_LitobFullNoMb          0x1028'2d4d   0x114  Code  Lc  xprintffull_nomb.o [50]
_PrintfFullNoMb         0x1028'2087   0xc98  Code  Gb  xprintffull_nomb.o [50]
_Prout                  0x1028'8e25    0x16  Code  Gb  xprout.o [50]
_PutcharsFullNoMb       0x1028'2eb9    0x2e  Code  Lc  xprintffull_nomb.o [50]
_SProut                 0x1028'2fc3     0xa  Code  Gb  xsprout.o [50]
__NVIC_ClearPendingIRQ  0x1028'8795    0x1c  Code  Lc  cy_interrupt_map.o [23]
__NVIC_ClearPendingIRQ  0x1028'5549    0x1c  Code  Lc  zf_common_interrupt.o [46]
__NVIC_ClearPendingIRQ  0x1028'69b9    0x1c  Code  Lc  zf_driver_ipc.o [49]
__NVIC_EnableIRQ        0x1028'552d    0x1c  Code  Lc  zf_common_interrupt.o [46]
__NVIC_EnableIRQ        0x1028'699d    0x1c  Code  Lc  zf_driver_ipc.o [49]
__NVIC_SetPriority      0x1028'5565    0x24  Code  Lc  zf_common_interrupt.o [46]
__Vectors               0x1028'0000           --   Gb  startup_cm7.o [31]
__Vectors_End           0x1028'0080          Data  Gb  startup_cm7.o [31]
__Vectors_Size {Abs}           0x80           --   Gb  startup_cm7.o [31]
__aeabi_cdcmple         0x1028'31b5          Code  Gb  DblCmpLe.o [51]
__aeabi_cdrcmple        0x1028'31e9          Code  Gb  DblCmpGe.o [51]
__aeabi_d2iz            0x1028'3321     0xe  Code  Gb  DblToS32.o [51]
__aeabi_d2uiz           0x1028'3361     0xe  Code  Gb  DblToU32.o [51]
__aeabi_ddiv            0x1028'334f    0x12  Code  Gb  DblDiv.o [51]
__aeabi_dmul            0x1028'337d    0x12  Code  Gb  DblMul.o [51]
__aeabi_dsub            0x1028'333d    0x12  Code  Gb  DblSub.o [51]
__aeabi_i2d             0x1028'332f     0xe  Code  Gb  S32ToDbl.o [51]
__aeabi_ldiv0           0x1028'35c9          Code  Gb  I64DivZer.o [52]
__aeabi_memclr4         0x1028'5611          Code  Gb  ABImemclr4.o [52]
__aeabi_memcpy          0x1028'309d          Code  Gb  ABImemcpy.o [52]
__aeabi_memcpy4         0x1028'30bd          Code  Gb  ABImemcpy.o [52]
__aeabi_memcpy8         0x1028'30bd          Code  Gb  ABImemcpy.o [52]
__aeabi_memset          0x1028'403d          Code  Gb  ABImemset.o [52]
__aeabi_ui2d            0x1028'336f     0xe  Code  Gb  U32ToDbl.o [51]
__aeabi_uldivmod        0x1028'3391          Code  Gb  I64DivMod.o [52]
__cmain                 0x1028'8cf1          Code  Gb  cmain.o [52]
__ecc_init_dtcm_end_address {Abs}
                        0x2000'3fff          Data  Gb  <internal module>
__ecc_init_dtcm_start_address {Abs}
                        0x2000'0000          Data  Gb  <internal module>
__ecc_init_itcm_end_address {Abs}
                             0x3fff          Data  Gb  <internal module>
__ecc_init_itcm_start_address {Abs}
                                0x0          Data  Gb  <internal module>
__ecc_init_sram_end_address {Abs}
                        0x280b'ffff          Data  Gb  <internal module>
__ecc_init_sram_start_address {Abs}
                        0x2808'0000          Data  Gb  <internal module>
__exit                  0x1028'35cd    0x14  Code  Gb  exit.o [53]
__iar_Fail_s            0x1028'2fcd    0x1c  Code  Gb  xfail_s.o [50]
__iar_Memchr            0x1028'3045          Code  Gb  memchr.o [52]
__iar_Memset            0x1028'403d          Code  Gb  ABImemset.o [52]
__iar_Memset4_word      0x1028'59f9          Code  Gb  ABImemset48.o [52]
__iar_Memset8_word      0x1028'59f9          Code  Gb  ABImemset48.o [52]
__iar_Memset_word       0x1028'4045          Code  Gb  ABImemset.o [52]
__iar_Strchr            0x1028'2fad          Code  Gb  strchr.o [52]
__iar_asin32            0x1028'7fd1          Code  Gb  asinf.o [51]
__iar_atan2_32          0x1028'7f65          Code  Gb  atan2f.o [51]
__iar_data_init3        0x1028'8c25    0x28  Code  Gb  data_init.o [52]
__iar_frexp             0x1028'3151          Code  Gb  frexp.o [51]
__iar_frexpl            0x1028'3151          Code  Gb  frexp.o [51]
__iar_init_vfp          0x1028'8c4d          Code  Gb  fpinit_M.o [51]
__iar_ldexp64           0x1028'3231          Code  Gb  ldexp.o [51]
__iar_lz77_init_single3
                        0x1028'2f2f    0x7e  Code  Gb  lz77_init_single.o [52]
__iar_program_start     0x1028'8d79          Code  Gb  cstartup_M.o [52]
__iar_scalbln64         0x1028'3231          Code  Gb  ldexp.o [51]
__iar_scalbn64          0x1028'3231          Code  Gb  ldexp.o [51]
__iar_softfp___iar_frexp64
                        0x1028'3145          Code  Gb  frexp.o [51]
__iar_softfp___iar_ldexp64
                        0x1028'321d          Code  Gb  ldexp.o [51]
__iar_softfp___iar_scalbln64
                        0x1028'321d          Code  Gb  ldexp.o [51]
__iar_softfp___iar_scalbn64
                        0x1028'321d          Code  Gb  ldexp.o [51]
__iar_softfp_frexp      0x1028'3145          Code  Gb  frexp.o [51]
__iar_softfp_frexpl     0x1028'3145          Code  Gb  frexp.o [51]
__iar_softfp_ldexp      0x1028'321d          Code  Gb  ldexp.o [51]
__iar_softfp_ldexpl     0x1028'321d          Code  Gb  ldexp.o [51]
__iar_softfp_scalbln    0x1028'321d          Code  Gb  ldexp.o [51]
__iar_softfp_scalblnl   0x1028'321d          Code  Gb  ldexp.o [51]
__iar_softfp_scalbn     0x1028'321d          Code  Gb  ldexp.o [51]
__iar_softfp_scalbnl    0x1028'321d          Code  Gb  ldexp.o [51]
__iar_sqrt64            0x1028'7f45          Code  Gb  sqrt.o [51]
__iar_xatanf            0x1028'80ad          Code  Gb  xatanf.o [51]
__iar_zero_init3        0x1028'8bed    0x38  Code  Gb  zero_init3.o [52]
__low_level_init        0x1028'8d11          Code  Gb  startup_cm7.o [31]
__ramVectors            0x2808'0f00          Data  Gb  startup_cm7.o [31]
__vector_table          0x1028'0000          Data  Gb  startup_cm7.o [31]
__vector_table_0x1c     0x1028'001c          Data  Gb  startup_cm7.o [31]
__write                 0x1028'43c3    0x12  Code  Gb  zf_common_debug.o [46]
_call_main              0x1028'8cfd          Code  Gb  cmain.o [52]
_exit                   0x1028'8d19          Code  Gb  cexit.o [52]
abort                   0x1028'35c1     0x6  Code  Gb  abort.o [50]
adc_convert             0x1028'84f1    0x6c  Code  Gb  zf_driver_adc.o [49]
adc_resolution          0x2808'0d1c    0x48  Data  Lc  zf_driver_adc.o [49]
asinf                   0x1028'7fd1          Code  Gb  asinf.o [51]
assert_interrupt_config
                        0x1028'55c1     0xc  Code  Gb  zf_common_interrupt.o [46]
atan2f                  0x1028'7f65          Code  Gb  atan2f.o [51]
clock_init              0x1028'6981    0x16  Code  Gb  zf_common_clock.o [46]
cs_pin_save             0x2808'0e68     0x4  Data  Gb  zf_driver_spi.o [49]
cy_assertFileName       0x2808'0ddc    0x18  Data  Gb  cy_syslib.o [36]
cy_assertLine           0x2808'0e38     0x4  Data  Gb  cy_syslib.o [36]
cy_delay32kMs           0x2808'0e5c     0x4  Data  Gb  system_tviibh4m_cm7.o [22]
cy_delayFreqHz          0x2808'0e50     0x4  Data  Gb  system_tviibh4m_cm7.o [22]
cy_delayFreqKhz         0x2808'0e54     0x4  Data  Gb  system_tviibh4m_cm7.o [22]
cy_delayFreqMhz         0x2808'0e58     0x4  Data  Gb  system_tviibh4m_cm7.o [22]
cy_faultFrame           0x2808'0c64    0x70  Data  Gb  cy_syslib.o [36]
cy_ipc_pipe_callbackArray
                        0x2808'0da4    0x20  Data  Lc  cy_ipc_pipe.o [15]
cy_ipc_pipe_drvInitialized
                        0x2808'0e7e     0x1  Data  Lc  cy_ipc_pipe.o [15]
cy_ipc_pipe_epCfgStatus
                        0x2808'0cd4    0x48  Data  Lc  cy_ipc_pipe.o [15]
cy_ipc_pipe_epForThisCpu
                        0x2808'0e7d     0x1  Data  Lc  cy_ipc_pipe.o [15]
debug_assert_handler    0x1028'43d5    0x3c  Code  Gb  zf_common_debug.o [46]
debug_assert_handler::assert_nest_index
                        0x2808'0e84     0x1  Data  Lc  zf_common_debug.o [46]
debug_delay             0x1028'40a5    0x36  Code  Lc  zf_common_debug.o [46]
debug_info_init         0x1028'447b    0x18  Code  Gb  zf_common_debug.o [46]
debug_init              0x1028'4493    0x2a  Code  Gb  zf_common_debug.o [46]
debug_interrupr_handler
                        0x1028'43a3    0x20  Code  Gb  zf_common_debug.o [46]
debug_log_handler       0x1028'4411    0x20  Code  Gb  zf_common_debug.o [46]
debug_output            0x1028'40e7   0x2bc  Code  Lc  zf_common_debug.o [46]
debug_output_info       0x2808'0e24    0x14  Data  Lc  zf_common_debug.o [46]
debug_output_init       0x1028'4451    0x2a  Code  Gb  zf_common_debug.o [46]
debug_output_struct_init
                        0x1028'4431    0x20  Code  Gb  zf_common_debug.o [46]
debug_uart_buffer       0x2808'0d64    0x40  Data  Gb  zf_common_debug.o [46]
debug_uart_data         0x2808'0e83     0x1  Data  Gb  zf_common_debug.o [46]
debug_uart_fifo         0x2808'0df4    0x18  Data  Gb  zf_common_debug.o [46]
debug_uart_str_output   0x1028'40db     0xc  Code  Lc  zf_common_debug.o [46]
delay_clk               0x2808'07c8     0x2  Data  Lc  zf_driver_delay.o [49]
divNumLocator           0x1028'8e98     0x8  Data  Gb  cy_sysclk.o [33]
exit                    0x1028'8d15     0x4  Code  Gb  exit.o [50]
fifo_clear              0x1028'5119    0x74  Code  Gb  zf_common_fifo.o [46]
fifo_end_offset         0x1028'50ff    0x1a  Code  Lc  zf_common_fifo.o [46]
fifo_head_offset        0x1028'50e5    0x1a  Code  Lc  zf_common_fifo.o [46]
fifo_init               0x1028'54ef    0x3a  Code  Gb  zf_common_fifo.o [46]
fifo_read_buffer        0x1028'534f   0x1a0  Code  Gb  zf_common_fifo.o [46]
fifo_used               0x1028'518d    0x22  Code  Gb  zf_common_fifo.o [46]
fifo_write_buffer       0x1028'51af   0x1a0  Code  Gb  zf_common_fifo.o [46]
get_scb_module          0x1028'4bdb    0x44  Code  Gb  zf_driver_uart.o [49]
get_uart_config         0x1028'4a8f   0x14c  Code  Lc  zf_driver_uart.o [49]
gnss_flag               0x2808'0e85     0x1  Data  Gb  zf_device_gnss.o [48]
gnss_gga_state          0x2808'0e87     0x1  Data  Lc  zf_device_gnss.o [48]
gnss_receiver_fifo      0x2808'0e0c    0x18  Data  Lc  zf_device_gnss.o [48]
gnss_rmc_state          0x2808'0e88     0x1  Data  Lc  zf_device_gnss.o [48]
gnss_state              0x2808'0e86     0x1  Data  Lc  zf_device_gnss.o [48]
gnss_ths_state          0x2808'0e89     0x1  Data  Lc  zf_device_gnss.o [48]
gnss_uart_callback      0x1028'83dd    0xe2  Code  Gb  zf_device_gnss.o [48]
gpio_init               0x1028'6b2b    0x88  Code  Gb  zf_driver_gpio.o [49]
gpio_set_level          0x1028'6ac7    0x44  Code  Gb  zf_driver_gpio.o [49]
gpio_toggle_level       0x1028'6b0b    0x20  Code  Gb  zf_driver_gpio.o [49]
gps_gga_buffer          0x2808'0ae4    0x80  Data  Lc  zf_device_gnss.o [48]
gps_rmc_buffer          0x2808'0b64    0x80  Data  Lc  zf_device_gnss.o [48]
gps_ths_buffer          0x2808'0be4    0x80  Data  Lc  zf_device_gnss.o [48]
imu660ra_acc_x          0x2808'0e76     0x2  Data  Gb  zf_device_imu660ra.o [48]
imu660ra_acc_y          0x2808'0e78     0x2  Data  Gb  zf_device_imu660ra.o [48]
imu660ra_acc_z          0x2808'0e7a     0x2  Data  Gb  zf_device_imu660ra.o [48]
imu660ra_config_file    0x1028'0080  0x2000  Data  Gb  zf_device_config.o [54]
imu660ra_get_acc        0x1028'7363    0x3e  Code  Gb  zf_device_imu660ra.o [48]
imu660ra_get_gyro       0x1028'73a1    0x3e  Code  Gb  zf_device_imu660ra.o [48]
imu660ra_gyro_x         0x2808'0e70     0x2  Data  Gb  zf_device_imu660ra.o [48]
imu660ra_gyro_y         0x2808'0e72     0x2  Data  Gb  zf_device_imu660ra.o [48]
imu660ra_gyro_z         0x2808'0e74     0x2  Data  Gb  zf_device_imu660ra.o [48]
imu660ra_init           0x1028'73df    0xd0  Code  Gb  zf_device_imu660ra.o [48]
imu660ra_read_register  0x1028'72d1    0x26  Code  Lc  zf_device_imu660ra.o [48]
imu660ra_read_registers
                        0x1028'72f7    0x3a  Code  Lc  zf_device_imu660ra.o [48]
imu660ra_self_check     0x1028'7331    0x32  Code  Lc  zf_device_imu660ra.o [48]
imu660ra_transition_factor
                        0x2808'0734     0x8  Data  Gb  zf_device_imu660ra.o [48]
imu660ra_write_register
                        0x1028'7295    0x1e  Code  Lc  zf_device_imu660ra.o [48]
imu660ra_write_registers
                        0x1028'72b3    0x1e  Code  Lc  zf_device_imu660ra.o [48]
intFreqInitialized      0x2808'0e7f     0x1  Data  Gb  cy_sysclk.o [33]
internalBaseFreqInfo    0x2808'0dc4    0x18  Data  Gb  cy_sysclk.o [33]
interrupt_global_disable
                        0x1028'5599    0x14  Code  Gb  zf_common_interrupt.o [46]
interrupt_global_enable
                        0x1028'5589    0x10  Code  Gb  zf_common_interrupt.o [46]
interrupt_global_flag   0x2808'0e64     0x4  Data  Lc  zf_common_interrupt.o [46]
interrupt_init          0x1028'55d9    0x36  Code  Gb  zf_common_interrupt.o [46]
interrupt_set_priority  0x1028'55cd     0xc  Code  Gb  zf_common_interrupt.o [46]
ipc_communicate_init    0x1028'6a35    0x52  Code  Gb  zf_driver_ipc.o [49]
ipc_default_callback    0x1028'69d5     0x2  Code  Lc  zf_driver_ipc.o [49]
ipc_port_save           0x2808'0e8c     0x1  Data  Gb  zf_driver_ipc.o [49]
ipc_received_callback   0x1028'69df     0xc  Code  Gb  zf_driver_ipc.o [49]
ipc_release_callback    0x1028'69d7     0x8  Code  Gb  zf_driver_ipc.o [49]
ipc_released            0x2808'0e8d     0x1  Data  Gb  zf_driver_ipc.o [49]
ipc_send_data           0x1028'69eb    0x4a  Code  Gb  zf_driver_ipc.o [49]
ldexp                   0x1028'3231          Code  Gb  ldexp.o [51]
ldexpl                  0x1028'3231          Code  Gb  ldexp.o [51]
main                    0x1028'6441   0x226  Code  Gb  main_cm7_1.o [45]
memchr                  0x1028'3045          Code  Gb  memchr.o [52]
my_ipc_callback         0x1028'6431     0xe  Code  Gb  main_cm7_1.o [45]
pit0_ch0_isr            0x1028'8171    0x12  Code  Gb  cm7_1_isr.o [45]
pit0_ch10_isr           0x1028'8197     0xa  Code  Gb  cm7_1_isr.o [45]
pit0_ch11_isr           0x1028'81a1     0xa  Code  Gb  cm7_1_isr.o [45]
pit0_ch12_isr           0x1028'81ab     0xa  Code  Gb  cm7_1_isr.o [45]
pit0_ch13_isr           0x1028'81b5     0xa  Code  Gb  cm7_1_isr.o [45]
pit0_ch14_isr           0x1028'81bf     0xa  Code  Gb  cm7_1_isr.o [45]
pit0_ch15_isr           0x1028'81c9     0xa  Code  Gb  cm7_1_isr.o [45]
pit0_ch16_isr           0x1028'81d3     0xa  Code  Gb  cm7_1_isr.o [45]
pit0_ch17_isr           0x1028'81dd     0xa  Code  Gb  cm7_1_isr.o [45]
pit0_ch18_isr           0x1028'81e7     0xa  Code  Gb  cm7_1_isr.o [45]
pit0_ch19_isr           0x1028'81f1     0xa  Code  Gb  cm7_1_isr.o [45]
pit0_ch1_isr            0x1028'8183     0xa  Code  Gb  cm7_1_isr.o [45]
pit0_ch20_isr           0x1028'81fb     0xa  Code  Gb  cm7_1_isr.o [45]
pit0_ch21_isr           0x1028'8205     0xe  Code  Gb  cm7_1_isr.o [45]
pit0_ch2_isr            0x1028'818d     0xa  Code  Gb  cm7_1_isr.o [45]
pit_enable              0x1028'6d4d    0x6c  Code  Gb  zf_driver_pit.o [49]
pit_init                0x1028'6db9   0x1ee  Code  Gb  zf_driver_pit.o [49]
pit_isr_flag_clear      0x1028'6d23    0x2a  Code  Gb  zf_driver_pit.o [49]
pit_isr_func            0x2808'0754    0x3c  Data  Gb  zf_driver_pit.o [49]
printf                  0x1028'6959    0x28  Code  Gb  printf.o [50]
putchar                 0x1028'8cb1    0x20  Code  Gb  putchar.o [50]
pwm_all_channel_close   0x1028'592d    0x1a  Code  Gb  zf_driver_pwm.o [49]
sar_adc                 0x2808'0744     0xc  Data  Lc  zf_driver_adc.o [49]
scalbln                 0x1028'3231          Code  Gb  ldexp.o [51]
scalblnl                0x1028'3231          Code  Gb  ldexp.o [51]
scalbn                  0x1028'3231          Code  Gb  ldexp.o [51]
scalbnl                 0x1028'3231          Code  Gb  ldexp.o [51]
scale                   0x1028'2e61    0x46  Code  Lc  xprintffull_nomb.o [50]
scb_module              0x2808'07b4    0x14  Data  Gb  zf_driver_uart.o [49]
sec_hand                0x2808'0e6c     0x4  Data  Lc  xfail_s.o [50]
spi_get_clk_hsiom       0x1028'38dd    0x28  Code  Lc  zf_driver_spi.o [49]
spi_get_clk_pin         0x1028'3821    0x28  Code  Lc  zf_driver_spi.o [49]
spi_get_cs_hsiom        0x1028'3955    0x44  Code  Lc  zf_driver_spi.o [49]
spi_get_cs_pin          0x1028'3899    0x44  Code  Lc  zf_driver_spi.o [49]
spi_get_miso_hsiom      0x1028'392d    0x28  Code  Lc  zf_driver_spi.o [49]
spi_get_miso_pin        0x1028'3871    0x28  Code  Lc  zf_driver_spi.o [49]
spi_get_mosi_hsiom      0x1028'3905    0x28  Code  Lc  zf_driver_spi.o [49]
spi_get_mosi_pin        0x1028'3849    0x28  Code  Lc  zf_driver_spi.o [49]
spi_init                0x1028'3d99   0x28e  Code  Gb  zf_driver_spi.o [49]
spi_module              0x2808'0790    0x10  Data  Gb  zf_driver_spi.o [49]
spi_read_8bit_registers
                        0x1028'3ca5    0xe2  Code  Gb  zf_driver_spi.o [49]
spi_write_8bit_register
                        0x1028'3ad5    0xde  Code  Gb  zf_driver_spi.o [49]
spi_write_8bit_registers
                        0x1028'3bb3    0xe8  Code  Gb  zf_driver_spi.o [49]
sprintf                 0x1028'50a5    0x40  Code  Gb  sprintf.o [50]
sqrt                    0x1028'7f45          Code  Gb  sqrt.o [51]
sqrtl                   0x1028'7f45          Code  Gb  sqrt.o [51]
strchr                  0x1028'2fad          Code  Gb  strchr.o [52]
strlen                  0x1028'300d          Code  Gb  strlen.o [52]
strncmp                 0x1028'8565    0x2a  Code  Gb  strncmp.o [50]
strncpy                 0x1028'6315          Code  Gb  strncpy.o [52]
switch_transition_length
                        0x1028'3999   0x13c  Code  Lc  zf_driver_spi.o [49]
system_clock            0x2808'0e60     0x4  Data  Gb  zf_common_clock.o [46]
system_delay_init       0x1028'71d5    0xa6  Code  Gb  zf_driver_delay.o [49]
system_delay_ms         0x1028'7177    0x5e  Code  Gb  zf_driver_delay.o [49]
system_delay_us         0x1028'7121    0x56  Code  Gb  zf_driver_delay.o [49]
timer_ch                0x2808'07cb     0x1  Data  Lc  zf_driver_delay.o [49]
tsl1401_collect_pit_handler
                        0x1028'8361    0x68  Code  Gb  zf_device_tsl1401.o [48]
tsl1401_data            0x2808'07cc   0x200  Data  Gb  zf_device_tsl1401.o [48]
tsl1401_finish_flag     0x2808'0e8b     0x1  Data  Gb  zf_device_tsl1401.o [48]
tsl1401_init_state      0x2808'0e8a     0x1  Data  Lc  zf_device_tsl1401.o [48]
type_default_callback   0x1028'8f5d     0x2  Code  Lc  zf_device_type.o [48]
uart0_isr               0x1028'8213    0x40  Code  Gb  cm7_1_isr.o [45]
uart1_isr               0x1028'8253    0x42  Code  Gb  cm7_1_isr.o [45]
uart2_isr               0x1028'8295    0x40  Code  Gb  cm7_1_isr.o [45]
uart3_isr               0x1028'82d5    0x3c  Code  Gb  cm7_1_isr.o [45]
uart4_isr               0x1028'8311    0x42  Code  Gb  cm7_1_isr.o [45]
uart_context            0x2808'09cc   0x118  Data  Gb  zf_driver_uart.o [49]
uart_init               0x1028'4ecd   0x190  Code  Gb  zf_driver_uart.o [49]
uart_isr_func           0x2808'07a0    0x14  Data  Gb  zf_driver_uart.o [49]
uart_query_byte         0x1028'4c81    0x32  Code  Gb  zf_driver_uart.o [49]
uart_receiver_handler   0x2808'0740     0x4  Data  Gb  zf_device_type.o [48]
uart_rx_interrupt       0x1028'4dcf    0xfe  Code  Gb  zf_driver_uart.o [49]
uart_tx_interrupt       0x1028'4cb3   0x11c  Code  Gb  zf_driver_uart.o [49]
uart_write_buffer       0x1028'4c47    0x1e  Code  Gb  zf_driver_uart.o [49]
uart_write_byte         0x1028'4c1f    0x28  Code  Gb  zf_driver_uart.o [49]
uart_write_string       0x1028'4c65    0x1c  Code  Gb  zf_driver_uart.o [49]
user_callback           0x2808'0750     0x4  Data  Gb  zf_driver_ipc.o [49]
wireless_module_uart_handler
                        0x2808'073c     0x4  Data  Gb  zf_device_type.o [48]
zf_debug_assert_enable  0x2808'07ca     0x1  Data  Lc  zf_common_debug.o [46]
zf_debug_init_flag      0x2808'0e82     0x1  Data  Lc  zf_common_debug.o [46]


[1] = D:\IAR\IAR project\E01_gpio_demo-1\iar\Debug_m7_1\Obj\adc_11722776235721520015.dir
[2] = D:\IAR\IAR project\E01_gpio_demo-1\iar\Debug_m7_1\Obj\audioss_1346650047966882938.dir
[3] = D:\IAR\IAR project\E01_gpio_demo-1\iar\Debug_m7_1\Obj\button_4990804375159372270.dir
[4] = D:\IAR\IAR project\E01_gpio_demo-1\iar\Debug_m7_1\Obj\canfd_1800690984773873875.dir
[5] = D:\IAR\IAR project\E01_gpio_demo-1\iar\Debug_m7_1\Obj\code_17896468042025673432.dir
[6] = D:\IAR\IAR project\E01_gpio_demo-1\iar\Debug_m7_1\Obj\cpu_15938736945165268644.dir
[7] = D:\IAR\IAR project\E01_gpio_demo-1\iar\Debug_m7_1\Obj\crypto_1190170608956581615.dir
[8] = D:\IAR\IAR project\E01_gpio_demo-1\iar\Debug_m7_1\Obj\dma_12106025507578611576.dir
[9] = D:\IAR\IAR project\E01_gpio_demo-1\iar\Debug_m7_1\Obj\eth_phy_18133017486186456677.dir
[10] = D:\IAR\IAR project\E01_gpio_demo-1\iar\Debug_m7_1\Obj\ethernet_6029839089178797009.dir
[11] = D:\IAR\IAR project\E01_gpio_demo-1\iar\Debug_m7_1\Obj\evtgen_3404189088603873129.dir
[12] = D:\IAR\IAR project\E01_gpio_demo-1\iar\Debug_m7_1\Obj\flash_8529866181315662935.dir
[13] = D:\IAR\IAR project\E01_gpio_demo-1\iar\Debug_m7_1\Obj\flash_864493325053435817.dir
[14] = D:\IAR\IAR project\E01_gpio_demo-1\iar\Debug_m7_1\Obj\gpio_3999404635324069351.dir
[15] = D:\IAR\IAR project\E01_gpio_demo-1\iar\Debug_m7_1\Obj\ipc_10145506163450686023.dir
[16] = D:\IAR\IAR project\E01_gpio_demo-1\iar\Debug_m7_1\Obj\lin_18429031207028094880.dir
[17] = D:\IAR\IAR project\E01_gpio_demo-1\iar\Debug_m7_1\Obj\lvd_6353935867039560245.dir
[18] = D:\IAR\IAR project\E01_gpio_demo-1\iar\Debug_m7_1\Obj\mcwdt_4052485907822033969.dir
[19] = D:\IAR\IAR project\E01_gpio_demo-1\iar\Debug_m7_1\Obj\mpu_5663187252346826382.dir
[20] = D:\IAR\IAR project\E01_gpio_demo-1\iar\Debug_m7_1\Obj\power_14453085144426420577.dir
[21] = D:\IAR\IAR project\E01_gpio_demo-1\iar\Debug_m7_1\Obj\prot_10722960861768657883.dir
[22] = D:\IAR\IAR project\E01_gpio_demo-1\iar\Debug_m7_1\Obj\rev_b_4986922561640112550.dir
[23] = D:\IAR\IAR project\E01_gpio_demo-1\iar\Debug_m7_1\Obj\rev_b_6162237342861132223.dir
[24] = D:\IAR\IAR project\E01_gpio_demo-1\iar\Debug_m7_1\Obj\scb_15490842639181808494.dir
[25] = D:\IAR\IAR project\E01_gpio_demo-1\iar\Debug_m7_1\Obj\sd_host_2982766354293506895.dir
[26] = D:\IAR\IAR project\E01_gpio_demo-1\iar\Debug_m7_1\Obj\semihosting_143864889731838620.dir
[27] = D:\IAR\IAR project\E01_gpio_demo-1\iar\Debug_m7_1\Obj\smartio_5451710003740070188.dir
[28] = D:\IAR\IAR project\E01_gpio_demo-1\iar\Debug_m7_1\Obj\smif_427648126384146252.dir
[29] = D:\IAR\IAR project\E01_gpio_demo-1\iar\Debug_m7_1\Obj\smif_mem_6470536964353725183.dir
[30] = D:\IAR\IAR project\E01_gpio_demo-1\iar\Debug_m7_1\Obj\srom_13018798572330080582.dir
[31] = D:\IAR\IAR project\E01_gpio_demo-1\iar\Debug_m7_1\Obj\startup_479057977785470282.dir
[32] = D:\IAR\IAR project\E01_gpio_demo-1\iar\Debug_m7_1\Obj\sw_timer_4215635015939382130.dir
[33] = D:\IAR\IAR project\E01_gpio_demo-1\iar\Debug_m7_1\Obj\sysclk_16149231235676103872.dir
[34] = D:\IAR\IAR project\E01_gpio_demo-1\iar\Debug_m7_1\Obj\sysflt_12293435975120599261.dir
[35] = D:\IAR\IAR project\E01_gpio_demo-1\iar\Debug_m7_1\Obj\sysint_7435970359207984181.dir
[36] = D:\IAR\IAR project\E01_gpio_demo-1\iar\Debug_m7_1\Obj\syslib_16330585751512546975.dir
[37] = D:\IAR\IAR project\E01_gpio_demo-1\iar\Debug_m7_1\Obj\syspm_10887939769544754770.dir
[38] = D:\IAR\IAR project\E01_gpio_demo-1\iar\Debug_m7_1\Obj\sysreghc_17676636058511625587.dir
[39] = D:\IAR\IAR project\E01_gpio_demo-1\iar\Debug_m7_1\Obj\sysreset_14586141425677365288.dir
[40] = D:\IAR\IAR project\E01_gpio_demo-1\iar\Debug_m7_1\Obj\sysrtc_10747768817563771611.dir
[41] = D:\IAR\IAR project\E01_gpio_demo-1\iar\Debug_m7_1\Obj\systick_16016591671695740695.dir
[42] = D:\IAR\IAR project\E01_gpio_demo-1\iar\Debug_m7_1\Obj\syswdt_9118657615806274156.dir
[43] = D:\IAR\IAR project\E01_gpio_demo-1\iar\Debug_m7_1\Obj\tcpwm_422923530147891246.dir
[44] = D:\IAR\IAR project\E01_gpio_demo-1\iar\Debug_m7_1\Obj\trigmux_9729677290734583340.dir
[45] = D:\IAR\IAR project\E01_gpio_demo-1\iar\Debug_m7_1\Obj\user_8514941877209965082.dir
[46] = D:\IAR\IAR project\E01_gpio_demo-1\iar\Debug_m7_1\Obj\zf_common_1201165462030747823.dir
[47] = D:\IAR\IAR project\E01_gpio_demo-1\iar\Debug_m7_1\Obj\zf_components_14936052685886095442.dir
[48] = D:\IAR\IAR project\E01_gpio_demo-1\iar\Debug_m7_1\Obj\zf_device_6570275422786408770.dir
[49] = D:\IAR\IAR project\E01_gpio_demo-1\iar\Debug_m7_1\Obj\zf_driver_11922370083829174090.dir
[50] = dl7M_tln.a
[51] = m7M_tlv.a
[52] = rt7M_tl.a
[53] = shb_l.a
[54] = zf_device_config.a

  27'528 bytes of readonly  code memory
   9'358 bytes of readonly  data memory
  12'046 bytes of readwrite data memory

Errors: none
Warnings: none
