###############################################################################
#
# IAR ELF Linker V9.40.1.364/W64 for ARM                  21/Feb/2026  00:07:53
# Copyright 2007-2023 IAR Systems AB.
#
#    Output file  =
#        C:\Users\wangzuohao\Desktop\ASCº®¼Ù¼¯Ñµ\CYT4BB7_Library-master\Example\Coreboard_Demo\E01_gpio_demo-1\iar\project_config\Debug_m7_1\Exe\cyt4bb7_cm_7_1.out
#    Map file     =
#        C:\Users\wangzuohao\Desktop\ASCº®¼Ù¼¯Ñµ\CYT4BB7_Library-master\Example\Coreboard_Demo\E01_gpio_demo-1\iar\Debug_m7_1\List\cyt4bb7_cm_7_1.map
#    Command line =
#        -f
#        C:\Users\wangzuohao\Desktop\ASCº®¼Ù¼¯Ñµ\CYT4BB7_Library-master\Example\Coreboard_Demo\E01_gpio_demo-1\iar\project_config\Debug_m7_1\Exe\cyt4bb7_cm_7_1.out.rsp
#        (C:\Users\wangzuohao\Desktop\ASCº®¼Ù¼¯Ñµ\CYT4BB7_Library-master\Example\Coreboard_Demo\E01_gpio_demo-1\iar\Debug_m7_1\Obj\user_8514941877209965082.dir\cm7_1_isr.o
#        C:\Users\wangzuohao\Desktop\ASCº®¼Ù¼¯Ñµ\CYT4BB7_Library-master\Example\Coreboard_Demo\E01_gpio_demo-1\iar\Debug_m7_1\Obj\adc_11722776235721520015.dir\cy_adc.o
#        C:\Users\wangzuohao\Desktop\ASCº®¼Ù¼¯Ñµ\CYT4BB7_Library-master\Example\Coreboard_Demo\E01_gpio_demo-1\iar\Debug_m7_1\Obj\button_4990804375159372270.dir\cy_button.o
#        C:\Users\wangzuohao\Desktop\ASCº®¼Ù¼¯Ñµ\CYT4BB7_Library-master\Example\Coreboard_Demo\E01_gpio_demo-1\iar\Debug_m7_1\Obj\canfd_1800690984773873875.dir\cy_canfd.o
#        C:\Users\wangzuohao\Desktop\ASCº®¼Ù¼¯Ñµ\CYT4BB7_Library-master\Example\Coreboard_Demo\E01_gpio_demo-1\iar\Debug_m7_1\Obj\cpu_15938736945165268644.dir\cy_cpu.o
#        C:\Users\wangzuohao\Desktop\ASCº®¼Ù¼¯Ñµ\CYT4BB7_Library-master\Example\Coreboard_Demo\E01_gpio_demo-1\iar\Debug_m7_1\Obj\crypto_1190170608956581615.dir\cy_crypto_config.o
#        C:\Users\wangzuohao\Desktop\ASCº®¼Ù¼¯Ñµ\CYT4BB7_Library-master\Example\Coreboard_Demo\E01_gpio_demo-1\iar\Debug_m7_1\Obj\eth_phy_18133017486186456677.dir\cy_dp83867.o
#        C:\Users\wangzuohao\Desktop\ASCº®¼Ù¼¯Ñµ\CYT4BB7_Library-master\Example\Coreboard_Demo\E01_gpio_demo-1\iar\Debug_m7_1\Obj\ethernet_6029839089178797009.dir\cy_ethif.o
#        C:\Users\wangzuohao\Desktop\ASCº®¼Ù¼¯Ñµ\CYT4BB7_Library-master\Example\Coreboard_Demo\E01_gpio_demo-1\iar\Debug_m7_1\Obj\evtgen_3404189088603873129.dir\cy_evtgen.o
#        C:\Users\wangzuohao\Desktop\ASCº®¼Ù¼¯Ñµ\CYT4BB7_Library-master\Example\Coreboard_Demo\E01_gpio_demo-1\iar\Debug_m7_1\Obj\flash_8529866181315662935.dir\cy_flash.o
#        C:\Users\wangzuohao\Desktop\ASCº®¼Ù¼¯Ñµ\CYT4BB7_Library-master\Example\Coreboard_Demo\E01_gpio_demo-1\iar\Debug_m7_1\Obj\gpio_3999404635324069351.dir\cy_gpio.o
#        C:\Users\wangzuohao\Desktop\ASCº®¼Ù¼¯Ñµ\CYT4BB7_Library-master\Example\Coreboard_Demo\E01_gpio_demo-1\iar\Debug_m7_1\Obj\audioss_1346650047966882938.dir\cy_i2s.o
#        C:\Users\wangzuohao\Desktop\ASCº®¼Ù¼¯Ñµ\CYT4BB7_Library-master\Example\Coreboard_Demo\E01_gpio_demo-1\iar\Debug_m7_1\Obj\rev_b_6162237342861132223.dir\cy_interrupt_map.o
#        C:\Users\wangzuohao\Desktop\ASCº®¼Ù¼¯Ñµ\CYT4BB7_Library-master\Example\Coreboard_Demo\E01_gpio_demo-1\iar\Debug_m7_1\Obj\ipc_10145506163450686023.dir\cy_ipc_drv.o
#        C:\Users\wangzuohao\Desktop\ASCº®¼Ù¼¯Ñµ\CYT4BB7_Library-master\Example\Coreboard_Demo\E01_gpio_demo-1\iar\Debug_m7_1\Obj\ipc_10145506163450686023.dir\cy_ipc_pipe.o
#        C:\Users\wangzuohao\Desktop\ASCº®¼Ù¼¯Ñµ\CYT4BB7_Library-master\Example\Coreboard_Demo\E01_gpio_demo-1\iar\Debug_m7_1\Obj\ipc_10145506163450686023.dir\cy_ipc_sema.o
#        C:\Users\wangzuohao\Desktop\ASCº®¼Ù¼¯Ñµ\CYT4BB7_Library-master\Example\Coreboard_Demo\E01_gpio_demo-1\iar\Debug_m7_1\Obj\lin_18429031207028094880.dir\cy_lin.o
#        C:\Users\wangzuohao\Desktop\ASCº®¼Ù¼¯Ñµ\CYT4BB7_Library-master\Example\Coreboard_Demo\E01_gpio_demo-1\iar\Debug_m7_1\Obj\lvd_6353935867039560245.dir\cy_lvd.o
#        C:\Users\wangzuohao\Desktop\ASCº®¼Ù¼¯Ñµ\CYT4BB7_Library-master\Example\Coreboard_Demo\E01_gpio_demo-1\iar\Debug_m7_1\Obj\mcwdt_4052485907822033969.dir\cy_mcwdt.o
#        C:\Users\wangzuohao\Desktop\ASCº®¼Ù¼¯Ñµ\CYT4BB7_Library-master\Example\Coreboard_Demo\E01_gpio_demo-1\iar\Debug_m7_1\Obj\dma_12106025507578611576.dir\cy_mdma.o
#        C:\Users\wangzuohao\Desktop\ASCº®¼Ù¼¯Ñµ\CYT4BB7_Library-master\Example\Coreboard_Demo\E01_gpio_demo-1\iar\Debug_m7_1\Obj\mpu_5663187252346826382.dir\cy_mpu.o
#        C:\Users\wangzuohao\Desktop\ASCº®¼Ù¼¯Ñµ\CYT4BB7_Library-master\Example\Coreboard_Demo\E01_gpio_demo-1\iar\Debug_m7_1\Obj\flash_864493325053435817.dir\cy_mw_flash.o
#        C:\Users\wangzuohao\Desktop\ASCº®¼Ù¼¯Ñµ\CYT4BB7_Library-master\Example\Coreboard_Demo\E01_gpio_demo-1\iar\Debug_m7_1\Obj\dma_12106025507578611576.dir\cy_pdma.o
#        C:\Users\wangzuohao\Desktop\ASCº®¼Ù¼¯Ñµ\CYT4BB7_Library-master\Example\Coreboard_Demo\E01_gpio_demo-1\iar\Debug_m7_1\Obj\power_14453085144426420577.dir\cy_power.o
#        C:\Users\wangzuohao\Desktop\ASCº®¼Ù¼¯Ñµ\CYT4BB7_Library-master\Example\Coreboard_Demo\E01_gpio_demo-1\iar\Debug_m7_1\Obj\prot_10722960861768657883.dir\cy_prot.o
#        C:\Users\wangzuohao\Desktop\ASCº®¼Ù¼¯Ñµ\CYT4BB7_Library-master\Example\Coreboard_Demo\E01_gpio_demo-1\iar\Debug_m7_1\Obj\scb_15490842639181808494.dir\cy_scb_common.o
#        C:\Users\wangzuohao\Desktop\ASCº®¼Ù¼¯Ñµ\CYT4BB7_Library-master\Example\Coreboard_Demo\E01_gpio_demo-1\iar\Debug_m7_1\Obj\scb_15490842639181808494.dir\cy_scb_ezi2c.o
#        C:\Users\wangzuohao\Desktop\ASCº®¼Ù¼¯Ñµ\CYT4BB7_Library-master\Example\Coreboard_Demo\E01_gpio_demo-1\iar\Debug_m7_1\Obj\scb_15490842639181808494.dir\cy_scb_i2c.o
#        C:\Users\wangzuohao\Desktop\ASCº®¼Ù¼¯Ñµ\CYT4BB7_Library-master\Example\Coreboard_Demo\E01_gpio_demo-1\iar\Debug_m7_1\Obj\scb_15490842639181808494.dir\cy_scb_spi.o
#        C:\Users\wangzuohao\Desktop\ASCº®¼Ù¼¯Ñµ\CYT4BB7_Library-master\Example\Coreboard_Demo\E01_gpio_demo-1\iar\Debug_m7_1\Obj\scb_15490842639181808494.dir\cy_scb_uart.o
#        C:\Users\wangzuohao\Desktop\ASCº®¼Ù¼¯Ñµ\CYT4BB7_Library-master\Example\Coreboard_Demo\E01_gpio_demo-1\iar\Debug_m7_1\Obj\sd_host_2982766354293506895.dir\cy_sd_host.o
#        C:\Users\wangzuohao\Desktop\ASCº®¼Ù¼¯Ñµ\CYT4BB7_Library-master\Example\Coreboard_Demo\E01_gpio_demo-1\iar\Debug_m7_1\Obj\semihosting_143864889731838620.dir\cy_semihosting.o
#        C:\Users\wangzuohao\Desktop\ASCº®¼Ù¼¯Ñµ\CYT4BB7_Library-master\Example\Coreboard_Demo\E01_gpio_demo-1\iar\Debug_m7_1\Obj\smartio_5451710003740070188.dir\cy_smartio.o
#        C:\Users\wangzuohao\Desktop\ASCº®¼Ù¼¯Ñµ\CYT4BB7_Library-master\Example\Coreboard_Demo\E01_gpio_demo-1\iar\Debug_m7_1\Obj\smif_427648126384146252.dir\cy_smif.o
#        C:\Users\wangzuohao\Desktop\ASCº®¼Ù¼¯Ñµ\CYT4BB7_Library-master\Example\Coreboard_Demo\E01_gpio_demo-1\iar\Debug_m7_1\Obj\smif_mem_6470536964353725183.dir\cy_smif_device_common.o
#        C:\Users\wangzuohao\Desktop\ASCº®¼Ù¼¯Ñµ\CYT4BB7_Library-master\Example\Coreboard_Demo\E01_gpio_demo-1\iar\Debug_m7_1\Obj\smif_mem_6470536964353725183.dir\cy_smif_hb_flash.o
#        C:\Users\wangzuohao\Desktop\ASCº®¼Ù¼¯Ñµ\CYT4BB7_Library-master\Example\Coreboard_Demo\E01_gpio_demo-1\iar\Debug_m7_1\Obj\smif_427648126384146252.dir\cy_smif_memslot.o
#        C:\Users\wangzuohao\Desktop\ASCº®¼Ù¼¯Ñµ\CYT4BB7_Library-master\Example\Coreboard_Demo\E01_gpio_demo-1\iar\Debug_m7_1\Obj\smif_mem_6470536964353725183.dir\cy_smif_s25fl.o
#        C:\Users\wangzuohao\Desktop\ASCº®¼Ù¼¯Ñµ\CYT4BB7_Library-master\Example\Coreboard_Demo\E01_gpio_demo-1\iar\Debug_m7_1\Obj\smif_mem_6470536964353725183.dir\cy_smif_s25fs.o
#        C:\Users\wangzuohao\Desktop\ASCº®¼Ù¼¯Ñµ\CYT4BB7_Library-master\Example\Coreboard_Demo\E01_gpio_demo-1\iar\Debug_m7_1\Obj\smif_mem_6470536964353725183.dir\cy_smif_semp.o
#        C:\Users\wangzuohao\Desktop\ASCº®¼Ù¼¯Ñµ\CYT4BB7_Library-master\Example\Coreboard_Demo\E01_gpio_demo-1\iar\Debug_m7_1\Obj\smif_427648126384146252.dir\cy_smif_ver_specific.o
#        C:\Users\wangzuohao\Desktop\ASCº®¼Ù¼¯Ñµ\CYT4BB7_Library-master\Example\Coreboard_Demo\E01_gpio_demo-1\iar\Debug_m7_1\Obj\srom_13018798572330080582.dir\cy_srom.o
#        C:\Users\wangzuohao\Desktop\ASCº®¼Ù¼¯Ñµ\CYT4BB7_Library-master\Example\Coreboard_Demo\E01_gpio_demo-1\iar\Debug_m7_1\Obj\sw_timer_4215635015939382130.dir\cy_sw_tmr.o
#        C:\Users\wangzuohao\Desktop\ASCº®¼Ù¼¯Ñµ\CYT4BB7_Library-master\Example\Coreboard_Demo\E01_gpio_demo-1\iar\Debug_m7_1\Obj\sysclk_16149231235676103872.dir\cy_sysclk.o
#        C:\Users\wangzuohao\Desktop\ASCº®¼Ù¼¯Ñµ\CYT4BB7_Library-master\Example\Coreboard_Demo\E01_gpio_demo-1\iar\Debug_m7_1\Obj\sysflt_12293435975120599261.dir\cy_sysflt.o
#        C:\Users\wangzuohao\Desktop\ASCº®¼Ù¼¯Ñµ\CYT4BB7_Library-master\Example\Coreboard_Demo\E01_gpio_demo-1\iar\Debug_m7_1\Obj\sysint_7435970359207984181.dir\cy_sysint.o
#        C:\Users\wangzuohao\Desktop\ASCº®¼Ù¼¯Ñµ\CYT4BB7_Library-master\Example\Coreboard_Demo\E01_gpio_demo-1\iar\Debug_m7_1\Obj\syslib_16330585751512546975.dir\cy_syslib.o
#        C:\Users\wangzuohao\Desktop\ASCº®¼Ù¼¯Ñµ\CYT4BB7_Library-master\Example\Coreboard_Demo\E01_gpio_demo-1\iar\Debug_m7_1\Obj\syslib_16330585751512546975.dir\cy_syslib_iar.o
#        C:\Users\wangzuohao\Desktop\ASCº®¼Ù¼¯Ñµ\CYT4BB7_Library-master\Example\Coreboard_Demo\E01_gpio_demo-1\iar\Debug_m7_1\Obj\syspm_10887939769544754770.dir\cy_syspm.o
#        C:\Users\wangzuohao\Desktop\ASCº®¼Ù¼¯Ñµ\CYT4BB7_Library-master\Example\Coreboard_Demo\E01_gpio_demo-1\iar\Debug_m7_1\Obj\sysreghc_17676636058511625587.dir\cy_sysreghc.o
#        C:\Users\wangzuohao\Desktop\ASCº®¼Ù¼¯Ñµ\CYT4BB7_Library-master\Example\Coreboard_Demo\E01_gpio_demo-1\iar\Debug_m7_1\Obj\sysreset_14586141425677365288.dir\cy_sysreset.o
#        C:\Users\wangzuohao\Desktop\ASCº®¼Ù¼¯Ñµ\CYT4BB7_Library-master\Example\Coreboard_Demo\E01_gpio_demo-1\iar\Debug_m7_1\Obj\sysrtc_10747768817563771611.dir\cy_sysrtc.o
#        C:\Users\wangzuohao\Desktop\ASCº®¼Ù¼¯Ñµ\CYT4BB7_Library-master\Example\Coreboard_Demo\E01_gpio_demo-1\iar\Debug_m7_1\Obj\systick_16016591671695740695.dir\cy_systick.o
#        C:\Users\wangzuohao\Desktop\ASCº®¼Ù¼¯Ñµ\CYT4BB7_Library-master\Example\Coreboard_Demo\E01_gpio_demo-1\iar\Debug_m7_1\Obj\syswdt_9118657615806274156.dir\cy_syswdt.o
#        C:\Users\wangzuohao\Desktop\ASCº®¼Ù¼¯Ñµ\CYT4BB7_Library-master\Example\Coreboard_Demo\E01_gpio_demo-1\iar\Debug_m7_1\Obj\tcpwm_422923530147891246.dir\cy_tcpwm.o
#        C:\Users\wangzuohao\Desktop\ASCº®¼Ù¼¯Ñµ\CYT4BB7_Library-master\Example\Coreboard_Demo\E01_gpio_demo-1\iar\Debug_m7_1\Obj\tcpwm_422923530147891246.dir\cy_tcpwm_counter.o
#        C:\Users\wangzuohao\Desktop\ASCº®¼Ù¼¯Ñµ\CYT4BB7_Library-master\Example\Coreboard_Demo\E01_gpio_demo-1\iar\Debug_m7_1\Obj\tcpwm_422923530147891246.dir\cy_tcpwm_pwm.o
#        C:\Users\wangzuohao\Desktop\ASCº®¼Ù¼¯Ñµ\CYT4BB7_Library-master\Example\Coreboard_Demo\E01_gpio_demo-1\iar\Debug_m7_1\Obj\tcpwm_422923530147891246.dir\cy_tcpwm_quaddec.o
#        C:\Users\wangzuohao\Desktop\ASCº®¼Ù¼¯Ñµ\CYT4BB7_Library-master\Example\Coreboard_Demo\E01_gpio_demo-1\iar\Debug_m7_1\Obj\tcpwm_422923530147891246.dir\cy_tcpwm_sr.o
#        C:\Users\wangzuohao\Desktop\ASCº®¼Ù¼¯Ñµ\CYT4BB7_Library-master\Example\Coreboard_Demo\E01_gpio_demo-1\iar\Debug_m7_1\Obj\trigmux_9729677290734583340.dir\cy_trigmux.o
#        C:\Users\wangzuohao\Desktop\ASCº®¼Ù¼¯Ñµ\CYT4BB7_Library-master\Example\Coreboard_Demo\E01_gpio_demo-1\iar\Debug_m7_1\Obj\ethernet_6029839089178797009.dir\edd.o
#        C:\Users\wangzuohao\Desktop\ASCº®¼Ù¼¯Ñµ\CYT4BB7_Library-master\Example\Coreboard_Demo\E01_gpio_demo-1\iar\Debug_m7_1\Obj\ethernet_6029839089178797009.dir\edd_rx.o
#        C:\Users\wangzuohao\Desktop\ASCº®¼Ù¼¯Ñµ\CYT4BB7_Library-master\Example\Coreboard_Demo\E01_gpio_demo-1\iar\Debug_m7_1\Obj\ethernet_6029839089178797009.dir\edd_tx.o
#        C:\Users\wangzuohao\Desktop\ASCº®¼Ù¼¯Ñµ\CYT4BB7_Library-master\Example\Coreboard_Demo\E01_gpio_demo-1\iar\Debug_m7_1\Obj\code_17896468042025673432.dir\KF.o
#        C:\Users\wangzuohao\Desktop\ASCº®¼Ù¼¯Ñµ\CYT4BB7_Library-master\Example\Coreboard_Demo\E01_gpio_demo-1\iar\Debug_m7_1\Obj\code_17896468042025673432.dir\Madgwick.o
#        C:\Users\wangzuohao\Desktop\ASCº®¼Ù¼¯Ñµ\CYT4BB7_Library-master\Example\Coreboard_Demo\E01_gpio_demo-1\iar\Debug_m7_1\Obj\user_8514941877209965082.dir\main_cm7_1.o
#        C:\Users\wangzuohao\Desktop\ASCº®¼Ù¼¯Ñµ\CYT4BB7_Library-master\Example\Coreboard_Demo\E01_gpio_demo-1\iar\Debug_m7_1\Obj\code_17896468042025673432.dir\PID.o
#        C:\Users\wangzuohao\Desktop\ASCº®¼Ù¼¯Ñµ\CYT4BB7_Library-master\Example\Coreboard_Demo\E01_gpio_demo-1\iar\Debug_m7_1\Obj\zf_components_14936052685886095442.dir\seekfree_assistant.o
#        C:\Users\wangzuohao\Desktop\ASCº®¼Ù¼¯Ñµ\CYT4BB7_Library-master\Example\Coreboard_Demo\E01_gpio_demo-1\iar\Debug_m7_1\Obj\zf_components_14936052685886095442.dir\seekfree_assistant_interface.o
#        C:\Users\wangzuohao\Desktop\ASCº®¼Ù¼¯Ñµ\CYT4BB7_Library-master\Example\Coreboard_Demo\E01_gpio_demo-1\iar\Debug_m7_1\Obj\startup_479057977785470282.dir\startup.o
#        C:\Users\wangzuohao\Desktop\ASCº®¼Ù¼¯Ñµ\CYT4BB7_Library-master\Example\Coreboard_Demo\E01_gpio_demo-1\iar\Debug_m7_1\Obj\startup_479057977785470282.dir\startup_cm7.o
#        C:\Users\wangzuohao\Desktop\ASCº®¼Ù¼¯Ñµ\CYT4BB7_Library-master\Example\Coreboard_Demo\E01_gpio_demo-1\iar\Debug_m7_1\Obj\rev_b_4986922561640112550.dir\system_tviibh4m_cm7.o
#        C:\Users\wangzuohao\Desktop\ASCº®¼Ù¼¯Ñµ\CYT4BB7_Library-master\Example\Coreboard_Demo\E01_gpio_demo-1\iar\Debug_m7_1\Obj\zf_common_1201165462030747823.dir\zf_common_clock.o
#        C:\Users\wangzuohao\Desktop\ASCº®¼Ù¼¯Ñµ\CYT4BB7_Library-master\Example\Coreboard_Demo\E01_gpio_demo-1\iar\Debug_m7_1\Obj\zf_common_1201165462030747823.dir\zf_common_debug.o
#        C:\Users\wangzuohao\Desktop\ASCº®¼Ù¼¯Ñµ\CYT4BB7_Library-master\Example\Coreboard_Demo\E01_gpio_demo-1\iar\Debug_m7_1\Obj\zf_common_1201165462030747823.dir\zf_common_fifo.o
#        C:\Users\wangzuohao\Desktop\ASCº®¼Ù¼¯Ñµ\CYT4BB7_Library-master\Example\Coreboard_Demo\E01_gpio_demo-1\iar\Debug_m7_1\Obj\zf_common_1201165462030747823.dir\zf_common_font.o
#        C:\Users\wangzuohao\Desktop\ASCº®¼Ù¼¯Ñµ\CYT4BB7_Library-master\Example\Coreboard_Demo\E01_gpio_demo-1\iar\Debug_m7_1\Obj\zf_common_1201165462030747823.dir\zf_common_function.o
#        C:\Users\wangzuohao\Desktop\ASCº®¼Ù¼¯Ñµ\CYT4BB7_Library-master\Example\Coreboard_Demo\E01_gpio_demo-1\iar\Debug_m7_1\Obj\zf_common_1201165462030747823.dir\zf_common_interrupt.o
#        C:\Users\wangzuohao\Desktop\ASCº®¼Ù¼¯Ñµ\CYT4BB7_Library-master\Example\Coreboard_Demo\E01_gpio_demo-1\iar\Debug_m7_1\Obj\zf_device_6570275422786408770.dir\zf_device_ble6a20.o
#        C:\Users\wangzuohao\Desktop\ASCº®¼Ù¼¯Ñµ\CYT4BB7_Library-master\Example\Coreboard_Demo\E01_gpio_demo-1\iar\Debug_m7_1\Obj\zf_device_6570275422786408770.dir\zf_device_dl1a.o
#        C:\Users\wangzuohao\Desktop\ASCº®¼Ù¼¯Ñµ\CYT4BB7_Library-master\Example\Coreboard_Demo\E01_gpio_demo-1\iar\Debug_m7_1\Obj\zf_device_6570275422786408770.dir\zf_device_dl1b.o
#        C:\Users\wangzuohao\Desktop\ASCº®¼Ù¼¯Ñµ\CYT4BB7_Library-master\Example\Coreboard_Demo\E01_gpio_demo-1\iar\Debug_m7_1\Obj\zf_device_6570275422786408770.dir\zf_device_gnss.o
#        C:\Users\wangzuohao\Desktop\ASCº®¼Ù¼¯Ñµ\CYT4BB7_Library-master\Example\Coreboard_Demo\E01_gpio_demo-1\iar\Debug_m7_1\Obj\zf_device_6570275422786408770.dir\zf_device_icm20602.o
#        C:\Users\wangzuohao\Desktop\ASCº®¼Ù¼¯Ñµ\CYT4BB7_Library-master\Example\Coreboard_Demo\E01_gpio_demo-1\iar\Debug_m7_1\Obj\zf_device_6570275422786408770.dir\zf_device_imu660ra.o
#        C:\Users\wangzuohao\Desktop\ASCº®¼Ù¼¯Ñµ\CYT4BB7_Library-master\Example\Coreboard_Demo\E01_gpio_demo-1\iar\Debug_m7_1\Obj\zf_device_6570275422786408770.dir\zf_device_imu660rb.o
#        C:\Users\wangzuohao\Desktop\ASCº®¼Ù¼¯Ñµ\CYT4BB7_Library-master\Example\Coreboard_Demo\E01_gpio_demo-1\iar\Debug_m7_1\Obj\zf_device_6570275422786408770.dir\zf_device_imu963ra.o
#        C:\Users\wangzuohao\Desktop\ASCº®¼Ù¼¯Ñµ\CYT4BB7_Library-master\Example\Coreboard_Demo\E01_gpio_demo-1\iar\Debug_m7_1\Obj\zf_device_6570275422786408770.dir\zf_device_ips114.o
#        C:\Users\wangzuohao\Desktop\ASCº®¼Ù¼¯Ñµ\CYT4BB7_Library-master\Example\Coreboard_Demo\E01_gpio_demo-1\iar\Debug_m7_1\Obj\zf_device_6570275422786408770.dir\zf_device_ips200.o
#        C:\Users\wangzuohao\Desktop\ASCº®¼Ù¼¯Ñµ\CYT4BB7_Library-master\Example\Coreboard_Demo\E01_gpio_demo-1\iar\Debug_m7_1\Obj\zf_device_6570275422786408770.dir\zf_device_ips200pro.o
#        C:\Users\wangzuohao\Desktop\ASCº®¼Ù¼¯Ñµ\CYT4BB7_Library-master\Example\Coreboard_Demo\E01_gpio_demo-1\iar\Debug_m7_1\Obj\zf_device_6570275422786408770.dir\zf_device_key.o
#        C:\Users\wangzuohao\Desktop\ASCº®¼Ù¼¯Ñµ\CYT4BB7_Library-master\Example\Coreboard_Demo\E01_gpio_demo-1\iar\Debug_m7_1\Obj\zf_device_6570275422786408770.dir\zf_device_mt9v03x.o
#        C:\Users\wangzuohao\Desktop\ASCº®¼Ù¼¯Ñµ\CYT4BB7_Library-master\Example\Coreboard_Demo\E01_gpio_demo-1\iar\Debug_m7_1\Obj\zf_device_6570275422786408770.dir\zf_device_oled.o
#        C:\Users\wangzuohao\Desktop\ASCº®¼Ù¼¯Ñµ\CYT4BB7_Library-master\Example\Coreboard_Demo\E01_gpio_demo-1\iar\Debug_m7_1\Obj\zf_device_6570275422786408770.dir\zf_device_tft180.o
#        C:\Users\wangzuohao\Desktop\ASCº®¼Ù¼¯Ñµ\CYT4BB7_Library-master\Example\Coreboard_Demo\E01_gpio_demo-1\iar\Debug_m7_1\Obj\zf_device_6570275422786408770.dir\zf_device_tsl1401.o
#        C:\Users\wangzuohao\Desktop\ASCº®¼Ù¼¯Ñµ\CYT4BB7_Library-master\Example\Coreboard_Demo\E01_gpio_demo-1\iar\Debug_m7_1\Obj\zf_device_6570275422786408770.dir\zf_device_type.o
#        C:\Users\wangzuohao\Desktop\ASCº®¼Ù¼¯Ñµ\CYT4BB7_Library-master\Example\Coreboard_Demo\E01_gpio_demo-1\iar\Debug_m7_1\Obj\zf_device_6570275422786408770.dir\zf_device_wifi_spi.o
#        C:\Users\wangzuohao\Desktop\ASCº®¼Ù¼¯Ñµ\CYT4BB7_Library-master\Example\Coreboard_Demo\E01_gpio_demo-1\iar\Debug_m7_1\Obj\zf_device_6570275422786408770.dir\zf_device_wifi_uart.o
#        C:\Users\wangzuohao\Desktop\ASCº®¼Ù¼¯Ñµ\CYT4BB7_Library-master\Example\Coreboard_Demo\E01_gpio_demo-1\iar\Debug_m7_1\Obj\zf_device_6570275422786408770.dir\zf_device_wireless_uart.o
#        C:\Users\wangzuohao\Desktop\ASCº®¼Ù¼¯Ñµ\CYT4BB7_Library-master\Example\Coreboard_Demo\E01_gpio_demo-1\iar\Debug_m7_1\Obj\zf_driver_11922370083829174090.dir\zf_driver_adc.o
#        C:\Users\wangzuohao\Desktop\ASCº®¼Ù¼¯Ñµ\CYT4BB7_Library-master\Example\Coreboard_Demo\E01_gpio_demo-1\iar\Debug_m7_1\Obj\zf_driver_11922370083829174090.dir\zf_driver_delay.o
#        C:\Users\wangzuohao\Desktop\ASCº®¼Ù¼¯Ñµ\CYT4BB7_Library-master\Example\Coreboard_Demo\E01_gpio_demo-1\iar\Debug_m7_1\Obj\zf_driver_11922370083829174090.dir\zf_driver_dma.o
#        C:\Users\wangzuohao\Desktop\ASCº®¼Ù¼¯Ñµ\CYT4BB7_Library-master\Example\Coreboard_Demo\E01_gpio_demo-1\iar\Debug_m7_1\Obj\zf_driver_11922370083829174090.dir\zf_driver_encoder.o
#        C:\Users\wangzuohao\Desktop\ASCº®¼Ù¼¯Ñµ\CYT4BB7_Library-master\Example\Coreboard_Demo\E01_gpio_demo-1\iar\Debug_m7_1\Obj\zf_driver_11922370083829174090.dir\zf_driver_exti.o
#        C:\Users\wangzuohao\Desktop\ASCº®¼Ù¼¯Ñµ\CYT4BB7_Library-master\Example\Coreboard_Demo\E01_gpio_demo-1\iar\Debug_m7_1\Obj\zf_driver_11922370083829174090.dir\zf_driver_flash.o
#        C:\Users\wangzuohao\Desktop\ASCº®¼Ù¼¯Ñµ\CYT4BB7_Library-master\Example\Coreboard_Demo\E01_gpio_demo-1\iar\Debug_m7_1\Obj\zf_driver_11922370083829174090.dir\zf_driver_gpio.o
#        C:\Users\wangzuohao\Desktop\ASCº®¼Ù¼¯Ñµ\CYT4BB7_Library-master\Example\Coreboard_Demo\E01_gpio_demo-1\iar\Debug_m7_1\Obj\zf_driver_11922370083829174090.dir\zf_driver_ipc.o
#        C:\Users\wangzuohao\Desktop\ASCº®¼Ù¼¯Ñµ\CYT4BB7_Library-master\Example\Coreboard_Demo\E01_gpio_demo-1\iar\Debug_m7_1\Obj\zf_driver_11922370083829174090.dir\zf_driver_pit.o
#        C:\Users\wangzuohao\Desktop\ASCº®¼Ù¼¯Ñµ\CYT4BB7_Library-master\Example\Coreboard_Demo\E01_gpio_demo-1\iar\Debug_m7_1\Obj\zf_driver_11922370083829174090.dir\zf_driver_pwm.o
#        C:\Users\wangzuohao\Desktop\ASCº®¼Ù¼¯Ñµ\CYT4BB7_Library-master\Example\Coreboard_Demo\E01_gpio_demo-1\iar\Debug_m7_1\Obj\zf_driver_11922370083829174090.dir\zf_driver_soft_iic.o
#        C:\Users\wangzuohao\Desktop\ASCº®¼Ù¼¯Ñµ\CYT4BB7_Library-master\Example\Coreboard_Demo\E01_gpio_demo-1\iar\Debug_m7_1\Obj\zf_driver_11922370083829174090.dir\zf_driver_soft_spi.o
#        C:\Users\wangzuohao\Desktop\ASCº®¼Ù¼¯Ñµ\CYT4BB7_Library-master\Example\Coreboard_Demo\E01_gpio_demo-1\iar\Debug_m7_1\Obj\zf_driver_11922370083829174090.dir\zf_driver_spi.o
#        C:\Users\wangzuohao\Desktop\ASCº®¼Ù¼¯Ñµ\CYT4BB7_Library-master\Example\Coreboard_Demo\E01_gpio_demo-1\iar\Debug_m7_1\Obj\zf_driver_11922370083829174090.dir\zf_driver_timer.o
#        C:\Users\wangzuohao\Desktop\ASCº®¼Ù¼¯Ñµ\CYT4BB7_Library-master\Example\Coreboard_Demo\E01_gpio_demo-1\iar\Debug_m7_1\Obj\zf_driver_11922370083829174090.dir\zf_driver_uart.o
#        --no_out_extension -o
#        C:\Users\wangzuohao\Desktop\ASCº®¼Ù¼¯Ñµ\CYT4BB7_Library-master\Example\Coreboard_Demo\E01_gpio_demo-1\iar\project_config\Debug_m7_1\Exe\cyt4bb7_cm_7_1.out
#        --config_def _CORE_cm7_1_=0 --config_def _LINK_flash_=0 --map
#        C:\Users\wangzuohao\Desktop\ASCº®¼Ù¼¯Ñµ\CYT4BB7_Library-master\Example\Coreboard_Demo\E01_gpio_demo-1\iar\Debug_m7_1\List\cyt4bb7_cm_7_1.map
#        --config
#        C:\Users\wangzuohao\Desktop\ASCº®¼Ù¼¯Ñµ\CYT4BB7_Library-master\Example\Coreboard_Demo\E01_gpio_demo-1\iar\project_config\..\icf\linker_directives_tviibh.icf
#        --semihosting
#        C:\Users\wangzuohao\Desktop\ASCº®¼Ù¼¯Ñµ\CYT4BB7_Library-master\Example\Coreboard_Demo\E01_gpio_demo-1\iar\project_config\..\..\..\libraries\sdk\tviibh4m\src\drivers\crypto\libs\libcrypto_server_cm0plus_iar.a
#        C:\Users\wangzuohao\Desktop\ASCº®¼Ù¼¯Ñµ\CYT4BB7_Library-master\Example\Coreboard_Demo\E01_gpio_demo-1\iar\project_config\..\..\..\libraries\zf_device\zf_device_config.a
#        C:\Users\wangzuohao\Desktop\ASCº®¼Ù¼¯Ñµ\CYT4BB7_Library-master\Example\Coreboard_Demo\E01_gpio_demo-1\iar\project_config\..\..\..\libraries\sdk\common\hdr\cmsis\dsp\iar_cortexM7lf_math.a
#        --entry __iar_program_start --vfe --text_out locale --cpu=Cortex-M7
#        --fpu=VFPv5_d16) --dependencies=n
#        C:\Users\wangzuohao\Desktop\ASCº®¼Ù¼¯Ñµ\CYT4BB7_Library-master\Example\Coreboard_Demo\E01_gpio_demo-1\iar\project_config\Debug_m7_1\Exe\cyt4bb7_cm_7_1.out.iar_deps
#
###############################################################################

*******************************************************************************
*** RUNTIME MODEL ATTRIBUTES
***

CppFlavor       = *
__CPP_Runtime   = 1
__Heap_Handler  = Basic
__SystemLibrary = DLib
__dlib_version  = 6


*******************************************************************************
*** HEAP SELECTION
***

The basic heap was selected because --advanced_heap
was not specified and the application did not appear to
be primarily optimized for speed.


*******************************************************************************
*** PLACEMENT SUMMARY
***

"A0":  place at start of [from 0x1028'0000 to 0x1040'ffff] { section .intvec };
"P1":  place in [from 0x1028'0000 to 0x1040'ffff] { ro };
"P2":  place in [from 0x2808'0000 to 0x280b'ffff] { rw };
define block HEAP with size = 1K, alignment = 8 { };
define block CSTACK with size = 8K, alignment = 8 { };
define block HEAP_STACK { block HEAP, last block CSTACK };
"A1":  place at end of [from 0x2808'0000 to 0x280b'ffff] { block HEAP_STACK };
do not initialize { section .intvec_ram };
initialize by copy { rw };

No sections matched the following patterns:

  ro section .sflash_app_prot  in "P6"
  ro section .sflash_nar       in "P4"
  ro section .sflash_pkey      in "P5"
  ro section .sflash_toc2      in "P7"
  ro section .sflash_uf_rows   in "P3"
  ro section .work_flash       in "P8"
  section .global_ram_data     in "P9"


  Section            Kind         Address    Size  Object
  -------            ----         -------    ----  ------
"A0":                                        0x80
  .intvec            ro code  0x1028'0000    0x80  startup_cm7.o [31]
                            - 0x1028'0080    0x80

"P1":                                      0x928b
  .rodata            const    0x1028'0080  0x2000  zf_device_config.o [54]
  .text              ro code  0x1028'2080   0xeae  xprintffull_nomb.o [50]
  .text              ro code  0x1028'2f2e    0x7e  lz77_init_single.o [52]
  .text              ro code  0x1028'2fac    0x16  strchr.o [52]
  .text              ro code  0x1028'2fc2     0xa  xsprout.o [50]
  .text              ro code  0x1028'2fcc    0x40  xfail_s.o [50]
  .text              ro code  0x1028'300c    0x36  strlen.o [52]
  .text              ro code  0x1028'3044    0x58  memchr.o [52]
  .text              ro code  0x1028'309c    0xa6  ABImemcpy.o [52]
  .text              ro code  0x1028'3144    0x70  frexp.o [51]
  .text              ro code  0x1028'31b4    0x34  DblCmpLe.o [51]
  .text              ro code  0x1028'31e8    0x34  DblCmpGe.o [51]
  .text              ro code  0x1028'321c   0x104  ldexp.o [51]
  .text              ro code  0x1028'3320     0xe  DblToS32.o [51]
  .text              ro code  0x1028'332e     0xe  S32ToDbl.o [51]
  .text              ro code  0x1028'333c    0x12  DblSub.o [51]
  .text              ro code  0x1028'334e    0x12  DblDiv.o [51]
  .text              ro code  0x1028'3360     0xe  DblToU32.o [51]
  .text              ro code  0x1028'336e     0xe  U32ToDbl.o [51]
  .text              ro code  0x1028'337c    0x12  DblMul.o [51]
  .text              ro code  0x1028'3390   0x230  I64DivMod.o [52]
  .text              ro code  0x1028'35c0     0x6  abort.o [50]
  .text              ro code  0x1028'35c8     0x2  I64DivZer.o [52]
  .text              ro code  0x1028'35cc    0x14  exit.o [53]
  .text              ro code  0x1028'35e0   0xa5c  zf_driver_spi.o [49]
  .text              ro code  0x1028'403c    0x66  ABImemset.o [52]
  .text              ro code  0x1028'40a4   0x454  zf_common_debug.o [46]
  .text              ro code  0x1028'44f8   0x194  cy_gpio.o [14]
  .text              ro code  0x1028'468c   0x1f0  cy_scb_spi.o [24]
  .text              ro code  0x1028'487c   0x828  zf_driver_uart.o [49]
  .text              ro code  0x1028'50a4    0x40  sprintf.o [50]
  .text              ro code  0x1028'50e4   0x448  zf_common_fifo.o [46]
  .text              ro code  0x1028'552c    0xe2  zf_common_interrupt.o [46]
  .text              ro code  0x1028'5610     0x6  ABImemclr4.o [52]
  .text              ro code  0x1028'5618   0x314  cy_scb_uart.o [24]
  .text              ro code  0x1028'592c    0x20  zf_driver_pwm.o [49]
  .text              ro code  0x1028'594c    0xac  cy_sysint.o [35]
  .text              ro code  0x1028'59f8    0x32  ABImemset48.o [52]
  .text              ro code  0x1028'5a2c   0x8e8  cy_sysclk.o [33]
  .text              ro code  0x1028'6314    0x70  strncpy.o [52]
  .text              ro code  0x1028'6384    0xa8  cy_syslib.o [36]
  .text              ro code  0x1028'642c     0x2  cy_syslib.o [36]
  .text              ro code  0x1028'6430   0x520  main_cm7_1.o [45]
  .text              ro code  0x1028'6950    0x28  printf.o [50]
  .text              ro code  0x1028'6978    0x1c  zf_common_clock.o [46]
  .text              ro code  0x1028'6994   0x10c  zf_driver_ipc.o [49]
  .text              ro code  0x1028'6aa0   0x110  zf_driver_gpio.o [49]
  .text              ro code  0x1028'6bb0   0x404  zf_driver_pit.o [49]
  .text              ro code  0x1028'6fb4   0x258  zf_device_imu660ra.o [48]
  .text              ro code  0x1028'720c   0x408  Madgwick.o [5]
  .text              ro code  0x1028'7614    0x3e  KF.o [5]
  .text              ro code  0x1028'7654   0x150  system_tviibh4m_cm7.o [22]
  .text              ro code  0x1028'77a4   0x2d8  zf_driver_delay.o [49]
  .text              ro code  0x1028'7a7c   0x304  cy_ipc_pipe.o [15]
  .text              ro code  0x1028'7d80   0x1ae  cy_tcpwm_counter.o [43]
  .text              ro code  0x1028'7f2e     0xc  cy_tcpwm.o [43]
  .text              ro code  0x1028'7f3c    0x1e  sqrt.o [51]
  .text              ro code  0x1028'7f5c    0x6a  atan2f.o [51]
  .text              ro code  0x1028'7fc8    0x5c  asinf.o [51]
  .text              ro code  0x1028'8024     0x8  startup_cm7.o [31]
  .text              ro code  0x1028'802c     0x6  startup_cm7.o [31]
  .text              ro code  0x1028'8034    0x70  cy_ipc_drv.o [15]
  .text              ro code  0x1028'80a4    0xa4  xatanf.o [51]
  .text              ro code  0x1028'8148   0x210  cm7_1_isr.o [45]
  .text              ro code  0x1028'8358    0x7c  zf_device_tsl1401.o [48]
  .text              ro code  0x1028'83d4   0x114  zf_device_gnss.o [48]
  .text              ro code  0x1028'84e8    0x74  zf_driver_adc.o [49]
  .text              ro code  0x1028'855c    0x2a  strncmp.o [50]
  .text              ro code  0x1028'8588   0x204  startup.o [31]
  .text              ro code  0x1028'878c   0x198  cy_interrupt_map.o [23]
  .text              ro code  0x1028'8924    0xb0  startup_cm7.o [31]
  .rodata            const    0x1028'89d4    0x94  system_tviibh4m_cm7.o [22]
  .rodata            const    0x1028'8a68    0x90  cy_sysclk.o [33]
  .rodata            const    0x1028'8af8    0x90  cy_sysclk.o [33]
  .rodata            const    0x1028'8b88    0x8c  cy_ipc_pipe.o [15]
  .rodata            const    0x1028'8c14    0x84  zf_device_imu660ra.o [48]
  .rodata            const    0x1028'8c98    0x80  zf_common_fifo.o [46]
  .rodata            const    0x1028'8d18    0x80  zf_driver_spi.o [49]
  .rodata            const    0x1028'8d98    0x80  zf_driver_uart.o [49]
  .text              ro code  0x1028'8e18    0x38  zero_init3.o [52]
  .text              ro code  0x1028'8e50    0x28  data_init.o [52]
  .text              ro code  0x1028'8e78    0x22  fpinit_M.o [51]
  .iar.init_table    const    0x1028'8e9c    0x20  - Linker created -
  .text              ro code  0x1028'8ebc    0x20  startup_cm7.o [31]
  .text              ro code  0x1028'8edc    0x20  putchar.o [50]
  .text              ro code  0x1028'8f00    0x1e  cy_syslib_iar.o [36]
  .text              ro code  0x1028'8f20    0x1e  cmain.o [52]
  .text              ro code  0x1028'8f40     0x4  startup_cm7.o [31]
  .text              ro code  0x1028'8f44     0x4  exit.o [50]
  .text              ro code  0x1028'8f48     0xa  cexit.o [52]
  .rodata            const    0x1028'8f54    0x1c  zf_common_debug.o [46]
  .rodata            const    0x1028'8f70    0x1c  zf_device_imu660ra.o [48]
  .text              ro code  0x1028'8f8c    0x1c  startup_cm7.o [31]
  .text              ro code  0x1028'8fa8    0x1c  cstartup_M.o [52]
  .rodata            const    0x1028'8fc4    0x18  main_cm7_1.o [45]
  .rodata            const    0x1028'8fdc    0x18  main_cm7_1.o [45]
  .rodata            const    0x1028'8ff4    0x18  startup.o [31]
  .rodata            const    0x1028'900c    0x18  system_tviibh4m_cm7.o [22]
  .rodata            const    0x1028'9024    0x18  zf_common_debug.o [46]
  .rodata            const    0x1028'903c    0x18  zf_device_imu660ra.o [48]
  .text              ro code  0x1028'9054    0x16  xprout.o [50]
  .rodata            const    0x1028'906c    0x10  zf_common_debug.o [46]
  .rodata            const    0x1028'907c    0x10  zf_common_debug.o [46]
  .rodata            const    0x1028'908c     0xc  zf_common_debug.o [46]
  .rodata            const    0x1028'9098     0xc  zf_common_debug.o [46]
  .rodata            const    0x1028'90a4     0xc  zf_common_debug.o [46]
  .rodata            const    0x1028'90b0     0xc  zf_driver_ipc.o [49]
  .text              ro code  0x1028'90bc     0xc  cy_syslib.o [36]
  .rodata            const    0x1028'90c8     0x8  cy_sysclk.o [33]
  .rodata            const    0x1028'90d0     0x4  cy_interrupt_map.o [23]
  .rodata            const    0x1028'90d4     0x4  cy_interrupt_map.o [23]
  .rodata            const    0x1028'90d8     0x4  cy_interrupt_map.o [23]
  .rodata            const    0x1028'90dc     0x4  cy_interrupt_map.o [23]
  .rodata            const    0x1028'90e0     0x4  cy_interrupt_map.o [23]
  .rodata            const    0x1028'90e4     0x4  cy_interrupt_map.o [23]
  .rodata            const    0x1028'90e8     0x4  cy_interrupt_map.o [23]
  .rodata            const    0x1028'90ec     0x4  cy_interrupt_map.o [23]
  .rodata            const    0x1028'90f0     0x4  cy_ipc_drv.o [15]
  .rodata            const    0x1028'90f4     0x4  cy_ipc_pipe.o [15]
  .rodata            const    0x1028'90f8     0x4  cy_ipc_pipe.o [15]
  .rodata            const    0x1028'90fc     0x4  cy_scb_spi.o [24]
  .rodata            const    0x1028'9100     0x4  cy_scb_spi.o [24]
  .rodata            const    0x1028'9104     0x4  cy_scb_spi.o [24]
  .rodata            const    0x1028'9108     0x4  cy_scb_spi.o [24]
  .rodata            const    0x1028'910c     0x4  cy_scb_uart.o [24]
  .rodata            const    0x1028'9110     0x4  cy_scb_uart.o [24]
  .rodata            const    0x1028'9114     0x4  cy_scb_uart.o [24]
  .rodata            const    0x1028'9118     0x4  cy_scb_uart.o [24]
  .rodata            const    0x1028'911c     0x4  cy_scb_uart.o [24]
  .rodata            const    0x1028'9120     0x4  cy_scb_uart.o [24]
  .rodata            const    0x1028'9124     0x4  cy_scb_uart.o [24]
  .rodata            const    0x1028'9128     0x4  cy_scb_uart.o [24]
  .rodata            const    0x1028'912c     0x4  cy_scb_uart.o [24]
  .rodata            const    0x1028'9130     0x4  cy_scb_uart.o [24]
  .rodata            const    0x1028'9134     0x4  cy_sysint.o [35]
  .rodata            const    0x1028'9138     0x4  cy_sysint.o [35]
  .rodata            const    0x1028'913c     0x4  cy_tcpwm_counter.o [43]
  .rodata            const    0x1028'9140     0x4  cy_tcpwm_counter.o [43]
  .rodata            const    0x1028'9144     0x4  cy_tcpwm_counter.o [43]
  .rodata            const    0x1028'9148     0x4  cy_tcpwm_counter.o [43]
  .rodata            const    0x1028'914c     0x4  cy_tcpwm_counter.o [43]
  .text              ro code  0x1028'9150     0x4  startup_cm7.o [31]
  .text              ro code  0x1028'9154     0x4  startup_cm7.o [31]
  .text              ro code  0x1028'9158     0x4  startup_cm7.o [31]
  .text              ro code  0x1028'915c     0x4  startup_cm7.o [31]
  .text              ro code  0x1028'9160     0x4  startup_cm7.o [31]
  .text              ro code  0x1028'9164     0x4  startup_cm7.o [31]
  .text              ro code  0x1028'9168     0x4  startup_cm7.o [31]
  .text              ro code  0x1028'916c     0x4  startup_cm7.o [31]
  .text              ro code  0x1028'9170     0x4  startup_cm7.o [31]
  .text              ro code  0x1028'9174     0x4  startup_cm7.o [31]
  .text              ro code  0x1028'9178     0x4  startup_cm7.o [31]
  .text              ro code  0x1028'917c     0x4  startup_cm7.o [31]
  .text              ro code  0x1028'9180     0x4  startup_cm7.o [31]
  .text              ro code  0x1028'9184     0x4  startup_cm7.o [31]
  .text              ro code  0x1028'9188     0x4  startup_cm7.o [31]
  .text              ro code  0x1028'918c     0x2  zf_device_type.o [48]
  .rodata            const    0x1028'918e     0x0  zero_init3.o [52]
  .rodata            const    0x1028'918e     0x0  lz77_init_single.o [52]
  Initializer bytes  const    0x1028'918e    0xba  <for P2-1>
                            - 0x1028'9248  0x91c8

"P2", part 1 of 3:                          0x7cc
  P2-1                        0x2808'0000   0x7cc  <Init block>
    .data            inited   0x2808'0000   0x6ec  cy_interrupt_map.o [23]
    .data            inited   0x2808'06ec     0x4  cy_interrupt_map.o [23]
    .data            inited   0x2808'06f0     0x4  Madgwick.o [5]
    .data            inited   0x2808'06f4    0x10  main_cm7_1.o [45]
    .data            inited   0x2808'0704    0x10  main_cm7_1.o [45]
    .data            inited   0x2808'0714    0x10  main_cm7_1.o [45]
    .data            inited   0x2808'0724    0x10  main_cm7_1.o [45]
    .data            inited   0x2808'0734     0x8  zf_device_imu660ra.o [48]
    .data            inited   0x2808'073c     0x4  zf_device_type.o [48]
    .data            inited   0x2808'0740     0x4  zf_device_type.o [48]
    .data            inited   0x2808'0744     0xc  zf_driver_adc.o [49]
    .data            inited   0x2808'0750     0x4  zf_driver_ipc.o [49]
    .data            inited   0x2808'0754    0x3c  zf_driver_pit.o [49]
    .data            inited   0x2808'0790    0x10  zf_driver_spi.o [49]
    .data            inited   0x2808'07a0    0x14  zf_driver_uart.o [49]
    .data            inited   0x2808'07b4    0x14  zf_driver_uart.o [49]
    .data            inited   0x2808'07c8     0x2  zf_driver_delay.o [49]
    .data            inited   0x2808'07ca     0x1  zf_common_debug.o [46]
    .data            inited   0x2808'07cb     0x1  zf_driver_delay.o [49]
                            - 0x2808'07cc   0x7cc

"P2", part 2 of 3:                          0x6c4
  .bss               zero     0x2808'07cc   0x200  zf_device_tsl1401.o [48]
  .bss               zero     0x2808'09cc   0x118  zf_driver_uart.o [49]
  .bss               zero     0x2808'0ae4    0x80  zf_device_gnss.o [48]
  .bss               zero     0x2808'0b64    0x80  zf_device_gnss.o [48]
  .bss               zero     0x2808'0be4    0x80  zf_device_gnss.o [48]
  .bss               zero     0x2808'0c64    0x70  cy_syslib.o [36]
  .bss               zero     0x2808'0cd4    0x48  cy_ipc_pipe.o [15]
  .bss               zero     0x2808'0d1c    0x48  zf_driver_adc.o [49]
  .bss               zero     0x2808'0d64    0x40  zf_common_debug.o [46]
  .bss               zero     0x2808'0da4    0x20  cy_ipc_pipe.o [15]
  .bss               zero     0x2808'0dc4    0x18  cy_sysclk.o [33]
  .bss               zero     0x2808'0ddc    0x18  cy_syslib.o [36]
  .bss               zero     0x2808'0df4    0x18  zf_common_debug.o [46]
  .bss               zero     0x2808'0e0c    0x18  zf_device_gnss.o [48]
  .bss               zero     0x2808'0e24    0x14  zf_common_debug.o [46]
  .bss               zero     0x2808'0e38     0x4  cy_syslib.o [36]
  .bss               zero     0x2808'0e3c     0x4  main_cm7_1.o [45]
  .bss               zero     0x2808'0e40     0x4  main_cm7_1.o [45]
  .bss               zero     0x2808'0e44     0x4  main_cm7_1.o [45]
  .bss               zero     0x2808'0e48     0x4  main_cm7_1.o [45]
  .bss               zero     0x2808'0e4c     0x4  system_tviibh4m_cm7.o [22]
  .bss               zero     0x2808'0e50     0x4  system_tviibh4m_cm7.o [22]
  .bss               zero     0x2808'0e54     0x4  system_tviibh4m_cm7.o [22]
  .bss               zero     0x2808'0e58     0x4  system_tviibh4m_cm7.o [22]
  .bss               zero     0x2808'0e5c     0x4  system_tviibh4m_cm7.o [22]
  .bss               zero     0x2808'0e60     0x4  zf_common_clock.o [46]
  .bss               zero     0x2808'0e64     0x4  zf_common_interrupt.o [46]
  .bss               zero     0x2808'0e68     0x4  zf_driver_spi.o [49]
  .bss               zero     0x2808'0e6c     0x4  xfail_s.o [50]
  .bss               zero     0x2808'0e70     0x2  zf_device_imu660ra.o [48]
  .bss               zero     0x2808'0e72     0x2  zf_device_imu660ra.o [48]
  .bss               zero     0x2808'0e74     0x2  zf_device_imu660ra.o [48]
  .bss               zero     0x2808'0e76     0x2  zf_device_imu660ra.o [48]
  .bss               zero     0x2808'0e78     0x2  zf_device_imu660ra.o [48]
  .bss               zero     0x2808'0e7a     0x2  zf_device_imu660ra.o [48]
  .bss               zero     0x2808'0e7c     0x1  cm7_1_isr.o [45]
  .bss               zero     0x2808'0e7d     0x1  cy_ipc_pipe.o [15]
  .bss               zero     0x2808'0e7e     0x1  cy_ipc_pipe.o [15]
  .bss               zero     0x2808'0e7f     0x1  cy_sysclk.o [33]
  .bss               zero     0x2808'0e80     0x1  main_cm7_1.o [45]
  .bss               zero     0x2808'0e81     0x1  main_cm7_1.o [45]
  .bss               zero     0x2808'0e82     0x1  zf_common_debug.o [46]
  .bss               zero     0x2808'0e83     0x1  zf_common_debug.o [46]
  .bss               zero     0x2808'0e84     0x1  zf_common_debug.o [46]
  .bss               zero     0x2808'0e85     0x1  zf_device_gnss.o [48]
  .bss               zero     0x2808'0e86     0x1  zf_device_gnss.o [48]
  .bss               zero     0x2808'0e87     0x1  zf_device_gnss.o [48]
  .bss               zero     0x2808'0e88     0x1  zf_device_gnss.o [48]
  .bss               zero     0x2808'0e89     0x1  zf_device_gnss.o [48]
  .bss               zero     0x2808'0e8a     0x1  zf_device_tsl1401.o [48]
  .bss               zero     0x2808'0e8b     0x1  zf_device_tsl1401.o [48]
  .bss               zero     0x2808'0e8c     0x1  zf_driver_ipc.o [49]
  .bss               zero     0x2808'0e8d     0x1  zf_driver_ipc.o [49]
                            - 0x2808'0e8e   0x6c2

"P2", part 3 of 3:                           0x80
  .intvec_ram        uninit   0x2808'0f00    0x80  startup_cm7.o [31]
                            - 0x2808'0f80    0x80

"A1":                                      0x2000
  HEAP_STACK                  0x280b'e000  0x2000  <Block>
    CSTACK                    0x280b'e000  0x2000  <Block>
      CSTACK         uninit   0x280b'e000  0x2000  <Block tail>
                            - 0x280c'0000  0x2000

Unused ranges:

         From           To       Size
         ----           --       ----
  0x1028'930b  0x1040'ffff  0x18'6cf5
  0x2808'0e90  0x2808'0eff       0x70
  0x2808'0f80  0x280b'dfff   0x3'd080


*******************************************************************************
*** INIT TABLE
***

          Address      Size
          -------      ----
Zero (__iar_zero_init3)
    1 destination range, total size 0x6c2:
          0x2808'07cc  0x6c2

Copy/lz77 (__iar_lz77_init_single3)
    1 source range, total size 0xba (9% of destination):
          0x1028'918e   0xba
    1 destination range, total size 0x7cc:
          0x2808'0000  0x7cc



*******************************************************************************
*** MODULE SUMMARY
***

    Module                 ro code  ro data  rw data
    ------                 -------  -------  -------
command line/config:
    ------------------------------------------------
    Total:

C:\Users\wangzuohao\Desktop\ASCº®¼Ù¼¯Ñµ\CYT4BB7_Library-master\Example\Coreboard_Demo\E01_gpio_demo-1\iar\Debug_m7_1\Obj\adc_11722776235721520015.dir: [1]
    ------------------------------------------------
    Total:

C:\Users\wangzuohao\Desktop\ASCº®¼Ù¼¯Ñµ\CYT4BB7_Library-master\Example\Coreboard_Demo\E01_gpio_demo-1\iar\Debug_m7_1\Obj\audioss_1346650047966882938.dir: [2]
    ------------------------------------------------
    Total:

C:\Users\wangzuohao\Desktop\ASCº®¼Ù¼¯Ñµ\CYT4BB7_Library-master\Example\Coreboard_Demo\E01_gpio_demo-1\iar\Debug_m7_1\Obj\button_4990804375159372270.dir: [3]
    ------------------------------------------------
    Total:

C:\Users\wangzuohao\Desktop\ASCº®¼Ù¼¯Ñµ\CYT4BB7_Library-master\Example\Coreboard_Demo\E01_gpio_demo-1\iar\Debug_m7_1\Obj\canfd_1800690984773873875.dir: [4]
    ------------------------------------------------
    Total:

C:\Users\wangzuohao\Desktop\ASCº®¼Ù¼¯Ñµ\CYT4BB7_Library-master\Example\Coreboard_Demo\E01_gpio_demo-1\iar\Debug_m7_1\Obj\code_17896468042025673432.dir: [5]
    KF.o                        62
    Madgwick.o               1'032                 4
    ------------------------------------------------
    Total:                   1'094                 4

C:\Users\wangzuohao\Desktop\ASCº®¼Ù¼¯Ñµ\CYT4BB7_Library-master\Example\Coreboard_Demo\E01_gpio_demo-1\iar\Debug_m7_1\Obj\cpu_15938736945165268644.dir: [6]
    ------------------------------------------------
    Total:

C:\Users\wangzuohao\Desktop\ASCº®¼Ù¼¯Ñµ\CYT4BB7_Library-master\Example\Coreboard_Demo\E01_gpio_demo-1\iar\Debug_m7_1\Obj\crypto_1190170608956581615.dir: [7]
    ------------------------------------------------
    Total:

C:\Users\wangzuohao\Desktop\ASCº®¼Ù¼¯Ñµ\CYT4BB7_Library-master\Example\Coreboard_Demo\E01_gpio_demo-1\iar\Debug_m7_1\Obj\dma_12106025507578611576.dir: [8]
    ------------------------------------------------
    Total:

C:\Users\wangzuohao\Desktop\ASCº®¼Ù¼¯Ñµ\CYT4BB7_Library-master\Example\Coreboard_Demo\E01_gpio_demo-1\iar\Debug_m7_1\Obj\eth_phy_18133017486186456677.dir: [9]
    ------------------------------------------------
    Total:

C:\Users\wangzuohao\Desktop\ASCº®¼Ù¼¯Ñµ\CYT4BB7_Library-master\Example\Coreboard_Demo\E01_gpio_demo-1\iar\Debug_m7_1\Obj\ethernet_6029839089178797009.dir: [10]
    ------------------------------------------------
    Total:

C:\Users\wangzuohao\Desktop\ASCº®¼Ù¼¯Ñµ\CYT4BB7_Library-master\Example\Coreboard_Demo\E01_gpio_demo-1\iar\Debug_m7_1\Obj\evtgen_3404189088603873129.dir: [11]
    ------------------------------------------------
    Total:

C:\Users\wangzuohao\Desktop\ASCº®¼Ù¼¯Ñµ\CYT4BB7_Library-master\Example\Coreboard_Demo\E01_gpio_demo-1\iar\Debug_m7_1\Obj\flash_8529866181315662935.dir: [12]
    ------------------------------------------------
    Total:

C:\Users\wangzuohao\Desktop\ASCº®¼Ù¼¯Ñµ\CYT4BB7_Library-master\Example\Coreboard_Demo\E01_gpio_demo-1\iar\Debug_m7_1\Obj\flash_864493325053435817.dir: [13]
    ------------------------------------------------
    Total:

C:\Users\wangzuohao\Desktop\ASCº®¼Ù¼¯Ñµ\CYT4BB7_Library-master\Example\Coreboard_Demo\E01_gpio_demo-1\iar\Debug_m7_1\Obj\gpio_3999404635324069351.dir: [14]
    cy_gpio.o                  404
    ------------------------------------------------
    Total:                     404

C:\Users\wangzuohao\Desktop\ASCº®¼Ù¼¯Ñµ\CYT4BB7_Library-master\Example\Coreboard_Demo\E01_gpio_demo-1\iar\Debug_m7_1\Obj\ipc_10145506163450686023.dir: [15]
    cy_ipc_drv.o               112        4
    cy_ipc_pipe.o              772      148      106
    ------------------------------------------------
    Total:                     884      152      106

C:\Users\wangzuohao\Desktop\ASCº®¼Ù¼¯Ñµ\CYT4BB7_Library-master\Example\Coreboard_Demo\E01_gpio_demo-1\iar\Debug_m7_1\Obj\lin_18429031207028094880.dir: [16]
    ------------------------------------------------
    Total:

C:\Users\wangzuohao\Desktop\ASCº®¼Ù¼¯Ñµ\CYT4BB7_Library-master\Example\Coreboard_Demo\E01_gpio_demo-1\iar\Debug_m7_1\Obj\lvd_6353935867039560245.dir: [17]
    ------------------------------------------------
    Total:

C:\Users\wangzuohao\Desktop\ASCº®¼Ù¼¯Ñµ\CYT4BB7_Library-master\Example\Coreboard_Demo\E01_gpio_demo-1\iar\Debug_m7_1\Obj\mcwdt_4052485907822033969.dir: [18]
    ------------------------------------------------
    Total:

C:\Users\wangzuohao\Desktop\ASCº®¼Ù¼¯Ñµ\CYT4BB7_Library-master\Example\Coreboard_Demo\E01_gpio_demo-1\iar\Debug_m7_1\Obj\mpu_5663187252346826382.dir: [19]
    ------------------------------------------------
    Total:

C:\Users\wangzuohao\Desktop\ASCº®¼Ù¼¯Ñµ\CYT4BB7_Library-master\Example\Coreboard_Demo\E01_gpio_demo-1\iar\Debug_m7_1\Obj\power_14453085144426420577.dir: [20]
    ------------------------------------------------
    Total:

C:\Users\wangzuohao\Desktop\ASCº®¼Ù¼¯Ñµ\CYT4BB7_Library-master\Example\Coreboard_Demo\E01_gpio_demo-1\iar\Debug_m7_1\Obj\prot_10722960861768657883.dir: [21]
    ------------------------------------------------
    Total:

C:\Users\wangzuohao\Desktop\ASCº®¼Ù¼¯Ñµ\CYT4BB7_Library-master\Example\Coreboard_Demo\E01_gpio_demo-1\iar\Debug_m7_1\Obj\rev_b_4986922561640112550.dir: [22]
    system_tviibh4m_cm7.o      336      172       20
    ------------------------------------------------
    Total:                     336      172       20

C:\Users\wangzuohao\Desktop\ASCº®¼Ù¼¯Ñµ\CYT4BB7_Library-master\Example\Coreboard_Demo\E01_gpio_demo-1\iar\Debug_m7_1\Obj\rev_b_6162237342861132223.dir: [23]
    cy_interrupt_map.o         408      197    1'776
    ------------------------------------------------
    Total:                     408      197    1'776

C:\Users\wangzuohao\Desktop\ASCº®¼Ù¼¯Ñµ\CYT4BB7_Library-master\Example\Coreboard_Demo\E01_gpio_demo-1\iar\Debug_m7_1\Obj\scb_15490842639181808494.dir: [24]
    cy_scb_spi.o               496       16
    cy_scb_uart.o              788       40
    ------------------------------------------------
    Total:                   1'284       56

C:\Users\wangzuohao\Desktop\ASCº®¼Ù¼¯Ñµ\CYT4BB7_Library-master\Example\Coreboard_Demo\E01_gpio_demo-1\iar\Debug_m7_1\Obj\sd_host_2982766354293506895.dir: [25]
    ------------------------------------------------
    Total:

C:\Users\wangzuohao\Desktop\ASCº®¼Ù¼¯Ñµ\CYT4BB7_Library-master\Example\Coreboard_Demo\E01_gpio_demo-1\iar\Debug_m7_1\Obj\semihosting_143864889731838620.dir: [26]
    ------------------------------------------------
    Total:

C:\Users\wangzuohao\Desktop\ASCº®¼Ù¼¯Ñµ\CYT4BB7_Library-master\Example\Coreboard_Demo\E01_gpio_demo-1\iar\Debug_m7_1\Obj\smartio_5451710003740070188.dir: [27]
    ------------------------------------------------
    Total:

C:\Users\wangzuohao\Desktop\ASCº®¼Ù¼¯Ñµ\CYT4BB7_Library-master\Example\Coreboard_Demo\E01_gpio_demo-1\iar\Debug_m7_1\Obj\smif_427648126384146252.dir: [28]
    ------------------------------------------------
    Total:

C:\Users\wangzuohao\Desktop\ASCº®¼Ù¼¯Ñµ\CYT4BB7_Library-master\Example\Coreboard_Demo\E01_gpio_demo-1\iar\Debug_m7_1\Obj\smif_mem_6470536964353725183.dir: [29]
    ------------------------------------------------
    Total:

C:\Users\wangzuohao\Desktop\ASCº®¼Ù¼¯Ñµ\CYT4BB7_Library-master\Example\Coreboard_Demo\E01_gpio_demo-1\iar\Debug_m7_1\Obj\srom_13018798572330080582.dir: [30]
    ------------------------------------------------
    Total:

C:\Users\wangzuohao\Desktop\ASCº®¼Ù¼¯Ñµ\CYT4BB7_Library-master\Example\Coreboard_Demo\E01_gpio_demo-1\iar\Debug_m7_1\Obj\startup_479057977785470282.dir: [31]
    startup.o                  516       24
    startup_cm7.o              442               128
    ------------------------------------------------
    Total:                     958       24      128

C:\Users\wangzuohao\Desktop\ASCº®¼Ù¼¯Ñµ\CYT4BB7_Library-master\Example\Coreboard_Demo\E01_gpio_demo-1\iar\Debug_m7_1\Obj\sw_timer_4215635015939382130.dir: [32]
    ------------------------------------------------
    Total:

C:\Users\wangzuohao\Desktop\ASCº®¼Ù¼¯Ñµ\CYT4BB7_Library-master\Example\Coreboard_Demo\E01_gpio_demo-1\iar\Debug_m7_1\Obj\sysclk_16149231235676103872.dir: [33]
    cy_sysclk.o              2'280      296       25
    ------------------------------------------------
    Total:                   2'280      296       25

C:\Users\wangzuohao\Desktop\ASCº®¼Ù¼¯Ñµ\CYT4BB7_Library-master\Example\Coreboard_Demo\E01_gpio_demo-1\iar\Debug_m7_1\Obj\sysflt_12293435975120599261.dir: [34]
    ------------------------------------------------
    Total:

C:\Users\wangzuohao\Desktop\ASCº®¼Ù¼¯Ñµ\CYT4BB7_Library-master\Example\Coreboard_Demo\E01_gpio_demo-1\iar\Debug_m7_1\Obj\sysint_7435970359207984181.dir: [35]
    cy_sysint.o                172        8
    ------------------------------------------------
    Total:                     172        8

C:\Users\wangzuohao\Desktop\ASCº®¼Ù¼¯Ñµ\CYT4BB7_Library-master\Example\Coreboard_Demo\E01_gpio_demo-1\iar\Debug_m7_1\Obj\syslib_16330585751512546975.dir: [36]
    cy_syslib.o                182               140
    cy_syslib_iar.o             30
    ------------------------------------------------
    Total:                     212               140

C:\Users\wangzuohao\Desktop\ASCº®¼Ù¼¯Ñµ\CYT4BB7_Library-master\Example\Coreboard_Demo\E01_gpio_demo-1\iar\Debug_m7_1\Obj\syspm_10887939769544754770.dir: [37]
    ------------------------------------------------
    Total:

C:\Users\wangzuohao\Desktop\ASCº®¼Ù¼¯Ñµ\CYT4BB7_Library-master\Example\Coreboard_Demo\E01_gpio_demo-1\iar\Debug_m7_1\Obj\sysreghc_17676636058511625587.dir: [38]
    ------------------------------------------------
    Total:

C:\Users\wangzuohao\Desktop\ASCº®¼Ù¼¯Ñµ\CYT4BB7_Library-master\Example\Coreboard_Demo\E01_gpio_demo-1\iar\Debug_m7_1\Obj\sysreset_14586141425677365288.dir: [39]
    ------------------------------------------------
    Total:

C:\Users\wangzuohao\Desktop\ASCº®¼Ù¼¯Ñµ\CYT4BB7_Library-master\Example\Coreboard_Demo\E01_gpio_demo-1\iar\Debug_m7_1\Obj\sysrtc_10747768817563771611.dir: [40]
    ------------------------------------------------
    Total:

C:\Users\wangzuohao\Desktop\ASCº®¼Ù¼¯Ñµ\CYT4BB7_Library-master\Example\Coreboard_Demo\E01_gpio_demo-1\iar\Debug_m7_1\Obj\systick_16016591671695740695.dir: [41]
    ------------------------------------------------
    Total:

C:\Users\wangzuohao\Desktop\ASCº®¼Ù¼¯Ñµ\CYT4BB7_Library-master\Example\Coreboard_Demo\E01_gpio_demo-1\iar\Debug_m7_1\Obj\syswdt_9118657615806274156.dir: [42]
    ------------------------------------------------
    Total:

C:\Users\wangzuohao\Desktop\ASCº®¼Ù¼¯Ñµ\CYT4BB7_Library-master\Example\Coreboard_Demo\E01_gpio_demo-1\iar\Debug_m7_1\Obj\tcpwm_422923530147891246.dir: [43]
    cy_tcpwm.o                  12
    cy_tcpwm_counter.o         430       20
    ------------------------------------------------
    Total:                     442       20

C:\Users\wangzuohao\Desktop\ASCº®¼Ù¼¯Ñµ\CYT4BB7_Library-master\Example\Coreboard_Demo\E01_gpio_demo-1\iar\Debug_m7_1\Obj\trigmux_9729677290734583340.dir: [44]
    ------------------------------------------------
    Total:

C:\Users\wangzuohao\Desktop\ASCº®¼Ù¼¯Ñµ\CYT4BB7_Library-master\Example\Coreboard_Demo\E01_gpio_demo-1\iar\Debug_m7_1\Obj\user_8514941877209965082.dir: [45]
    cm7_1_isr.o                528                 1
    main_cm7_1.o             1'312       54       82
    ------------------------------------------------
    Total:                   1'840       54       83

C:\Users\wangzuohao\Desktop\ASCº®¼Ù¼¯Ñµ\CYT4BB7_Library-master\Example\Coreboard_Demo\E01_gpio_demo-1\iar\Debug_m7_1\Obj\zf_common_1201165462030747823.dir: [46]
    zf_common_clock.o           28                 4
    zf_common_debug.o        1'108      120      112
    zf_common_fifo.o         1'096      128
    zf_common_interrupt.o      226                 4
    ------------------------------------------------
    Total:                   2'458      248      120

C:\Users\wangzuohao\Desktop\ASCº®¼Ù¼¯Ñµ\CYT4BB7_Library-master\Example\Coreboard_Demo\E01_gpio_demo-1\iar\Debug_m7_1\Obj\zf_components_14936052685886095442.dir: [47]
    ------------------------------------------------
    Total:

C:\Users\wangzuohao\Desktop\ASCº®¼Ù¼¯Ñµ\CYT4BB7_Library-master\Example\Coreboard_Demo\E01_gpio_demo-1\iar\Debug_m7_1\Obj\zf_device_6570275422786408770.dir: [48]
    zf_device_gnss.o           276               413
    zf_device_imu660ra.o       600      185       20
    zf_device_tsl1401.o        124               514
    zf_device_type.o             2        1        8
    ------------------------------------------------
    Total:                   1'002      186      955

C:\Users\wangzuohao\Desktop\ASCº®¼Ù¼¯Ñµ\CYT4BB7_Library-master\Example\Coreboard_Demo\E01_gpio_demo-1\iar\Debug_m7_1\Obj\zf_driver_11922370083829174090.dir: [49]
    zf_driver_adc.o            116        1       84
    zf_driver_delay.o          728        1        3
    zf_driver_gpio.o           272
    zf_driver_ipc.o            268       12        6
    zf_driver_pit.o          1'028        6       60
    zf_driver_pwm.o             32
    zf_driver_spi.o          2'652      129       20
    zf_driver_uart.o         2'088      132      320
    ------------------------------------------------
    Total:                   7'184      281      493

dl7M_tln.a: [50]
    abort.o                      6
    exit.o                       4
    printf.o                    40
    putchar.o                   32
    sprintf.o                   64
    strncmp.o                   42
    xfail_s.o                   64                 4
    xprintffull_nomb.o       3'758
    xprout.o                    22
    xsprout.o                   10
    ------------------------------------------------
    Total:                   4'042                 4

m7M_tlv.a: [51]
    DblCmpGe.o                  52
    DblCmpLe.o                  52
    DblDiv.o                    18
    DblMul.o                    18
    DblSub.o                    18
    DblToS32.o                  14
    DblToU32.o                  14
    S32ToDbl.o                  14
    U32ToDbl.o                  14
    asinf.o                     92
    atan2f.o                   106
    fpinit_M.o                  34
    frexp.o                    112
    ldexp.o                    260
    sqrt.o                      30
    xatanf.o                   164
    ------------------------------------------------
    Total:                   1'012

rt7M_tl.a: [52]
    ABImemclr4.o                 6
    ABImemcpy.o                166
    ABImemset.o                102
    ABImemset48.o               50
    I64DivMod.o                560
    I64DivZer.o                  2
    cexit.o                     10
    cmain.o                     30
    cstartup_M.o                28
    data_init.o                 40
    lz77_init_single.o         126
    memchr.o                    88
    strchr.o                    22
    strlen.o                    54
    strncpy.o                  112
    zero_init3.o                56
    ------------------------------------------------
    Total:                   1'452

shb_l.a: [53]
    exit.o                      20
    ------------------------------------------------
    Total:                      20

zf_device_config.a: [54]
    zf_device_config.o                8'192
    ------------------------------------------------
    Total:                            8'192

    Gaps                        40        6
    Linker created                       32    8'192
----------------------------------------------------
    Grand Total:            27'524    9'924   12'046


*******************************************************************************
*** ENTRY LIST
***

Entry                       Address    Size  Type      Object
-----                       -------    ----  ----      ------
.iar.init_table$$Base   0x1028'8e9c           --   Gb  - Linker created -
.iar.init_table$$Limit  0x1028'8ebc           --   Gb  - Linker created -
?main                   0x1028'8f21          Code  Gb  cmain.o [52]
BusFault_Handler        0x1028'9159          Code  Wk  startup_cm7.o [31]
CSTACK$$Base            0x280b'e000           --   Gb  - Linker created -
CSTACK$$Limit           0x280c'0000           --   Gb  - Linker created -
CopyVectorTable         0x1028'8729    0x34  Code  Lc  startup.o [31]
CpuUserInt0_Handler     0x1028'87ab    0x26  Code  Gb  cy_interrupt_map.o [23]
CpuUserInt10_Handler    0x1028'9175          Code  Wk  startup_cm7.o [31]
CpuUserInt11_Handler    0x1028'9179          Code  Wk  startup_cm7.o [31]
CpuUserInt12_Handler    0x1028'917d          Code  Wk  startup_cm7.o [31]
CpuUserInt13_Handler    0x1028'9181          Code  Wk  startup_cm7.o [31]
CpuUserInt14_Handler    0x1028'9185          Code  Wk  startup_cm7.o [31]
CpuUserInt15_Handler    0x1028'9189          Code  Wk  startup_cm7.o [31]
CpuUserInt1_Handler     0x1028'87d1    0x26  Code  Gb  cy_interrupt_map.o [23]
CpuUserInt2_Handler     0x1028'87f7    0x26  Code  Gb  cy_interrupt_map.o [23]
CpuUserInt3_Handler     0x1028'881d    0x26  Code  Gb  cy_interrupt_map.o [23]
CpuUserInt4_Handler     0x1028'8843    0x26  Code  Gb  cy_interrupt_map.o [23]
CpuUserInt5_Handler     0x1028'8869    0x26  Code  Gb  cy_interrupt_map.o [23]
CpuUserInt6_Handler     0x1028'888f    0x26  Code  Gb  cy_interrupt_map.o [23]
CpuUserInt7_Handler     0x1028'88b5    0x26  Code  Gb  cy_interrupt_map.o [23]
CpuUserInt8_Handler     0x1028'916d          Code  Wk  startup_cm7.o [31]
CpuUserInt9_Handler     0x1028'9171          Code  Wk  startup_cm7.o [31]
Cy_DefaultUserHandler   0x1028'87a9     0x2  Code  Gb  cy_interrupt_map.o [23]
Cy_GPIO_ClearInterrupt  0x1028'45cb     0xe  Code  Lc  cy_gpio.o [14]
Cy_GPIO_Clr             0x1028'6aab     0xa  Code  Lc  zf_driver_gpio.o [49]
Cy_GPIO_Inv             0x1028'6ab5     0xa  Code  Lc  zf_driver_gpio.o [49]
Cy_GPIO_Pin_Init        0x1028'460f    0x72  Code  Gb  cy_gpio.o [14]
Cy_GPIO_Set             0x1028'6aa1     0xa  Code  Lc  zf_driver_gpio.o [49]
Cy_GPIO_SetDriveSel     0x1028'45ad    0x1e  Code  Lc  cy_gpio.o [14]
Cy_GPIO_SetDrivemode    0x1028'455d    0x1c  Code  Lc  cy_gpio.o [14]
Cy_GPIO_SetHSIOM        0x1028'44f9    0x4c  Code  Lc  cy_gpio.o [14]
Cy_GPIO_SetInterruptEdge
                        0x1028'45f3    0x1c  Code  Lc  cy_gpio.o [14]
Cy_GPIO_SetInterruptMask
                        0x1028'45d9    0x1a  Code  Lc  cy_gpio.o [14]
Cy_GPIO_SetSlewRate     0x1028'4593    0x1a  Code  Lc  cy_gpio.o [14]
Cy_GPIO_SetVtrip        0x1028'4579    0x1a  Code  Lc  cy_gpio.o [14]
Cy_GPIO_Write           0x1028'4545    0x18  Code  Lc  cy_gpio.o [14]
Cy_IPC_Drv_AcquireNotify
                        0x1028'7af1     0xc  Code  Lc  cy_ipc_pipe.o [15]
Cy_IPC_Drv_GetInterruptStatus
                        0x1028'7aed     0x4  Code  Lc  cy_ipc_pipe.o [15]
Cy_IPC_Drv_GetInterruptStatusMasked
                        0x1028'7ae9     0x4  Code  Lc  cy_ipc_pipe.o [15]
Cy_IPC_Drv_GetIntrBaseAddr
                        0x1028'7aad    0x2c  Code  Lc  cy_ipc_pipe.o [15]
Cy_IPC_Drv_GetIpcBaseAddress
                        0x1028'7a7d    0x30  Code  Lc  cy_ipc_pipe.o [15]
Cy_IPC_Drv_IsLockAcquired
                        0x1028'8045     0x8  Code  Lc  cy_ipc_drv.o [15]
Cy_IPC_Drv_IsLockAcquired
                        0x1028'7b01     0x8  Code  Lc  cy_ipc_pipe.o [15]
Cy_IPC_Drv_LockAcquire  0x1028'804d    0x10  Code  Gb  cy_ipc_drv.o [15]
Cy_IPC_Drv_LockRelease  0x1028'805d    0x20  Code  Gb  cy_ipc_drv.o [15]
Cy_IPC_Drv_ReadDataValue
                        0x1028'8041     0x4  Code  Lc  cy_ipc_drv.o [15]
Cy_IPC_Drv_ReadMsgPtr   0x1028'7b09     0x8  Code  Lc  cy_ipc_pipe.o [15]
Cy_IPC_Drv_ReadMsgWord  0x1028'807d    0x20  Code  Gb  cy_ipc_drv.o [15]
Cy_IPC_Drv_ReleaseNotify
                        0x1028'8035     0xc  Code  Lc  cy_ipc_drv.o [15]
Cy_IPC_Drv_SetInterruptMask
                        0x1028'7ad9    0x10  Code  Lc  cy_ipc_pipe.o [15]
Cy_IPC_Drv_WriteDataValue
                        0x1028'7afd     0x4  Code  Lc  cy_ipc_pipe.o [15]
Cy_IPC_Pipe_Init        0x1028'7b11    0x9a  Code  Gb  cy_ipc_pipe.o [15]
Cy_IPC_Pipe_Isr         0x1028'7c8d    0x1e  Code  Gb  cy_ipc_pipe.o [15]
Cy_IPC_Pipe_RegisterCallback
                        0x1028'7c79    0x12  Code  Gb  cy_ipc_pipe.o [15]
Cy_IPC_Pipe_SendMessage
                        0x1028'7be3    0x96  Code  Gb  cy_ipc_pipe.o [15]
Cy_RestoreIRQ           0x1028'802d          Code  Gb  startup_cm7.o [31]
Cy_SCB_ClearRxFifo      0x1028'35eb    0x1e  Code  Lc  zf_driver_spi.o [49]
Cy_SCB_ClearRxInterrupt
                        0x1028'814f     0xa  Code  Lc  cm7_1_isr.o [45]
Cy_SCB_ClearTxInterrupt
                        0x1028'815f     0xa  Code  Lc  cm7_1_isr.o [45]
Cy_SCB_GetFifoSize      0x1028'3645    0x12  Code  Lc  zf_driver_spi.o [49]
Cy_SCB_GetNumInRxFifo   0x1028'35e1     0xa  Code  Lc  zf_driver_spi.o [49]
Cy_SCB_GetNumInRxFifo   0x1028'4a27     0xa  Code  Lc  zf_driver_uart.o [49]
Cy_SCB_GetNumInTxFifo   0x1028'360f     0xa  Code  Lc  zf_driver_spi.o [49]
Cy_SCB_GetNumInTxFifo   0x1028'4a37     0xa  Code  Lc  zf_driver_uart.o [49]
Cy_SCB_GetRxInterruptMask
                        0x1028'8149     0x6  Code  Lc  cm7_1_isr.o [45]
Cy_SCB_GetRxInterruptMask
                        0x1028'4a73     0x6  Code  Lc  zf_driver_uart.o [49]
Cy_SCB_GetTxInterruptMask
                        0x1028'8159     0x6  Code  Lc  cm7_1_isr.o [45]
Cy_SCB_GetTxInterruptMask
                        0x1028'4a7f     0x6  Code  Lc  zf_driver_uart.o [49]
Cy_SCB_GetTxSrValid     0x1028'3619     0xa  Code  Lc  zf_driver_spi.o [49]
Cy_SCB_GetTxSrValid     0x1028'4a41     0xa  Code  Lc  zf_driver_uart.o [49]
Cy_SCB_IsTxComplete     0x1028'3623    0x22  Code  Lc  zf_driver_spi.o [49]
Cy_SCB_IsTxComplete     0x1028'4a4b    0x22  Code  Lc  zf_driver_uart.o [49]
Cy_SCB_ReadRxFifo       0x1028'4a21     0x6  Code  Lc  zf_driver_uart.o [49]
Cy_SCB_SPI_ClearRxFifo  0x1028'3675     0x8  Code  Lc  zf_driver_spi.o [49]
Cy_SCB_SPI_Enable       0x1028'3657     0xa  Code  Lc  zf_driver_spi.o [49]
Cy_SCB_SPI_GetNumInRxFifo
                        0x1028'366d     0x8  Code  Lc  zf_driver_spi.o [49]
Cy_SCB_SPI_Init         0x1028'468d   0x1d8  Code  Gb  cy_scb_spi.o [24]
Cy_SCB_SPI_SetActiveSlaveSelect
                        0x1028'3661     0xc  Code  Lc  zf_driver_spi.o [49]
Cy_SCB_SetRxInterruptMask
                        0x1028'4a6d     0x6  Code  Lc  zf_driver_uart.o [49]
Cy_SCB_SetTxInterruptMask
                        0x1028'4a79     0x6  Code  Lc  zf_driver_uart.o [49]
Cy_SCB_UART_DeInit      0x1028'589d    0x5c  Code  Gb  cy_scb_uart.o [24]
Cy_SCB_UART_Enable      0x1028'4a85     0xa  Code  Lc  zf_driver_uart.o [49]
Cy_SCB_UART_Init        0x1028'5619   0x284  Code  Gb  cy_scb_uart.o [24]
Cy_SCB_WriteTxFifo      0x1028'3609     0x6  Code  Lc  zf_driver_spi.o [49]
Cy_SCB_WriteTxFifo      0x1028'4a31     0x6  Code  Lc  zf_driver_uart.o [49]
Cy_SaveIRQ              0x1028'8025          Code  Gb  startup_cm7.o [31]
Cy_SysClk_CheckDividerExisting
                        0x1028'77a5    0x2a  Code  Lc  zf_driver_delay.o [49]
Cy_SysClk_CheckDividerExisting
                        0x1028'6bb1    0x2c  Code  Lc  zf_driver_pit.o [49]
Cy_SysClk_CheckDividerExisting
                        0x1028'367d    0x2c  Code  Lc  zf_driver_spi.o [49]
Cy_SysClk_CheckDividerExisting
                        0x1028'487d    0x2c  Code  Lc  zf_driver_uart.o [49]
Cy_SysClk_ClkPathGetSource
                        0x1028'5ba1    0x54  Code  Gb  cy_sysclk.o [33]
Cy_SysClk_EcoGetStatus  0x1028'5a2d    0x1a  Code  Lc  cy_sysclk.o [33]
Cy_SysClk_Fast0ClkGetDivider
                        0x1028'5b75    0x16  Code  Lc  cy_sysclk.o [33]
Cy_SysClk_Fast1ClkGetDivider
                        0x1028'5b8b    0x16  Code  Lc  cy_sysclk.o [33]
Cy_SysClk_FllGetConfiguration
                        0x1028'5bfd    0x7e  Code  Gb  cy_sysclk.o [33]
Cy_SysClk_FllGetLockStatus
                        0x1028'5a47     0xc  Code  Lc  cy_sysclk.o [33]
Cy_SysClk_GetClockGroup
                        0x1028'784d     0x8  Code  Lc  zf_driver_delay.o [49]
Cy_SysClk_GetClockGroup
                        0x1028'6c5f     0x8  Code  Lc  zf_driver_pit.o [49]
Cy_SysClk_GetClockGroup
                        0x1028'3761     0x8  Code  Lc  zf_driver_spi.o [49]
Cy_SysClk_GetClockGroup
                        0x1028'4961     0x8  Code  Lc  zf_driver_uart.o [49]
Cy_SysClk_GetCoreFrequency
                        0x1028'62c1    0x2a  Code  Gb  cy_sysclk.o [33]
Cy_SysClk_GetEcoFrequency
                        0x1028'5dc9    0x32  Code  Gb  cy_sysclk.o [33]
Cy_SysClk_GetExtFrequency
                        0x1028'5dfd    0x1e  Code  Gb  cy_sysclk.o [33]
Cy_SysClk_GetFast0Frequency
                        0x1028'6215    0x56  Code  Gb  cy_sysclk.o [33]
Cy_SysClk_GetFast1Frequency
                        0x1028'626b    0x56  Code  Gb  cy_sysclk.o [33]
Cy_SysClk_GetFllInputFrequency
                        0x1028'5f1d     0xc  Code  Gb  cy_sysclk.o [33]
Cy_SysClk_GetFllOutputFrequency
                        0x1028'5f45    0x78  Code  Gb  cy_sysclk.o [33]
Cy_SysClk_GetHfClkFrequency
                        0x1028'6197    0x7a  Code  Gb  cy_sysclk.o [33]
Cy_SysClk_GetIlo0Frequency
                        0x1028'5e1b    0x32  Code  Gb  cy_sysclk.o [33]
Cy_SysClk_GetIlo1Frequency
                        0x1028'5e4d    0x32  Code  Gb  cy_sysclk.o [33]
Cy_SysClk_GetImoFrequency
                        0x1028'5d97    0x32  Code  Gb  cy_sysclk.o [33]
Cy_SysClk_GetPathFrequency
                        0x1028'6165    0x32  Code  Gb  cy_sysclk.o [33]
Cy_SysClk_GetPathSourceFrequency
                        0x1028'5eb9    0x64  Code  Gb  cy_sysclk.o [33]
Cy_SysClk_GetPll400MNo  0x1028'5a91    0x14  Code  Lc  cy_sysclk.o [33]
Cy_SysClk_GetPllInputFrequency
                        0x1028'5f29    0x1c  Code  Gb  cy_sysclk.o [33]
Cy_SysClk_GetPllNo      0x1028'5a55    0x12  Code  Lc  cy_sysclk.o [33]
Cy_SysClk_GetPllOutputFrequency
                        0x1028'5fc1   0x1a0  Code  Gb  cy_sysclk.o [33]
Cy_SysClk_GetWcoFrequency
                        0x1028'5e7f    0x32  Code  Gb  cy_sysclk.o [33]
Cy_SysClk_HfClockGetDivider
                        0x1028'5b33    0x42  Code  Lc  cy_sysclk.o [33]
Cy_SysClk_HfClockGetSource
                        0x1028'5adf    0x54  Code  Lc  cy_sysclk.o [33]
Cy_SysClk_InitGetFreqParams
                        0x1028'5d7d    0x1a  Code  Gb  cy_sysclk.o [33]
Cy_SysClk_PeriphAssignDivider
                        0x1028'7855    0x68  Code  Lc  zf_driver_delay.o [49]
Cy_SysClk_PeriphAssignDivider
                        0x1028'6c67    0x68  Code  Lc  zf_driver_pit.o [49]
Cy_SysClk_PeriphAssignDivider
                        0x1028'3769    0x6a  Code  Lc  zf_driver_spi.o [49]
Cy_SysClk_PeriphAssignDivider
                        0x1028'4969    0x6a  Code  Lc  zf_driver_uart.o [49]
Cy_SysClk_PeriphEnableDivider
                        0x1028'78bd    0x4c  Code  Lc  zf_driver_delay.o [49]
Cy_SysClk_PeriphEnableDivider
                        0x1028'6ccf    0x4c  Code  Lc  zf_driver_pit.o [49]
Cy_SysClk_PeriphEnableDivider
                        0x1028'37d3    0x4e  Code  Lc  zf_driver_spi.o [49]
Cy_SysClk_PeriphEnableDivider
                        0x1028'49d3    0x4e  Code  Lc  zf_driver_uart.o [49]
Cy_SysClk_PeriphSetDivider
                        0x1028'77cf    0x7e  Code  Lc  zf_driver_delay.o [49]
Cy_SysClk_PeriphSetDivider
                        0x1028'6bdd    0x82  Code  Lc  zf_driver_pit.o [49]
Cy_SysClk_PeriphSetFracDivider
                        0x1028'36a9    0xb8  Code  Lc  zf_driver_spi.o [49]
Cy_SysClk_PeriphSetFracDivider
                        0x1028'48a9    0xb8  Code  Lc  zf_driver_uart.o [49]
Cy_SysClk_Pll400MGetConfiguration
                        0x1028'5ce9    0x84  Code  Gb  cy_sysclk.o [33]
Cy_SysClk_Pll400MGetLockStatus
                        0x1028'5aa5    0x2a  Code  Lc  cy_sysclk.o [33]
Cy_SysClk_PllGetConfiguration
                        0x1028'5c95    0x48  Code  Gb  cy_sysclk.o [33]
Cy_SysClk_PllGetLockStatus
                        0x1028'5a67    0x28  Code  Lc  cy_sysclk.o [33]
Cy_SysClk_WcoOkay       0x1028'5ad1     0xe  Code  Lc  cy_sysclk.o [33]
Cy_SysInt_InitIRQ       0x1028'594d    0x7e  Code  Gb  cy_sysint.o [35]
Cy_SysInt_SetSystemIrqVector
                        0x1028'59cb    0x12  Code  Gb  cy_sysint.o [35]
Cy_SysInt_SystemIrqUserTableRamPointer
                        0x2808'06ec     0x4  Data  Gb  cy_interrupt_map.o [23]
Cy_SysLib_DelayCycles   0x1028'8f01          Code  Gb  cy_syslib_iar.o [36]
Cy_SysLib_EnterCriticalSection
                        0x1028'8f11          Code  Gb  cy_syslib_iar.o [36]
Cy_SysLib_ExitCriticalSection
                        0x1028'8f19          Code  Gb  cy_syslib_iar.o [36]
Cy_SysLib_FaultHandler  0x1028'6389    0x90  Code  Gb  cy_syslib.o [36]
Cy_SysLib_Halt          0x1028'6385     0x4  Code  Gb  cy_syslib.o [36]
Cy_SysLib_ProcessingFault
                        0x1028'642d     0x2  Code  Wk  cy_syslib.o [36]
Cy_SysLib_SvcHandler    0x1028'90bd     0xc  Code  Wk  cy_syslib.o [36]
Cy_SystemInitFpuEnable  0x1028'7745    0x1e  Code  Gb  system_tviibh4m_cm7.o [22]
Cy_SystemIrqUserTable   0x2808'0000   0x6ec  Data  Gb  cy_interrupt_map.o [23]
Cy_Tcpwm_Counter_ClearTC_Intr
                        0x1028'7f1f    0x10  Code  Gb  cy_tcpwm_counter.o [43]
Cy_Tcpwm_Counter_Enable
                        0x1028'7f01     0xa  Code  Gb  cy_tcpwm_counter.o [43]
Cy_Tcpwm_Counter_GetCounter
                        0x1028'7f0f     0x4  Code  Gb  cy_tcpwm_counter.o [43]
Cy_Tcpwm_Counter_Init   0x1028'7d81   0x16c  Code  Gb  cy_tcpwm_counter.o [43]
Cy_Tcpwm_Counter_SetCounter
                        0x1028'7f0b     0x4  Code  Gb  cy_tcpwm_counter.o [43]
Cy_Tcpwm_Counter_SetTC_IntrMask
                        0x1028'7f13     0xc  Code  Gb  cy_tcpwm_counter.o [43]
Cy_Tcpwm_TriggerStart   0x1028'7f2f     0xc  Code  Gb  cy_tcpwm.o [43]
Cy_u32StartupStackEndAddress
                        0x1028'89d0          Data  Gb  startup_cm7.o [31]
Cy_u32StartupStackStartAddress
                        0x1028'89cc          Data  Gb  startup_cm7.o [31]
DebugMon_Handler        0x1028'9161          Code  Wk  startup_cm7.o [31]
E                       0x2808'0e81     0x1  Data  Gb  main_cm7_1.o [45]
E_flag                  0x2808'0e80     0x1  Data  Gb  main_cm7_1.o [45]
ExecCallback            0x1028'7cab    0x9a  Code  Lc  cy_ipc_pipe.o [15]
GZ                      0x2808'0e48     0x4  Data  Gb  main_cm7_1.o [45]
HEAP_STACK$$Base        0x280b'e000           --   Gb  - Linker created -
HEAP_STACK$$Limit       0x280c'0000           --   Gb  - Linker created -
HardFault_Handler       0x1028'8ebd          Code  Wk  startup_cm7.o [31]
IMU_Counter             0x2808'0e7c     0x1  Data  Gb  cm7_1_isr.o [45]
InitEndpoint            0x1028'7bab    0x38  Code  Lc  cy_ipc_pipe.o [15]
InitRamEcc              0x1028'8617   0x100  Code  Lc  startup.o [31]
InitRamEccClearArea     0x1028'8717    0x12  Code  Lc  startup.o [31]
KalmanFilter1D_Update   0x1028'7615    0x3e  Code  Gb  KF.o [5]
MADGWICK_BETA           0x2808'06f0     0x4  Data  Gb  Madgwick.o [5]
MF                      0x2808'0724    0x10  Data  Gb  main_cm7_1.o [45]
Madgwick_QuatToPitch    0x1028'754d    0x48  Code  Gb  Madgwick.o [5]
Madgwick_QuatToRoll     0x1028'7595    0x28  Code  Gb  Madgwick.o [5]
Madgwick_QuatToYaw      0x1028'75bd    0x58  Code  Gb  Madgwick.o [5]
Madgwick_Update         0x1028'720d   0x332  Code  Gb  Madgwick.o [5]
MemManage_Handler       0x1028'9155          Code  Wk  startup_cm7.o [31]
NMI_Handler             0x1028'9151          Code  Wk  startup_cm7.o [31]
PendSV_Handler          0x1028'9165          Code  Wk  startup_cm7.o [31]
Pitch                   0x2808'0e40     0x4  Data  Gb  main_cm7_1.o [45]
Region$$Table$$Base     0x1028'8e9c           --   Gb  - Linker created -
Region$$Table$$Limit    0x1028'8ebc           --   Gb  - Linker created -
Reset_Handler           0x1028'8925          Code  Wk  startup_cm7.o [31]
Roll                    0x2808'0e44     0x4  Data  Gb  main_cm7_1.o [45]
SVC_Handler             0x1028'8f8d          Code  Wk  startup_cm7.o [31]
Solve_Angle             0x1028'668d   0x21c  Code  Gb  main_cm7_1.o [45]
Startup_Init            0x1028'8589    0x8e  Code  Gb  startup.o [31]
SysTick_Handler         0x1028'9169          Code  Wk  startup_cm7.o [31]
SystemCoreClock         0x2808'0e4c     0x4  Data  Gb  system_tviibh4m_cm7.o [22]
SystemCoreClockUpdate   0x1028'76b1    0x94  Code  Gb  system_tviibh4m_cm7.o [22]
SystemInit              0x1028'7655    0x5c  Code  Gb  system_tviibh4m_cm7.o [22]
UsageFault_Handler      0x1028'915d          Code  Wk  startup_cm7.o [31]
X                       0x2808'06f4    0x10  Data  Gb  main_cm7_1.o [45]
Y                       0x2808'0704    0x10  Data  Gb  main_cm7_1.o [45]
Yaw                     0x2808'0e3c     0x4  Data  Gb  main_cm7_1.o [45]
Z                       0x2808'0714    0x10  Data  Gb  main_cm7_1.o [45]
_LC                     0x1028'2081     0x6  Code  Lc  xprintffull_nomb.o [50]
_LitobFullNoMb          0x1028'2d4d   0x114  Code  Lc  xprintffull_nomb.o [50]
_PrintfFullNoMb         0x1028'2087   0xc98  Code  Gb  xprintffull_nomb.o [50]
_Prout                  0x1028'9055    0x16  Code  Gb  xprout.o [50]
_PutcharsFullNoMb       0x1028'2eb9    0x2e  Code  Lc  xprintffull_nomb.o [50]
_SProut                 0x1028'2fc3     0xa  Code  Gb  xsprout.o [50]
__NVIC_ClearPendingIRQ  0x1028'878d    0x1c  Code  Lc  cy_interrupt_map.o [23]
__NVIC_ClearPendingIRQ  0x1028'5549    0x1c  Code  Lc  zf_common_interrupt.o [46]
__NVIC_ClearPendingIRQ  0x1028'69b1    0x1c  Code  Lc  zf_driver_ipc.o [49]
__NVIC_EnableIRQ        0x1028'552d    0x1c  Code  Lc  zf_common_interrupt.o [46]
__NVIC_EnableIRQ        0x1028'6995    0x1c  Code  Lc  zf_driver_ipc.o [49]
__NVIC_SetPriority      0x1028'5565    0x24  Code  Lc  zf_common_interrupt.o [46]
__Vectors               0x1028'0000           --   Gb  startup_cm7.o [31]
__Vectors_End           0x1028'0080          Data  Gb  startup_cm7.o [31]
__Vectors_Size {Abs}           0x80           --   Gb  startup_cm7.o [31]
__aeabi_cdcmple         0x1028'31b5          Code  Gb  DblCmpLe.o [51]
__aeabi_cdrcmple        0x1028'31e9          Code  Gb  DblCmpGe.o [51]
__aeabi_d2iz            0x1028'3321     0xe  Code  Gb  DblToS32.o [51]
__aeabi_d2uiz           0x1028'3361     0xe  Code  Gb  DblToU32.o [51]
__aeabi_ddiv            0x1028'334f    0x12  Code  Gb  DblDiv.o [51]
__aeabi_dmul            0x1028'337d    0x12  Code  Gb  DblMul.o [51]
__aeabi_dsub            0x1028'333d    0x12  Code  Gb  DblSub.o [51]
__aeabi_i2d             0x1028'332f     0xe  Code  Gb  S32ToDbl.o [51]
__aeabi_ldiv0           0x1028'35c9          Code  Gb  I64DivZer.o [52]
__aeabi_memclr4         0x1028'5611          Code  Gb  ABImemclr4.o [52]
__aeabi_memcpy          0x1028'309d          Code  Gb  ABImemcpy.o [52]
__aeabi_memcpy4         0x1028'30bd          Code  Gb  ABImemcpy.o [52]
__aeabi_memcpy8         0x1028'30bd          Code  Gb  ABImemcpy.o [52]
__aeabi_memset          0x1028'403d          Code  Gb  ABImemset.o [52]
__aeabi_ui2d            0x1028'336f     0xe  Code  Gb  U32ToDbl.o [51]
__aeabi_uldivmod        0x1028'3391          Code  Gb  I64DivMod.o [52]
__cmain                 0x1028'8f21          Code  Gb  cmain.o [52]
__ecc_init_dtcm_end_address {Abs}
                        0x2000'3fff          Data  Gb  <internal module>
__ecc_init_dtcm_start_address {Abs}
                        0x2000'0000          Data  Gb  <internal module>
__ecc_init_itcm_end_address {Abs}
                             0x3fff          Data  Gb  <internal module>
__ecc_init_itcm_start_address {Abs}
                                0x0          Data  Gb  <internal module>
__ecc_init_sram_end_address {Abs}
                        0x280b'ffff          Data  Gb  <internal module>
__ecc_init_sram_start_address {Abs}
                        0x2808'0000          Data  Gb  <internal module>
__exit                  0x1028'35cd    0x14  Code  Gb  exit.o [53]
__iar_Fail_s            0x1028'2fcd    0x1c  Code  Gb  xfail_s.o [50]
__iar_Memchr            0x1028'3045          Code  Gb  memchr.o [52]
__iar_Memset            0x1028'403d          Code  Gb  ABImemset.o [52]
__iar_Memset4_word      0x1028'59f9          Code  Gb  ABImemset48.o [52]
__iar_Memset8_word      0x1028'59f9          Code  Gb  ABImemset48.o [52]
__iar_Memset_word       0x1028'4045          Code  Gb  ABImemset.o [52]
__iar_Strchr            0x1028'2fad          Code  Gb  strchr.o [52]
__iar_asin32            0x1028'7fc9          Code  Gb  asinf.o [51]
__iar_atan2_32          0x1028'7f5d          Code  Gb  atan2f.o [51]
__iar_data_init3        0x1028'8e51    0x28  Code  Gb  data_init.o [52]
__iar_frexp             0x1028'3151          Code  Gb  frexp.o [51]
__iar_frexpl            0x1028'3151          Code  Gb  frexp.o [51]
__iar_init_vfp          0x1028'8e79          Code  Gb  fpinit_M.o [51]
__iar_ldexp64           0x1028'3231          Code  Gb  ldexp.o [51]
__iar_lz77_init_single3
                        0x1028'2f2f    0x7e  Code  Gb  lz77_init_single.o [52]
__iar_program_start     0x1028'8fa9          Code  Gb  cstartup_M.o [52]
__iar_scalbln64         0x1028'3231          Code  Gb  ldexp.o [51]
__iar_scalbn64          0x1028'3231          Code  Gb  ldexp.o [51]
__iar_softfp___iar_frexp64
                        0x1028'3145          Code  Gb  frexp.o [51]
__iar_softfp___iar_ldexp64
                        0x1028'321d          Code  Gb  ldexp.o [51]
__iar_softfp___iar_scalbln64
                        0x1028'321d          Code  Gb  ldexp.o [51]
__iar_softfp___iar_scalbn64
                        0x1028'321d          Code  Gb  ldexp.o [51]
[...]
debug_delay             0x1028'40a5    0x36  Code  Lc  zf_common_debug.o [46]
debug_info_init         0x1028'447b    0x18  Code  Gb  zf_common_debug.o [46]
debug_init              0x1028'4493    0x2a  Code  Gb  zf_common_debug.o [46]
debug_interrupr_handler
                        0x1028'43a3    0x20  Code  Gb  zf_common_debug.o [46]
debug_log_handler       0x1028'4411    0x20  Code  Gb  zf_common_debug.o [46]
debug_output            0x1028'40e7   0x2bc  Code  Lc  zf_common_debug.o [46]
debug_output_info       0x2808'0e24    0x14  Data  Lc  zf_common_debug.o [46]
debug_output_init       0x1028'4451    0x2a  Code  Gb  zf_common_debug.o [46]
debug_output_struct_init
                        0x1028'4431    0x20  Code  Gb  zf_common_debug.o [46]
debug_uart_buffer       0x2808'0d64    0x40  Data  Gb  zf_common_debug.o [46]
debug_uart_data         0x2808'0e83     0x1  Data  Gb  zf_common_debug.o [46]
debug_uart_fifo         0x2808'0df4    0x18  Data  Gb  zf_common_debug.o [46]
debug_uart_str_output   0x1028'40db     0xc  Code  Lc  zf_common_debug.o [46]
delay_clk               0x2808'07c8     0x2  Data  Lc  zf_driver_delay.o [49]
divNumLocator           0x1028'90c8     0x8  Data  Gb  cy_sysclk.o [33]
exit                    0x1028'8f45     0x4  Code  Gb  exit.o [50]
fifo_clear              0x1028'5119    0x74  Code  Gb  zf_common_fifo.o [46]
fifo_end_offset         0x1028'50ff    0x1a  Code  Lc  zf_common_fifo.o [46]
fifo_head_offset        0x1028'50e5    0x1a  Code  Lc  zf_common_fifo.o [46]
fifo_init               0x1028'54ef    0x3a  Code  Gb  zf_common_fifo.o [46]
fifo_read_buffer        0x1028'534f   0x1a0  Code  Gb  zf_common_fifo.o [46]
fifo_used               0x1028'518d    0x22  Code  Gb  zf_common_fifo.o [46]
fifo_write_buffer       0x1028'51af   0x1a0  Code  Gb  zf_common_fifo.o [46]
get_scb_module          0x1028'4bdb    0x44  Code  Gb  zf_driver_uart.o [49]
get_uart_config         0x1028'4a8f   0x14c  Code  Lc  zf_driver_uart.o [49]
gnss_flag               0x2808'0e85     0x1  Data  Gb  zf_device_gnss.o [48]
gnss_gga_state          0x2808'0e87     0x1  Data  Lc  zf_device_gnss.o [48]
gnss_receiver_fifo      0x2808'0e0c    0x18  Data  Lc  zf_device_gnss.o [48]
gnss_rmc_state          0x2808'0e88     0x1  Data  Lc  zf_device_gnss.o [48]
gnss_state              0x2808'0e86     0x1  Data  Lc  zf_device_gnss.o [48]
gnss_ths_state          0x2808'0e89     0x1  Data  Lc  zf_device_gnss.o [48]
gnss_uart_callback      0x1028'83d5    0xe2  Code  Gb  zf_device_gnss.o [48]
gpio_init               0x1028'6b23    0x88  Code  Gb  zf_driver_gpio.o [49]
gpio_set_level          0x1028'6abf    0x44  Code  Gb  zf_driver_gpio.o [49]
gpio_toggle_level       0x1028'6b03    0x20  Code  Gb  zf_driver_gpio.o [49]
gps_gga_buffer          0x2808'0ae4    0x80  Data  Lc  zf_device_gnss.o [48]
gps_rmc_buffer          0x2808'0b64    0x80  Data  Lc  zf_device_gnss.o [48]
gps_ths_buffer          0x2808'0be4    0x80  Data  Lc  zf_device_gnss.o [48]
imu660ra_acc_x          0x2808'0e76     0x2  Data  Gb  zf_device_imu660ra.o [48]
imu660ra_acc_y          0x2808'0e78     0x2  Data  Gb  zf_device_imu660ra.o [48]
imu660ra_acc_z          0x2808'0e7a     0x2  Data  Gb  zf_device_imu660ra.o [48]
imu660ra_config_file    0x1028'0080  0x2000  Data  Gb  zf_device_config.o [54]
imu660ra_get_acc        0x1028'7083    0x3e  Code  Gb  zf_device_imu660ra.o [48]
imu660ra_get_gyro       0x1028'70c1    0x3e  Code  Gb  zf_device_imu660ra.o [48]
imu660ra_gyro_x         0x2808'0e70     0x2  Data  Gb  zf_device_imu660ra.o [48]
imu660ra_gyro_y         0x2808'0e72     0x2  Data  Gb  zf_device_imu660ra.o [48]
imu660ra_gyro_z         0x2808'0e74     0x2  Data  Gb  zf_device_imu660ra.o [48]
imu660ra_init           0x1028'70ff    0xd0  Code  Gb  zf_device_imu660ra.o [48]
imu660ra_read_register  0x1028'6ff1    0x26  Code  Lc  zf_device_imu660ra.o [48]
imu660ra_read_registers
                        0x1028'7017    0x3a  Code  Lc  zf_device_imu660ra.o [48]
imu660ra_self_check     0x1028'7051    0x32  Code  Lc  zf_device_imu660ra.o [48]
imu660ra_transition_factor
                        0x2808'0734     0x8  Data  Gb  zf_device_imu660ra.o [48]
imu660ra_write_register
                        0x1028'6fb5    0x1e  Code  Lc  zf_device_imu660ra.o [48]
imu660ra_write_registers
                        0x1028'6fd3    0x1e  Code  Lc  zf_device_imu660ra.o [48]
intFreqInitialized      0x2808'0e7f     0x1  Data  Gb  cy_sysclk.o [33]
internalBaseFreqInfo    0x2808'0dc4    0x18  Data  Gb  cy_sysclk.o [33]
interrupt_global_disable
                        0x1028'5599    0x14  Code  Gb  zf_common_interrupt.o [46]
interrupt_global_enable
                        0x1028'5589    0x10  Code  Gb  zf_common_interrupt.o [46]
interrupt_global_flag   0x2808'0e64     0x4  Data  Lc  zf_common_interrupt.o [46]
interrupt_init          0x1028'55d9    0x36  Code  Gb  zf_common_interrupt.o [46]
interrupt_set_priority  0x1028'55cd     0xc  Code  Gb  zf_common_interrupt.o [46]
ipc_communicate_init    0x1028'6a2d    0x52  Code  Gb  zf_driver_ipc.o [49]
ipc_default_callback    0x1028'69cd     0x2  Code  Lc  zf_driver_ipc.o [49]
ipc_port_save           0x2808'0e8c     0x1  Data  Gb  zf_driver_ipc.o [49]
ipc_received_callback   0x1028'69d7     0xc  Code  Gb  zf_driver_ipc.o [49]
ipc_release_callback    0x1028'69cf     0x8  Code  Gb  zf_driver_ipc.o [49]
ipc_released            0x2808'0e8d     0x1  Data  Gb  zf_driver_ipc.o [49]
ipc_send_data           0x1028'69e3    0x4a  Code  Gb  zf_driver_ipc.o [49]
ldexp                   0x1028'3231          Code  Gb  ldexp.o [51]
ldexpl                  0x1028'3231          Code  Gb  ldexp.o [51]
main                    0x1028'6441   0x21e  Code  Gb  main_cm7_1.o [45]
memchr                  0x1028'3045          Code  Gb  memchr.o [52]
my_ipc_callback         0x1028'6431     0xe  Code  Gb  main_cm7_1.o [45]
pit0_ch0_isr            0x1028'8169    0x12  Code  Gb  cm7_1_isr.o [45]
pit0_ch10_isr           0x1028'818f     0xa  Code  Gb  cm7_1_isr.o [45]
pit0_ch11_isr           0x1028'8199     0xa  Code  Gb  cm7_1_isr.o [45]
pit0_ch12_isr           0x1028'81a3     0xa  Code  Gb  cm7_1_isr.o [45]
pit0_ch13_isr           0x1028'81ad     0xa  Code  Gb  cm7_1_isr.o [45]
pit0_ch14_isr           0x1028'81b7     0xa  Code  Gb  cm7_1_isr.o [45]
pit0_ch15_isr           0x1028'81c1     0xa  Code  Gb  cm7_1_isr.o [45]
pit0_ch16_isr           0x1028'81cb     0xa  Code  Gb  cm7_1_isr.o [45]
pit0_ch17_isr           0x1028'81d5     0xa  Code  Gb  cm7_1_isr.o [45]
pit0_ch18_isr           0x1028'81df     0xa  Code  Gb  cm7_1_isr.o [45]
pit0_ch19_isr           0x1028'81e9     0xa  Code  Gb  cm7_1_isr.o [45]
pit0_ch1_isr            0x1028'817b     0xa  Code  Gb  cm7_1_isr.o [45]
pit0_ch20_isr           0x1028'81f3     0xa  Code  Gb  cm7_1_isr.o [45]
pit0_ch21_isr           0x1028'81fd     0xe  Code  Gb  cm7_1_isr.o [45]
pit0_ch2_isr            0x1028'8185     0xa  Code  Gb  cm7_1_isr.o [45]
pit_enable              0x1028'6d45    0x6c  Code  Gb  zf_driver_pit.o [49]
pit_init                0x1028'6db1   0x1ee  Code  Gb  zf_driver_pit.o [49]
pit_isr_flag_clear      0x1028'6d1b    0x2a  Code  Gb  zf_driver_pit.o [49]
pit_isr_func            0x2808'0754    0x3c  Data  Gb  zf_driver_pit.o [49]
printf                  0x1028'6951    0x28  Code  Gb  printf.o [50]
putchar                 0x1028'8edd    0x20  Code  Gb  putchar.o [50]
pwm_all_channel_close   0x1028'592d    0x1a  Code  Gb  zf_driver_pwm.o [49]
sar_adc                 0x2808'0744     0xc  Data  Lc  zf_driver_adc.o [49]
scalbln                 0x1028'3231          Code  Gb  ldexp.o [51]
scalblnl                0x1028'3231          Code  Gb  ldexp.o [51]
scalbn                  0x1028'3231          Code  Gb  ldexp.o [51]
scalbnl                 0x1028'3231          Code  Gb  ldexp.o [51]
scale                   0x1028'2e61    0x46  Code  Lc  xprintffull_nomb.o [50]
scb_module              0x2808'07b4    0x14  Data  Gb  zf_driver_uart.o [49]
sec_hand                0x2808'0e6c     0x4  Data  Lc  xfail_s.o [50]
spi_get_clk_hsiom       0x1028'38dd    0x28  Code  Lc  zf_driver_spi.o [49]
spi_get_clk_pin         0x1028'3821    0x28  Code  Lc  zf_driver_spi.o [49]
spi_get_cs_hsiom        0x1028'3955    0x44  Code  Lc  zf_driver_spi.o [49]
spi_get_cs_pin          0x1028'3899    0x44  Code  Lc  zf_driver_spi.o [49]
spi_get_miso_hsiom      0x1028'392d    0x28  Code  Lc  zf_driver_spi.o [49]
spi_get_miso_pin        0x1028'3871    0x28  Code  Lc  zf_driver_spi.o [49]
spi_get_mosi_hsiom      0x1028'3905    0x28  Code  Lc  zf_driver_spi.o [49]
spi_get_mosi_pin        0x1028'3849    0x28  Code  Lc  zf_driver_spi.o [49]
spi_init                0x1028'3d99   0x28e  Code  Gb  zf_driver_spi.o [49]
spi_module              0x2808'0790    0x10  Data  Gb  zf_driver_spi.o [49]
spi_read_8bit_registers
                        0x1028'3ca5    0xe2  Code  Gb  zf_driver_spi.o [49]
spi_write_8bit_register
                        0x1028'3ad5    0xde  Code  Gb  zf_driver_spi.o [49]
spi_write_8bit_registers
                        0x1028'3bb3    0xe8  Code  Gb  zf_driver_spi.o [49]
sprintf                 0x1028'50a5    0x40  Code  Gb  sprintf.o [50]
sqrt                    0x1028'7f3d          Code  Gb  sqrt.o [51]
sqrtl                   0x1028'7f3d          Code  Gb  sqrt.o [51]
strchr                  0x1028'2fad          Code  Gb  strchr.o [52]
strlen                  0x1028'300d          Code  Gb  strlen.o [52]
strncmp                 0x1028'855d    0x2a  Code  Gb  strncmp.o [50]
strncpy                 0x1028'6315          Code  Gb  strncpy.o [52]
switch_transition_length
                        0x1028'3999   0x13c  Code  Lc  zf_driver_spi.o [49]
system_clock            0x2808'0e60     0x4  Data  Gb  zf_common_clock.o [46]
system_delay_init       0x1028'79bd    0xa6  Code  Gb  zf_driver_delay.o [49]
system_delay_ms         0x1028'795f    0x5e  Code  Gb  zf_driver_delay.o [49]
system_delay_us         0x1028'7909    0x56  Code  Gb  zf_driver_delay.o [49]
timer_ch                0x2808'07cb     0x1  Data  Lc  zf_driver_delay.o [49]
tsl1401_collect_pit_handler
                        0x1028'8359    0x68  Code  Gb  zf_device_tsl1401.o [48]
tsl1401_data            0x2808'07cc   0x200  Data  Gb  zf_device_tsl1401.o [48]
tsl1401_finish_flag     0x2808'0e8b     0x1  Data  Gb  zf_device_tsl1401.o [48]
tsl1401_init_state      0x2808'0e8a     0x1  Data  Lc  zf_device_tsl1401.o [48]
type_default_callback   0x1028'918d     0x2  Code  Lc  zf_device_type.o [48]
uart0_isr               0x1028'820b    0x40  Code  Gb  cm7_1_isr.o [45]
uart1_isr               0x1028'824b    0x42  Code  Gb  cm7_1_isr.o [45]
uart2_isr               0x1028'828d    0x40  Code  Gb  cm7_1_isr.o [45]
uart3_isr               0x1028'82cd    0x3c  Code  Gb  cm7_1_isr.o [45]
uart4_isr               0x1028'8309    0x42  Code  Gb  cm7_1_isr.o [45]
uart_context            0x2808'09cc   0x118  Data  Gb  zf_driver_uart.o [49]
uart_init               0x1028'4ecd   0x190  Code  Gb  zf_driver_uart.o [49]
uart_isr_func           0x2808'07a0    0x14  Data  Gb  zf_driver_uart.o [49]
uart_query_byte         0x1028'4c81    0x32  Code  Gb  zf_driver_uart.o [49]
uart_receiver_handler   0x2808'0740     0x4  Data  Gb  zf_device_type.o [48]
uart_rx_interrupt       0x1028'4dcf    0xfe  Code  Gb  zf_driver_uart.o [49]
uart_tx_interrupt       0x1028'4cb3   0x11c  Code  Gb  zf_driver_uart.o [49]
uart_write_buffer       0x1028'4c47    0x1e  Code  Gb  zf_driver_uart.o [49]
uart_write_byte         0x1028'4c1f    0x28  Code  Gb  zf_driver_uart.o [49]
uart_write_string       0x1028'4c65    0x1c  Code  Gb  zf_driver_uart.o [49]
user_callback           0x2808'0750     0x4  Data  Gb  zf_driver_ipc.o [49]
wireless_module_uart_handler
                        0x2808'073c     0x4  Data  Gb  zf_device_type.o [48]
zf_debug_assert_enable  0x2808'07ca     0x1  Data  Lc  zf_common_debug.o [46]
zf_debug_init_flag      0x2808'0e82     0x1  Data  Lc  zf_common_debug.o [46]


[1] = C:\Users\wangzuohao\Desktop\ASCº®¼Ù¼¯Ñµ\CYT4BB7_Library-master\Example\Coreboard_Demo\E01_gpio_demo-1\iar\Debug_m7_1\Obj\adc_11722776235721520015.dir
[2] = C:\Users\wangzuohao\Desktop\ASCº®¼Ù¼¯Ñµ\CYT4BB7_Library-master\Example\Coreboard_Demo\E01_gpio_demo-1\iar\Debug_m7_1\Obj\audioss_1346650047966882938.dir
[3] = C:\Users\wangzuohao\Desktop\ASCº®¼Ù¼¯Ñµ\CYT4BB7_Library-master\Example\Coreboard_Demo\E01_gpio_demo-1\iar\Debug_m7_1\Obj\button_4990804375159372270.dir
[4] = C:\Users\wangzuohao\Desktop\ASCº®¼Ù¼¯Ñµ\CYT4BB7_Library-master\Example\Coreboard_Demo\E01_gpio_demo-1\iar\Debug_m7_1\Obj\canfd_1800690984773873875.dir
[5] = C:\Users\wangzuohao\Desktop\ASCº®¼Ù¼¯Ñµ\CYT4BB7_Library-master\Example\Coreboard_Demo\E01_gpio_demo-1\iar\Debug_m7_1\Obj\code_17896468042025673432.dir
[6] = C:\Users\wangzuohao\Desktop\ASCº®¼Ù¼¯Ñµ\CYT4BB7_Library-master\Example\Coreboard_Demo\E01_gpio_demo-1\iar\Debug_m7_1\Obj\cpu_15938736945165268644.dir
[7] = C:\Users\wangzuohao\Desktop\ASCº®¼Ù¼¯Ñµ\CYT4BB7_Library-master\Example\Coreboard_Demo\E01_gpio_demo-1\iar\Debug_m7_1\Obj\crypto_1190170608956581615.dir
[8] = C:\Users\wangzuohao\Desktop\ASCº®¼Ù¼¯Ñµ\CYT4BB7_Library-master\Example\Coreboard_Demo\E01_gpio_demo-1\iar\Debug_m7_1\Obj\dma_12106025507578611576.dir
[9] = C:\Users\wangzuohao\Desktop\ASCº®¼Ù¼¯Ñµ\CYT4BB7_Library-master\Example\Coreboard_Demo\E01_gpio_demo-1\iar\Debug_m7_1\Obj\eth_phy_18133017486186456677.dir
[10] = C:\Users\wangzuohao\Desktop\ASCº®¼Ù¼¯Ñµ\CYT4BB7_Library-master\Example\Coreboard_Demo\E01_gpio_demo-1\iar\Debug_m7_1\Obj\ethernet_6029839089178797009.dir
[11] = C:\Users\wangzuohao\Desktop\ASCº®¼Ù¼¯Ñµ\CYT4BB7_Library-master\Example\Coreboard_Demo\E01_gpio_demo-1\iar\Debug_m7_1\Obj\evtgen_3404189088603873129.dir
[12] = C:\Users\wangzuohao\Desktop\ASCº®¼Ù¼¯Ñµ\CYT4BB7_Library-master\Example\Coreboard_Demo\E01_gpio_demo-1\iar\Debug_m7_1\Obj\flash_8529866181315662935.dir
[13] = C:\Users\wangzuohao\Desktop\ASCº®¼Ù¼¯Ñµ\CYT4BB7_Library-master\Example\Coreboard_Demo\E01_gpio_demo-1\iar\Debug_m7_1\Obj\flash_864493325053435817.dir
[14] = C:\Users\wangzuohao\Desktop\ASCº®¼Ù¼¯Ñµ\CYT4BB7_Library-master\Example\Coreboard_Demo\E01_gpio_demo-1\iar\Debug_m7_1\Obj\gpio_3999404635324069351.dir
[15] = C:\Users\wangzuohao\Desktop\ASCº®¼Ù¼¯Ñµ\CYT4BB7_Library-master\Example\Coreboard_Demo\E01_gpio_demo-1\iar\Debug_m7_1\Obj\ipc_10145506163450686023.dir
[16] = C:\Users\wangzuohao\Desktop\ASCº®¼Ù¼¯Ñµ\CYT4BB7_Library-master\Example\Coreboard_Demo\E01_gpio_demo-1\iar\Debug_m7_1\Obj\lin_18429031207028094880.dir
[17] = C:\Users\wangzuohao\Desktop\ASCº®¼Ù¼¯Ñµ\CYT4BB7_Library-master\Example\Coreboard_Demo\E01_gpio_demo-1\iar\Debug_m7_1\Obj\lvd_6353935867039560245.dir
[18] = C:\Users\wangzuohao\Desktop\ASCº®¼Ù¼¯Ñµ\CYT4BB7_Library-master\Example\Coreboard_Demo\E01_gpio_demo-1\iar\Debug_m7_1\Obj\mcwdt_4052485907822033969.dir
[19] = C:\Users\wangzuohao\Desktop\ASCº®¼Ù¼¯Ñµ\CYT4BB7_Library-master\Example\Coreboard_Demo\E01_gpio_demo-1\iar\Debug_m7_1\Obj\mpu_5663187252346826382.dir
[20] = C:\Users\wangzuohao\Desktop\ASCº®¼Ù¼¯Ñµ\CYT4BB7_Library-master\Example\Coreboard_Demo\E01_gpio_demo-1\iar\Debug_m7_1\Obj\power_14453085144426420577.dir
[21] = C:\Users\wangzuohao\Desktop\ASCº®¼Ù¼¯Ñµ\CYT4BB7_Library-master\Example\Coreboard_Demo\E01_gpio_demo-1\iar\Debug_m7_1\Obj\prot_10722960861768657883.dir
[22] = C:\Users\wangzuohao\Desktop\ASCº®¼Ù¼¯Ñµ\CYT4BB7_Library-master\Example\Coreboard_Demo\E01_gpio_demo-1\iar\Debug_m7_1\Obj\rev_b_4986922561640112550.dir
[23] = C:\Users\wangzuohao\Desktop\ASCº®¼Ù¼¯Ñµ\CYT4BB7_Library-master\Example\Coreboard_Demo\E01_gpio_demo-1\iar\Debug_m7_1\Obj\rev_b_6162237342861132223.dir
[24] = C:\Users\wangzuohao\Desktop\ASCº®¼Ù¼¯Ñµ\CYT4BB7_Library-master\Example\Coreboard_Demo\E01_gpio_demo-1\iar\Debug_m7_1\Obj\scb_15490842639181808494.dir
[25] = C:\Users\wangzuohao\Desktop\ASCº®¼Ù¼¯Ñµ\CYT4BB7_Library-master\Example\Coreboard_Demo\E01_gpio_demo-1\iar\Debug_m7_1\Obj\sd_host_2982766354293506895.dir
[26] = C:\Users\wangzuohao\Desktop\ASCº®¼Ù¼¯Ñµ\CYT4BB7_Library-master\Example\Coreboard_Demo\E01_gpio_demo-1\iar\Debug_m7_1\Obj\semihosting_143864889731838620.dir
[27] = C:\Users\wangzuohao\Desktop\ASCº®¼Ù¼¯Ñµ\CYT4BB7_Library-master\Example\Coreboard_Demo\E01_gpio_demo-1\iar\Debug_m7_1\Obj\smartio_5451710003740070188.dir
[28] = C:\Users\wangzuohao\Desktop\ASCº®¼Ù¼¯Ñµ\CYT4BB7_Library-master\Example\Coreboard_Demo\E01_gpio_demo-1\iar\Debug_m7_1\Obj\smif_427648126384146252.dir
[29] = C:\Users\wangzuohao\Desktop\ASCº®¼Ù¼¯Ñµ\CYT4BB7_Library-master\Example\Coreboard_Demo\E01_gpio_demo-1\iar\Debug_m7_1\Obj\smif_mem_6470536964353725183.dir
[30] = C:\Users\wangzuohao\Desktop\ASCº®¼Ù¼¯Ñµ\CYT4BB7_Library-master\Example\Coreboard_Demo\E01_gpio_demo-1\iar\Debug_m7_1\Obj\srom_13018798572330080582.dir
[31] = C:\Users\wangzuohao\Desktop\ASCº®¼Ù¼¯Ñµ\CYT4BB7_Library-master\Example\Coreboard_Demo\E01_gpio_demo-1\iar\Debug_m7_1\Obj\startup_479057977785470282.dir
[32] = C:\Users\wangzuohao\Desktop\ASCº®¼Ù¼¯Ñµ\CYT4BB7_Library-master\Example\Coreboard_Demo\E01_gpio_demo-1\iar\Debug_m7_1\Obj\sw_timer_4215635015939382130.dir
[33] = C:\Users\wangzuohao\Desktop\ASCº®¼Ù¼¯Ñµ\CYT4BB7_Library-master\Example\Coreboard_Demo\E01_gpio_demo-1\iar\Debug_m7_1\Obj\sysclk_16149231235676103872.dir
[34] = C:\Users\wangzuohao\Desktop\ASCº®¼Ù¼¯Ñµ\CYT4BB7_Library-master\Example\Coreboard_Demo\E01_gpio_demo-1\iar\Debug_m7_1\Obj\sysflt_12293435975120599261.dir
[35] = C:\Users\wangzuohao\Desktop\ASCº®¼Ù¼¯Ñµ\CYT4BB7_Library-master\Example\Coreboard_Demo\E01_gpio_demo-1\iar\Debug_m7_1\Obj\sysint_7435970359207984181.dir
[36] = C:\Users\wangzuohao\Desktop\ASCº®¼Ù¼¯Ñµ\CYT4BB7_Library-master\Example\Coreboard_Demo\E01_gpio_demo-1\iar\Debug_m7_1\Obj\syslib_16330585751512546975.dir
[37] = C:\Users\wangzuohao\Desktop\ASCº®¼Ù¼¯Ñµ\CYT4BB7_Library-master\Example\Coreboard_Demo\E01_gpio_demo-1\iar\Debug_m7_1\Obj\syspm_10887939769544754770.dir
[38] = C:\Users\wangzuohao\Desktop\ASCº®¼Ù¼¯Ñµ\CYT4BB7_Library-master\Example\Coreboard_Demo\E01_gpio_demo-1\iar\Debug_m7_1\Obj\sysreghc_17676636058511625587.dir
[39] = C:\Users\wangzuohao\Desktop\ASCº®¼Ù¼¯Ñµ\CYT4BB7_Library-master\Example\Coreboard_Demo\E01_gpio_demo-1\iar\Debug_m7_1\Obj\sysreset_14586141425677365288.dir
[40] = C:\Users\wangzuohao\Desktop\ASCº®¼Ù¼¯Ñµ\CYT4BB7_Library-master\Example\Coreboard_Demo\E01_gpio_demo-1\iar\Debug_m7_1\Obj\sysrtc_10747768817563771611.dir
[41] = C:\Users\wangzuohao\Desktop\ASCº®¼Ù¼¯Ñµ\CYT4BB7_Library-master\Example\Coreboard_Demo\E01_gpio_demo-1\iar\Debug_m7_1\Obj\systick_16016591671695740695.dir
[42] = C:\Users\wangzuohao\Desktop\ASCº®¼Ù¼¯Ñµ\CYT4BB7_Library-master\Example\Coreboard_Demo\E01_gpio_demo-1\iar\Debug_m7_1\Obj\syswdt_9118657615806274156.dir
[43] = C:\Users\wangzuohao\Desktop\ASCº®¼Ù¼¯Ñµ\CYT4BB7_Library-master\Example\Coreboard_Demo\E01_gpio_demo-1\iar\Debug_m7_1\Obj\tcpwm_422923530147891246.dir
[44] = C:\Users\wangzuohao\Desktop\ASCº®¼Ù¼¯Ñµ\CYT4BB7_Library-master\Example\Coreboard_Demo\E01_gpio_demo-1\iar\Debug_m7_1\Obj\trigmux_9729677290734583340.dir
[45] = C:\Users\wangzuohao\Desktop\ASCº®¼Ù¼¯Ñµ\CYT4BB7_Library-master\Example\Coreboard_Demo\E01_gpio_demo-1\iar\Debug_m7_1\Obj\user_8514941877209965082.dir
[46] = C:\Users\wangzuohao\Desktop\ASCº®¼Ù¼¯Ñµ\CYT4BB7_Library-master\Example\Coreboard_Demo\E01_gpio_demo-1\iar\Debug_m7_1\Obj\zf_common_1201165462030747823.dir
[47] = C:\Users\wangzuohao\Desktop\ASCº®¼Ù¼¯Ñµ\CYT4BB7_Library-master\Example\Coreboard_Demo\E01_gpio_demo-1\iar\Debug_m7_1\Obj\zf_components_14936052685886095442.dir
[48] = C:\Users\wangzuohao\Desktop\ASCº®¼Ù¼¯Ñµ\CYT4BB7_Library-master\Example\Coreboard_Demo\E01_gpio_demo-1\iar\Debug_m7_1\Obj\zf_device_6570275422786408770.dir
[49] = C:\Users\wangzuohao\Desktop\ASCº®¼Ù¼¯Ñµ\CYT4BB7_Library-master\Example\Coreboard_Demo\E01_gpio_demo-1\iar\Debug_m7_1\Obj\zf_driver_11922370083829174090.dir
[50] = dl7M_tln.a
[51] = m7M_tlv.a
[52] = rt7M_tl.a
[53] = shb_l.a
[54] = zf_device_config.a

  27'524 bytes of readonly  code memory
   9'924 bytes of readonly  data memory
  12'046 bytes of readwrite data memory

Errors: none
Warnings: none
